C51 COMPILER V9.54   MAIN                                                                  05/31/2026 21:32:10 PAGE 1   


C51 COMPILER V9.54, COMPILATION OF MODULE MAIN
OBJECT MODULE PLACED IN .\Objects\main.obj
COMPILER INVOKED BY: D:\Keil_v5\C51\BIN\C51.EXE main.c OPTIMIZE(8,SPEED) BROWSE DEBUG OBJECTEXTEND PRINT(.\Listings\main
                    -.lst) OBJECT(.\Objects\main.obj)

line level    source

   1          #include <REGX51.H>
   2          #include <INTRINS.H>
   3          
   4          void Delaylms(unsigned int xms) {  //@12.000MHz
   5   1          unsigned char i, j;
   6   1          while(xms--){
   7   2                      i = 2;
   8   2                      j = 239;
   9   2                      do{
  10   3                              
  11   3                              while(--j);
  12   3                      }while(--i); // --j和j--的区别是
  13   2              }
  14   1      }
  15          
  16          void main() {
  17   1              
  18   1              while(1) {
  19   2                      P2=0xFE; //1111 1110
  20   2                      Delaylms(20);
  21   2                      P2=0xFD; //1111 1101
  22   2                      Delaylms(20);
  23   2                      
  24   2                      P2=0xFB; //1111 1011
  25   2                      Delaylms(20);
  26   2                      P2=0xF7; //1111 0111
  27   2                      Delaylms(20);
  28   2                      
  29   2                      
  30   2                      P2=0xEF; //1110 1111
  31   2                      Delaylms(20);
  32   2                      P2=0xDF; //1101 1111
  33   2                      Delaylms(20);
  34   2                      
  35   2                      P2=0xBF; //1011 1111
  36   2                      Delaylms(20);
  37   2                      P2=0x7F; //0111 1111
  38   2                      Delaylms(20);
  39   2                      
  40   2              }
  41   1      }
  42          
  43          


MODULE INFORMATION:   STATIC OVERLAYABLE
   CODE SIZE        =     75    ----
   CONSTANT SIZE    =   ----    ----
   XDATA SIZE       =   ----    ----
   PDATA SIZE       =   ----    ----
   DATA SIZE        =   ----    ----
   IDATA SIZE       =   ----    ----
   BIT SIZE         =   ----    ----
END OF MODULE INFORMATION.

C51 COMPILER V9.54   MAIN                                                                  05/31/2026 21:32:10 PAGE 2   


C51 COMPILATION COMPLETE.  0 WARNING(S),  0 ERROR(S)
