C51 COMPILER V9.54   MAIN                                                                  05/31/2026 21:13:37 PAGE 1   


C51 COMPILER V9.54, COMPILATION OF MODULE MAIN
OBJECT MODULE PLACED IN .\Objects\main.obj
COMPILER INVOKED BY: D:\Keil_v5\C51\BIN\C51.EXE main.c OPTIMIZE(8,SPEED) BROWSE DEBUG OBJECTEXTEND PRINT(.\Listings\main
                    -.lst) OBJECT(.\Objects\main.obj)

line level    source

   1          #include <REGX51.H>
   2          #include <INTRINS.H>
   3          
   4          void Delay500ms() {
   5   1          unsigned char i, j, k;
   6   1          _nop_();
   7   1          i = 4;
   8   1          j = 205;
   9   1          k = 187;
  10   1          do {
  11   2              do {
  12   3                  while (--k);
  13   3              } while (--j);
  14   2          } while (--i);
  15   1      }
  16          
  17          void main() {
  18   1          unsigned char a = 2;
  19   1              unsigned char count = 0;
  20   1              unsigned char result;
  21   1      //    P2 = 3;
  22   1              
  23   1          while(1) {
  24   2                      P2=0xFE; //1111 1110
  25   2                      Delay500ms();
  26   2                      P2=0xFD; //1111 1101
  27   2                      Delay500ms();
  28   2                      
  29   2                      P2=0xFB; //1111 1011
  30   2                      Delay500ms();
  31   2                      P2=0xF7; //1111 0111
  32   2                      Delay500ms();
  33   2                      
  34   2                      
  35   2                      P2=0xEF; //1110 1111
  36   2                      Delay500ms();
  37   2                      P2=0xDF; //1101 1111
  38   2                      Delay500ms();
  39   2                      
  40   2                      P2=0xBF; //1011 1111
  41   2                      Delay500ms();
  42   2                      P2=0x7F; //0111 1111
  43   2                      Delay500ms();
  44   2                      
  45   2          }
  46   1      }
*** WARNING C280 IN LINE 20 OF main.c: 'result': unreferenced local variable
  47          
  48          /// 2**n实现流水灯思路拆解
  49          
  50          //void main() {
  51          //    unsigned char num;
  52          //      a = 2;
  53          //      unsigned char count;
C51 COMPILER V9.54   MAIN                                                                  05/31/2026 21:13:37 PAGE 2   

  54          ////    P2 = 3;
  55          //      
  56          //    while(1) {
  57          //        P2 = 0;
  58          //        Delay500ms();
  59          //              P2 = 1;
  60          //              Delay500ms();
  61          //              P2 = 2;
  62          //        Delay500ms();
  63          //              P2 = 4;
  64          //        Delay500ms();
  65          //              P2 = 8;
  66          //        Delay500ms();
  67          //    }
  68          //}
  69          
  70          
  71          /// 算数运算效果实现
  72          
  73          
  74          //void main() {
  75          //    unsigned char counter = 0;
  76          //    
  77          //    while(1) {
  78          //        // 直接输出数值到P2
  79          //        P2 = counter;
  80          //        
  81          //        // 延时500ms
  82          //        Delay500ms();
  83          //        
  84          //        // 数值递增（自动溢出：255→0）
  85          //        counter++;
  86          //        
  87          //        // 可选：显示当前数值（通过其他方式）
  88          //        // 数值范围：0→255，对应十六进制：0x00→0xFF
  89          //    }
  90          //}


MODULE INFORMATION:   STATIC OVERLAYABLE
   CODE SIZE        =     70    ----
   CONSTANT SIZE    =   ----    ----
   XDATA SIZE       =   ----    ----
   PDATA SIZE       =   ----    ----
   DATA SIZE        =   ----       3
   IDATA SIZE       =   ----    ----
   BIT SIZE         =   ----    ----
END OF MODULE INFORMATION.


C51 COMPILATION COMPLETE.  1 WARNING(S),  0 ERROR(S)
