C51 COMPILER V9.54   MAIN                                                                  06/05/2026 17:21:13 PAGE 1   


C51 COMPILER V9.54, COMPILATION OF MODULE MAIN
OBJECT MODULE PLACED IN .\Objects\main.obj
COMPILER INVOKED BY: D:\Keil_v5\C51\BIN\C51.EXE main.c OPTIMIZE(8,SPEED) BROWSE DEBUG OBJECTEXTEND PRINT(.\Listings\main
                    -.lst) OBJECT(.\Objects\main.obj)

line level    source

   1          #include <REGX52.H>
   2          #include <INTRINS.H>
   3          #include "Timer0.h"
   4          #include "MatrixKey.h"
   5          
   6          /*
   7          外部引脚控制时钟相当于计数器
   8          
   9          0000 是前四位时钟控制，即为T1 
  10          0001 为启用后四位时钟控制，即为T2
  11          
  12          因为定时器是不可赋值的（查看官方文档）
  13          TMOD=0x01; // 0000 0001 是赋值操作
  14          因此需要改用 &| 与或式赋值法
  15          
  16          TMOD=TMOD&0xF0; //把TMOD的低四位清零，高四位保持不变
  17          1010 0011
  18          1010 0011 & 1111 0000 = 1010 0000 （都1才1）
  19          
  20          1010 0000
  21          1010 0000 | 0000 0001 = 1010 0001 （有1就1）
  22          
  23          
  24          
  25          //      TL0=0x18;TH0=0xFC;将65536转化成16进制的方法也可以，但是这种方法初始值要设置成
             -65536
  26          
  27          
  28          
  29          0~65535
  30          每隔1us计数+1
  31          总共定时时间65535us
  32          11.0952(晶振频率)的溢出值应该是1085，从64450开始计时
  33          初值 = 65536 - （定格时间 * 晶振频率 / 12）
  34          
  35          同时计时器在超过最大值1111 1111
  36          会溢出重置，并且变成0000 0000
  37          
  38          a=_crol_(a,1); //0x01 << >>
  39          
  40          */
  41          
  42          unsigned char KeyNum,LEDMode;   
  43          
  44          void main(){
  45   1              P2=0xFE;
  46   1              Timer0Init();
  47   1              
  48   1          while(1){
  49   2                      KeyNum=MatrixKey();
  50   2                      if(KeyNum==1){
  51   3                              LEDMode++;
  52   3                              if(LEDMode>=2)LEDMode=0;
  53   3                      }
C51 COMPILER V9.54   MAIN                                                                  06/05/2026 17:21:13 PAGE 2   

  54   2          }
  55   1      }
  56          
  57          //unsigned int T0Count;
  58          void Timer0_Routine() interrupt 1{
  59   1              static unsigned int T0Count;
  60   1              TL0=0x18;
  61   1              TH0=0xFC;
  62   1              T0Count++;
  63   1      //      if(T0Count>=500){
  64   1      //              T0Count=0;
  65   1      //              P2_0=~P2_0; // 取反
  66   1      //      }
  67   1              if(T0Count>=500){
  68   2                      T0Count=0; // 定时器重置
  69   2                      if(LEDMode==0) // _cror_ 移位操作
  70   2                              P2=_cror_(P2, 1); // 左移一位
  71   2                      if(LEDMode==1)
  72   2                              P2=_cror_(P2, 1); // 右移一位
  73   2              }
  74   1      
  75   1      }
  76          


MODULE INFORMATION:   STATIC OVERLAYABLE
   CODE SIZE        =    114    ----
   CONSTANT SIZE    =   ----    ----
   XDATA SIZE       =   ----    ----
   PDATA SIZE       =   ----    ----
   DATA SIZE        =      4    ----
   IDATA SIZE       =   ----    ----
   BIT SIZE         =   ----    ----
END OF MODULE INFORMATION.


C51 COMPILATION COMPLETE.  0 WARNING(S),  0 ERROR(S)
