C51 COMPILER V9.54   MAIN                                                                  06/01/2026 22:14:14 PAGE 1   


C51 COMPILER V9.54, COMPILATION OF MODULE MAIN
OBJECT MODULE PLACED IN .\Objects\main.obj
COMPILER INVOKED BY: D:\Keil_v5\C51\BIN\C51.EXE main.c OPTIMIZE(8,SPEED) BROWSE DEBUG OBJECTEXTEND PRINT(.\Listings\main
                    -.lst) OBJECT(.\Objects\main.obj)

line level    source

   1          #include <REGX52.H>
   2          #include <INTRINS.H>
   3          #include "Delay.h"
   4          #include "Nixie.h"
   5          
   6                  
   7          void main() {
   8   1              int i,j,carry;
   9   1              carry=8;
  10   1              
  11   1      //      Nixie(7, 9);
  12   1      
  13   1          while(1) {
  14   2                      
  15   2                      //更好的思路
  16   2                      for(i=1;i<=99;i++){
  17   3                              Nixie(6, (i / 10) % 10);
  18   3                              Delay(20);
  19   3                              Nixie(6, i / 10);
  20   3                              Delay(20);
  21   3                              Nixie(7, i % 10);
  22   3                              Delay(20);
  23   3                      }
  24   2      
  25   2          }
  26   1      }
*** WARNING C280 IN LINE 8 OF main.c: 'j': unreferenced local variable
  27          


MODULE INFORMATION:   STATIC OVERLAYABLE
   CODE SIZE        =    111    ----
   CONSTANT SIZE    =   ----    ----
   XDATA SIZE       =   ----    ----
   PDATA SIZE       =   ----    ----
   DATA SIZE        =   ----       6
   IDATA SIZE       =   ----    ----
   BIT SIZE         =   ----    ----
END OF MODULE INFORMATION.


C51 COMPILATION COMPLETE.  1 WARNING(S),  0 ERROR(S)
