C51 COMPILER V9.54   MAIN                                                                  06/01/2026 22:42:15 PAGE 1   


C51 COMPILER V9.54, COMPILATION OF MODULE MAIN
OBJECT MODULE PLACED IN .\Objects\main.obj
COMPILER INVOKED BY: D:\Keil_v5\C51\BIN\C51.EXE main.c OPTIMIZE(8,SPEED) BROWSE DEBUG OBJECTEXTEND PRINT(.\Listings\main
                    -.lst) OBJECT(.\Objects\main.obj)

line level    source

   1          #include <REGX52.H>
   2          #include <INTRINS.H>
   3          #include "Delay.h"
   4          #include "Nixie.h"
   5          #include "LCD1602.h"
   6          
   7          void main() {
   8   1              int num=0;
   9   1              // 先初始化
  10   1              LCD_Init();
  11   1              
  12   1      //      LCD_ShowChar(1,1,"A");
  13   1      //      LCD_ShowString(1,1,"HelloWorld!");
  14   1      //      LCD_ShowNum(1,9,123,3);
  15   1      //      LCD_ShowSignedNum(1,13,-66,2);
  16   1      //      LCD_ShowHexNum(2,1,0xA8,2);
  17   1      //      LCD_ShowBinNum(2,4,0xAA,8);
  18   1      
  19   1          while(1) {
  20   2                      num++;
  21   2                      
  22   2                      LCD_ShowNum(1,9,num,3);
  23   2                      Delay(100);
  24   2      
  25   2          }
  26   1      }
  27          


MODULE INFORMATION:   STATIC OVERLAYABLE
   CODE SIZE        =     38    ----
   CONSTANT SIZE    =   ----    ----
   XDATA SIZE       =   ----    ----
   PDATA SIZE       =   ----    ----
   DATA SIZE        =   ----       2
   IDATA SIZE       =   ----    ----
   BIT SIZE         =   ----    ----
END OF MODULE INFORMATION.


C51 COMPILATION COMPLETE.  0 WARNING(S),  0 ERROR(S)
