C51 COMPILER V9.54   MAIN                                                                  06/14/2026 16:57:47 PAGE 1   


C51 COMPILER V9.54, COMPILATION OF MODULE MAIN
OBJECT MODULE PLACED IN .\Objects\main.obj
COMPILER INVOKED BY: D:\Keil_v5\C51\BIN\C51.EXE main.c OPTIMIZE(8,SPEED) BROWSE DEBUG OBJECTEXTEND PRINT(.\Listings\main
                    -.lst) OBJECT(.\Objects\main.obj)

line level    source

   1          #include <REGX52.H>
   2          #include "Timer0.h"
   3          #include "Key.h"
   4          #include "Delay.h"
   5          #include "Nixie.h"
   6          
   7          sbit DA=P2^1;
   8          
   9          //分别定义定时器和比较值
  10          //定时器为0-100
  11          //通过定义Compare的比较值，即可实现PWM频率控制
  12          unsigned char Counter,Compare;
  13          unsigned char KeyNum;
  14          unsigned char Speed;
  15          unsigned char i;
  16          
  17          void main(){
  18   1              Timer0Init();   
  19   1          while(1){
  20   2                      for(i=0;i<100;i++){
  21   3                              Compare=i;
  22   3                              Delay(10);
  23   3                      }
  24   2                      for(i=100;i>0;i--){
  25   3                              Compare=i;
  26   3                              Delay(10);
  27   3                      }
  28   2          }
  29   1      }
  30          
  31          void Timer0_Routine() interrupt 1{
  32   1              TL0 = 0x9C;             //设置定时初值
  33   1              TH0 = 0xFF;             //设置定时初值
  34   1              
  35   1              Counter++;
  36   1              Counter%=100;
  37   1              
  38   1              if(Counter<Compare){
  39   2                      DA=1;
  40   2              }else{
  41   2                      DA=0;
  42   2              }
  43   1              
  44   1      }


MODULE INFORMATION:   STATIC OVERLAYABLE
   CODE SIZE        =     92    ----
   CONSTANT SIZE    =   ----    ----
   XDATA SIZE       =   ----    ----
   PDATA SIZE       =   ----    ----
   DATA SIZE        =      5    ----
   IDATA SIZE       =   ----    ----
   BIT SIZE         =   ----    ----
C51 COMPILER V9.54   MAIN                                                                  06/14/2026 16:57:47 PAGE 2   

END OF MODULE INFORMATION.


C51 COMPILATION COMPLETE.  0 WARNING(S),  0 ERROR(S)
