C51 COMPILER V9.54   ONEWIRE                                                               06/14/2026 17:00:05 PAGE 1   


C51 COMPILER V9.54, COMPILATION OF MODULE ONEWIRE
OBJECT MODULE PLACED IN .\Objects\OneWire.obj
COMPILER INVOKED BY: D:\Keil_v5\C51\BIN\C51.EXE OneWire.c OPTIMIZE(8,SPEED) BROWSE DEBUG OBJECTEXTEND PRINT(.\Listings\O
                    -neWire.lst) OBJECT(.\Objects\OneWire.obj)

line level    source

   1          #include <REGX52.H>
   2          
   3          sbit OneWire_DQ=P3^7;
   4          
   5          unsigned char AckBit;
   6          
   7          
   8          unsigned char OneWire_Init(void){
   9   1              /*
  10   1              根据数据手册示意，先拉高电平，再拉低
  11   1              */
  12   1              unsigned char i;
  13   1              OneWire_DQ=1;
  14   1              OneWire_DQ=0;
  15   1              i = 247;while(--i);  // Delay 500us
  16   1              OneWire_DQ=1;
  17   1              i = 32;while(--i);  // Delay 70us
  18   1              AckBit=OneWire_DQ;
  19   1              i = 247;while(--i);  // Delay 500us
  20   1              return AckBit;
  21   1      }
  22          
  23          void OneWire_SendBit(unsigned char Bit){
  24   1              unsigned char i;
  25   1              
  26   1              EA=0;
  27   1              
  28   1              OneWire_DQ=0;
  29   1              i = 4;while(--i);       // Delay 10us
  30   1              OneWire_DQ=Bit;
  31   1              i = 24;while(--i);          //Delay 50us
  32   1              OneWire_DQ=1;
  33   1              
  34   1              EA=1;
  35   1      }
  36          
  37          unsigned char OneWire_ReceiveBit(void){
  38   1              unsigned char i;
  39   1              unsigned char Bit;
  40   1              
  41   1              EA=0;
  42   1              OneWire_DQ=0;                   
  43   1              i = 2;while(--i);               //Delay 5us
  44   1              OneWire_DQ=1;                   
  45   1              i = 2;while(--i);               //Delay 5us
  46   1              Bit=OneWire_DQ;
  47   1              i = 24;while(--i);          //Delay 50us
  48   1              
  49   1              EA=1;
  50   1              
  51   1              return Bit;
  52   1      }
  53          
  54          //发送字节
C51 COMPILER V9.54   ONEWIRE                                                               06/14/2026 17:00:05 PAGE 2   

  55          void OneWire_SendByte(unsigned char Byte){
  56   1              unsigned char i;
  57   1              for(i=0;i<8;i++){
  58   2                      OneWire_SendBit(Byte&(0x01<<i));
  59   2              }       
  60   1      }
  61          
  62          //接受字节
  63          unsigned char OneWire_ReceiveByte(void){
  64   1              unsigned char i;
  65   1              unsigned char Byte=0;
  66   1              for(i=0;i<8;i++){
  67   2                      if(OneWire_ReceiveBit()){
  68   3                              Byte|=(0x01<<i);
  69   3                      }
  70   2              }
  71   1              
  72   1              return Byte;
  73   1      }


MODULE INFORMATION:   STATIC OVERLAYABLE
   CODE SIZE        =    131    ----
   CONSTANT SIZE    =   ----    ----
   XDATA SIZE       =   ----    ----
   PDATA SIZE       =   ----    ----
   DATA SIZE        =      1    ----
   IDATA SIZE       =   ----    ----
   BIT SIZE         =   ----    ----
END OF MODULE INFORMATION.


C51 COMPILATION COMPLETE.  0 WARNING(S),  0 ERROR(S)
