C51 COMPILER V9.54   MAIN                                                                  06/06/2026 16:16:03 PAGE 1   


C51 COMPILER V9.54, COMPILATION OF MODULE MAIN
OBJECT MODULE PLACED IN .\Objects\main.obj
COMPILER INVOKED BY: D:\Keil_v5\C51\BIN\C51.EXE main.c OPTIMIZE(8,SPEED) BROWSE DEBUG OBJECTEXTEND PRINT(.\Listings\main
                    -.lst) OBJECT(.\Objects\main.obj)

line level    source

   1          #include <REGX52.H>
   2          #include "Delay.h"
   3          #include "LCD1602.h"
   4          #include "DS1302.h"
   5          
   6          void main(){
   7   1          LCD_Init();
   8   1          DS1302_Init();
*** WARNING C206 IN LINE 8 OF main.c: 'DS1302_Init': missing function-prototype
   9   1          
  10   1          LCD_ShowString(1, 1, "Date:");
  11   1          LCD_ShowString(2, 1, "Time:");
  12   1          
  13   1          // 首次使用设置时间（设置一次后可以注释掉）
  14   1          DS1302_SetTime();
  15   1          
  16   1          while(1){   
  17   2              // 读取时间
  18   2              DS1302_ReadTime();
  19   2              
  20   2              // 显示日期：年-月-日
  21   2              LCD_ShowNum(1, 6, DS1302_Time[0], 2);  // 年
  22   2              LCD_ShowChar(1, 8, '-');
  23   2              LCD_ShowNum(1, 9, DS1302_Time[1], 2);  // 月
  24   2              LCD_ShowChar(1, 11, '-');
  25   2              LCD_ShowNum(1, 12, DS1302_Time[2], 2); // 日
  26   2              
  27   2              // 显示时间：时:分:秒
  28   2              LCD_ShowNum(2, 6, DS1302_Time[3], 2);  // 时
  29   2              LCD_ShowChar(2, 8, ':');
  30   2              LCD_ShowNum(2, 9, DS1302_Time[4], 2);  // 分
  31   2              LCD_ShowChar(2, 11, ':');
  32   2              LCD_ShowNum(2, 12, DS1302_Time[5], 2); // 秒
  33   2              
  34   2              Delay(100);
  35   2          }
  36   1      }


MODULE INFORMATION:   STATIC OVERLAYABLE
   CODE SIZE        =    174    ----
   CONSTANT SIZE    =     12    ----
   XDATA SIZE       =   ----    ----
   PDATA SIZE       =   ----    ----
   DATA SIZE        =   ----    ----
   IDATA SIZE       =   ----    ----
   BIT SIZE         =   ----    ----
END OF MODULE INFORMATION.


C51 COMPILATION COMPLETE.  1 WARNING(S),  0 ERROR(S)
