C51 COMPILER V9.54   MOTOR                                                                 06/15/2026 19:02:46 PAGE 1   


C51 COMPILER V9.54, COMPILATION OF MODULE MOTOR
OBJECT MODULE PLACED IN .\Objects\Motor.obj
COMPILER INVOKED BY: D:\Keil_v5\C51\BIN\C51.EXE Motor.c OPTIMIZE(8,SPEED) BROWSE DEBUG OBJECTEXTEND PRINT(.\Listings\Mot
                    -or.lst) OBJECT(.\Objects\Motor.obj)

line level    source

   1          #include <REGX52.H>
   2          #include "Timer1.h"
   3          
   4          sbit LED = P2^0;
   5          sbit Motor = P1^0;
   6          
   7          unsigned char Counter = 0;   // 初始化为0
   8          unsigned char Compare = 0;   // 初始化为0
   9          
  10          void Motor_Init(void){
  11   1          Timer1Init();
  12   1          // 启动定时器
  13   1          TR1 = 1;  // 添加这一行！
  14   1      }
  15          
  16          void Motor_SetSpeed(unsigned char Speed){
  17   1          Compare = Speed;  // 设置占空比 0-100
  18   1      }
  19          
  20          void Timer1_Routine() interrupt 3{
  21   1          TL1 = 0x18;
  22   1          TH1 = 0xFC;  // 1ms
  23   1          
  24   1          Counter++;
  25   1          if(Counter >= 100) Counter = 0;  // 0-99
  26   1          
  27   1          if(Counter < Compare){
  28   2              Motor = 1;
  29   2              LED = 0;
  30   2          } else {
  31   2              Motor = 0;
  32   2              LED = 1;
  33   2          }
  34   1      }


MODULE INFORMATION:   STATIC OVERLAYABLE
   CODE SIZE        =     53    ----
   CONSTANT SIZE    =   ----    ----
   XDATA SIZE       =   ----    ----
   PDATA SIZE       =   ----    ----
   DATA SIZE        =      2    ----
   IDATA SIZE       =   ----    ----
   BIT SIZE         =   ----    ----
END OF MODULE INFORMATION.


C51 COMPILATION COMPLETE.  0 WARNING(S),  0 ERROR(S)
