C51 COMPILER V9.54   TIMER1                                                                06/15/2026 17:55:18 PAGE 1   


C51 COMPILER V9.54, COMPILATION OF MODULE TIMER1
OBJECT MODULE PLACED IN .\Objects\Timer1.obj
COMPILER INVOKED BY: D:\Keil_v5\C51\BIN\C51.EXE Timer1.c OPTIMIZE(8,SPEED) BROWSE DEBUG OBJECTEXTEND PRINT(.\Listings\Ti
                    -mer1.lst) OBJECT(.\Objects\Timer1.obj)

line level    source

   1          #include <REGX52.H>
   2          
   3          //多个中断控制，使用两个Time，另一个用Timer0，这个用Timer1
   4          void Timer1Init(void)           //1毫秒@12.000MHz
   5          {
   6   1      //      TMOD &= 0xF0;           //设置定时器模式
   7   1      //      TMOD |= 0x01;           //设置定时器模式
   8   1              TMOD &= 0x0F;           //设置定时器模式
   9   1              TMOD |= 0x10;           //设置定时器模式
  10   1              TL1 = 0x9C;             //设置定时初值
  11   1              TH1 = 0xFF;             //设置定时初值
  12   1              
  13   1              TF1 = 0;                //清除TF0标志
  14   1              TR1 = 1;                //定时器0开始计时
  15   1              
  16   1              //不需要中断
  17   1              ET1 = 1;    //注意需要加上通道启动的控制
  18   1          EA = 1;     // ← 加上这行
  19   1              
  20   1              PT1=0;
  21   1      }
  22          
  23          
  24          ////unsigned int T0Count;
  25          //void Timer0_Routine() interrupt 1{
  26          //      static unsigned int T0Count;
  27          //      TL0=0x18;
  28          //      TH0=0xFC;
  29          //      T0Count++;
  30          //      if(T0Count>=1000){
  31          //              T0Count=0; // 定时器重置
  32          //      }
  33          
  34          //}


MODULE INFORMATION:   STATIC OVERLAYABLE
   CODE SIZE        =     23    ----
   CONSTANT SIZE    =   ----    ----
   XDATA SIZE       =   ----    ----
   PDATA SIZE       =   ----    ----
   DATA SIZE        =   ----    ----
   IDATA SIZE       =   ----    ----
   BIT SIZE         =   ----    ----
END OF MODULE INFORMATION.


C51 COMPILATION COMPLETE.  0 WARNING(S),  0 ERROR(S)
