C51 COMPILER V9.54   TIMER0                                                                06/15/2026 18:52:29 PAGE 1   


C51 COMPILER V9.54, COMPILATION OF MODULE TIMER0
OBJECT MODULE PLACED IN .\Objects\Timer0.obj
COMPILER INVOKED BY: D:\Keil_v5\C51\BIN\C51.EXE Timer0.c OPTIMIZE(8,SPEED) BROWSE DEBUG OBJECTEXTEND PRINT(.\Listings\Ti
                    -mer0.lst) OBJECT(.\Objects\Timer0.obj)

line level    source

   1          #include <REGX52.H>
   2          
   3          void Timer0Init(void)           //1毫秒@12.000MHz
   4          {
   5   1              TMOD &= 0xF0;           //设置定时器模式
   6   1              TMOD |= 0x01;           //设置定时器模式
   7   1              TL0 = 0;                //设置定时初值
   8   1              TH0 = 0;                //设置定时初值
   9   1              
  10   1              TF0 = 0;                //清除TF0标志
  11   1              TR0 = 0;                //定时器0开始计时
  12   1              
  13   1              //不需要中断
  14   1      //      ET0 = 1;    //注意需要加上通道启动的控制
  15   1      //    EA = 1;     // ← 加上这行
  16   1      }
  17          
  18          void Timer0_SetCounter(unsigned int Value){
  19   1              TH0=Value/256;  //取余
  20   1              TL0=Value%256;  //取余
  21   1      }
  22          
  23          unsigned int Timer0_GetCounter(void){
  24   1              return (TH0<<8) | TL0;
  25   1      }
  26          
  27          void Timer0_Run(unsigned char Flag){
  28   1              TR0=Flag;
  29   1      }


MODULE INFORMATION:   STATIC OVERLAYABLE
   CODE SIZE        =     42    ----
   CONSTANT SIZE    =   ----    ----
   XDATA SIZE       =   ----    ----
   PDATA SIZE       =   ----    ----
   DATA SIZE        =   ----    ----
   IDATA SIZE       =   ----    ----
   BIT SIZE         =   ----    ----
END OF MODULE INFORMATION.


C51 COMPILATION COMPLETE.  0 WARNING(S),  0 ERROR(S)
