C51 COMPILER V9.54   BUZZER                                                                06/07/2026 11:54:36 PAGE 1   


C51 COMPILER V9.54, COMPILATION OF MODULE BUZZER
OBJECT MODULE PLACED IN .\Objects\Buzzer.obj
COMPILER INVOKED BY: D:\Keil_v5\C51\BIN\C51.EXE Buzzer.c OPTIMIZE(8,SPEED) BROWSE DEBUG OBJECTEXTEND PRINT(.\Listings\Bu
                    -zzer.lst) OBJECT(.\Objects\Buzzer.obj)

line level    source

   1          #include <REGX52.H>
   2          #include "Delay.h"
   3          #include "INTRINS.H"
   4          
   5          //定义蜂鸣器口
   6          sbit Buzzer=P2^5;
   7          
   8          void Buzzer_Delay500us(){
   9   1              unsigned char i;
  10   1      
  11   1              _nop_();
  12   1              i = 247;
  13   1              while (--i);
  14   1      }
  15          
  16          
  17          void Buzzer_Time(unsigned int ms){
  18   1              unsigned char i;
  19   1              //因为改成毫秒了，延时要×2
  20   1              for(i=0;i<ms*2;i++){
  21   2                      Buzzer=~Buzzer;
  22   2                      Buzzer_Delay500us();
  23   2              }
  24   1      }


MODULE INFORMATION:   STATIC OVERLAYABLE
   CODE SIZE        =     35    ----
   CONSTANT SIZE    =   ----    ----
   XDATA SIZE       =   ----    ----
   PDATA SIZE       =   ----    ----
   DATA SIZE        =   ----    ----
   IDATA SIZE       =   ----    ----
   BIT SIZE         =   ----    ----
END OF MODULE INFORMATION.


C51 COMPILATION COMPLETE.  0 WARNING(S),  0 ERROR(S)
