BL51 BANKED LINKER/LOCATER V6.22                                                        06/07/2026  11:55:11  PAGE 1


BL51 BANKED LINKER/LOCATER V6.22, INVOKED BY:
D:\KEIL_V5\C51\BIN\BL51.EXE .\Objects\main.obj, .\Objects\Delay.obj, .\Objects\LCD1602.obj, .\Objects\MatrixKey.obj, .\O
>> bjects\Timer0.obj, .\Objects\DS1302.obj, .\Objects\Nixie.obj, .\Objects\Key.obj, .\Objects\Buzzer.obj TO .\Objects\Pr
>> oject PRINT (.\Listings\Project.m51) DISABLEWARNING (16)


MEMORY MODEL: SMALL


INPUT MODULES INCLUDED:
  .\Objects\main.obj (MAIN)
  .\Objects\Delay.obj (DELAY)
  .\Objects\LCD1602.obj (LCD1602)
  .\Objects\MatrixKey.obj (MATRIXKEY)
  .\Objects\Timer0.obj (TIMER0)
  .\Objects\DS1302.obj (DS1302)
  .\Objects\Nixie.obj (NIXIE)
  .\Objects\Key.obj (KEY)
  .\Objects\Buzzer.obj (BUZZER)
  D:\KEIL_V5\C51\LIB\C51S.LIB (?C_STARTUP)
  D:\KEIL_V5\C51\LIB\C51S.LIB (?C?CLDOPTR)
  D:\KEIL_V5\C51\LIB\C51S.LIB (?C?IMUL)
  D:\KEIL_V5\C51\LIB\C51S.LIB (?C?UIDIV)
  D:\KEIL_V5\C51\LIB\C51S.LIB (?C_INIT)


LINK MAP OF MODULE:  .\Objects\Project (MAIN)


            TYPE    BASE      LENGTH    RELOCATION   SEGMENT NAME
            -----------------------------------------------------

            * * * * * * *   D A T A   M E M O R Y   * * * * * * *
            REG     0000H     0008H     ABSOLUTE     "REG BANK 0"
            DATA    0008H     000AH     UNIT         ?DT?NIXIE
            DATA    0012H     0007H     UNIT         ?DT?_LCD_SHOWSIGNEDNUM?LCD1602
            DATA    0019H     0007H     UNIT         ?DT?DS1302
            DATA    0020H     0005H     UNIT         ?DT?_LCD_SHOWNUM?LCD1602
            DATA    0025H     0005H     UNIT         ?DT?_LCD_SHOWHEXNUM?LCD1602
            DATA    002AH     0005H     UNIT         ?DT?_LCD_SHOWBINNUM?LCD1602
            DATA    002FH     0004H     UNIT         ?DT?_LCD_POW?LCD1602
            DATA    0033H     0003H     UNIT         ?DT?_LCD_SHOWSTRING?LCD1602
            DATA    0036H     0002H     UNIT         ?DT?_DS1302_WRITEBYTE?DS1302
            DATA    0038H     0001H     UNIT         ?DT?MAIN
            DATA    0039H     0001H     UNIT         ?DT?MATRIXKEY?MATRIXKEY
            DATA    003AH     0001H     UNIT         _DATA_GROUP_
            IDATA   003BH     0001H     UNIT         ?STACK

            * * * * * * *   C O D E   M E M O R Y   * * * * * * *
            CODE    0000H     0003H     ABSOLUTE     
                    0003H     07FDH                  *** GAP ***
            CODE    0800H     0189H     UNIT         ?PR?MATRIXKEY?MATRIXKEY
            CODE    0989H     00E1H     UNIT         ?PR?DS1302_SETTIME?DS1302
            CODE    0A6AH     0094H     UNIT         ?C?LIB_CODE
            CODE    0AFEH     008DH     UNIT         ?PR?DS1302_READTIME?DS1302
            CODE    0B8BH     008CH     UNIT         ?C_C51STARTUP
            CODE    0C17H     0063H     UNIT         ?PR?_NIXIE?NIXIE
            CODE    0C7AH     0061H     UNIT         ?PR?KEY?KEY
BL51 BANKED LINKER/LOCATER V6.22                                                      06/07/2026  11:55:11  PAGE 2


            CODE    0CDBH     005DH     UNIT         ?PR?_DS1302_WRITEBYTE?DS1302
            CODE    0D38H     004EH     UNIT         ?PR?_DS1302_READBYTE?DS1302
            CODE    0D86H     003AH     UNIT         ?PR?_LCD_SHOWSIGNEDNUM?LCD1602
            CODE    0DC0H     0039H     UNIT         ?PR?_LCD_SHOWHEXNUM?LCD1602
            CODE    0DF9H     0038H     UNIT         ?PR?_LCD_SHOWBINNUM?LCD1602
            CODE    0E31H     0033H     UNIT         ?PR?_LCD_POW?LCD1602
            CODE    0E64H     0023H     UNIT         ?PR?_LCD_SHOWSTRING?LCD1602
            CODE    0E87H     0020H     UNIT         ?PR?MAIN?MAIN
            CODE    0EA7H     001EH     UNIT         ?PR?_LCD_WRITEDATA?LCD1602
            CODE    0EC5H     001DH     UNIT         ?PR?_LCD_SHOWNUM?LCD1602
            CODE    0EE2H     001DH     UNIT         ?PR?_BUZZER_TIME?BUZZER
            CODE    0EFFH     0016H     UNIT         ?PR?_LCD_SETCURSOR?LCD1602
            CODE    0F15H     0016H     UNIT         ?C_INITSEG
            CODE    0F2BH     0015H     UNIT         ?PR?_DELAY?DELAY
            CODE    0F40H     0015H     UNIT         ?PR?TIMER0INIT?TIMER0
            CODE    0F55H     0014H     UNIT         ?PR?LCD_INIT?LCD1602
            CODE    0F69H     000FH     UNIT         ?PR?LCD_DELAY?LCD1602
            CODE    0F78H     000AH     UNIT         ?PR?_LCD_WRITECOMMAND?LCD1602
            CODE    0F82H     000AH     UNIT         ?PR?_LCD_SHOWCHAR?LCD1602
            CODE    0F8CH     0006H     UNIT         ?PR?BUZZER_DELAY500US?BUZZER
            CODE    0F92H     0005H     UNIT         ?PR?DS1302_INIT?DS1302



OVERLAY MAP OF MODULE:   .\Objects\Project (MAIN)


SEGMENT                                  DATA_GROUP 
  +--> CALLED SEGMENT                  START    LENGTH
------------------------------------------------------
?C_C51STARTUP                          -----    -----
  +--> ?PR?MAIN?MAIN
  +--> ?C_INITSEG

?PR?MAIN?MAIN                          -----    -----
  +--> ?PR?_NIXIE?NIXIE
  +--> ?PR?KEY?KEY
  +--> ?PR?_BUZZER_TIME?BUZZER

?PR?KEY?KEY                            003AH    0001H
  +--> ?PR?_DELAY?DELAY

?PR?_BUZZER_TIME?BUZZER                -----    -----
  +--> ?PR?BUZZER_DELAY500US?BUZZER



SYMBOL TABLE OF MODULE:  .\Objects\Project (MAIN)

  VALUE           TYPE          NAME
  ----------------------------------

  -------         MODULE        MAIN
  C:0000H         SYMBOL        _ICE_DUMMY_
  C:0E87H         PUBLIC        main
  D:0038H         PUBLIC        KeyNum
  -------         PROC          MAIN
BL51 BANKED LINKER/LOCATER V6.22                                                      06/07/2026  11:55:11  PAGE 3


  C:0E87H         LINE#         9
  C:0E87H         LINE#         10
  C:0E8EH         LINE#         11
  C:0E8EH         LINE#         12
  C:0E93H         LINE#         13
  C:0E97H         LINE#         14
  C:0E97H         LINE#         15
  C:0E9EH         LINE#         16
  C:0EA5H         LINE#         17
  C:0EA5H         LINE#         18
  -------         ENDPROC       MAIN
  -------         ENDMOD        MAIN

  -------         MODULE        DELAY
  C:0000H         SYMBOL        _ICE_DUMMY_
  C:0F2BH         PUBLIC        _Delay
  -------         PROC          _DELAY
  D:0006H         SYMBOL        xms
  -------         DO            
  D:0005H         SYMBOL        i
  D:0004H         SYMBOL        j
  -------         ENDDO         
  C:0F2BH         LINE#         4
  C:0F2BH         LINE#         6
  C:0F35H         LINE#         7
  C:0F37H         LINE#         8
  C:0F39H         LINE#         9
  C:0F39H         LINE#         10
  C:0F3BH         LINE#         11
  C:0F3DH         LINE#         12
  C:0F3FH         LINE#         13
  -------         ENDPROC       _DELAY
  -------         ENDMOD        DELAY

  -------         MODULE        LCD1602
  C:0000H         SYMBOL        _ICE_DUMMY_
  D:0080H         PUBLIC        P0
  D:00A0H         PUBLIC        P2
  C:0F78H         PUBLIC        _LCD_WriteCommand
  C:0EC5H         PUBLIC        _LCD_ShowNum
  C:0DF9H         PUBLIC        _LCD_ShowBinNum
  C:0F6FH         PUBLIC        LCD_Delay
  C:0DC0H         PUBLIC        _LCD_ShowHexNum
  C:0EBBH         PUBLIC        _LCD_WriteData
  B:00A0H.7       PUBLIC        LCD_EN
  C:0F55H         PUBLIC        LCD_Init
  C:0E64H         PUBLIC        _LCD_ShowString
  C:0F82H         PUBLIC        _LCD_ShowChar
  B:00A0H.6       PUBLIC        LCD_RS
  B:00A0H.5       PUBLIC        LCD_RW
  C:0EFFH         PUBLIC        _LCD_SetCursor
  C:0D86H         PUBLIC        _LCD_ShowSignedNum
  C:0E3DH         PUBLIC        _LCD_Pow
  -------         PROC          L?0048
  -------         ENDPROC       L?0048
  -------         PROC          LCD_DELAY
  -------         DO            
BL51 BANKED LINKER/LOCATER V6.22                                                      06/07/2026  11:55:11  PAGE 4


  D:0007H         SYMBOL        i
  D:0006H         SYMBOL        j
  -------         ENDDO         
  C:0F6FH         LINE#         15
  C:0F6FH         LINE#         16
  C:0F6FH         LINE#         19
  C:0F71H         LINE#         20
  C:0F73H         LINE#         22
  C:0F73H         LINE#         23
  C:0F75H         LINE#         24
  C:0F77H         LINE#         25
  -------         ENDPROC       LCD_DELAY
  -------         PROC          _LCD_WRITECOMMAND
  D:0007H         SYMBOL        Command
  C:0F78H         LINE#         32
  C:0F78H         LINE#         33
  C:0F78H         LINE#         34
  C:0F7AH         LINE#         35
  C:0F7AH         LINE#         36
  C:0F7AH         LINE#         37
  C:0F7AH         LINE#         38
  C:0F7DH         LINE#         39
  C:0F7FH         LINE#         40
  -------         ENDPROC       _LCD_WRITECOMMAND
  -------         PROC          L?0047
  -------         ENDPROC       L?0047
  -------         PROC          _LCD_WRITEDATA
  D:0007H         SYMBOL        Data
  C:0EBBH         LINE#         48
  C:0EBBH         LINE#         49
  C:0EBBH         LINE#         50
  C:0EBDH         LINE#         51
  C:0EBDH         LINE#         52
  C:0EBDH         LINE#         53
  C:0EBDH         LINE#         54
  C:0EC0H         LINE#         55
  C:0EC2H         LINE#         56
  -------         ENDPROC       _LCD_WRITEDATA
  -------         PROC          _LCD_SETCURSOR
  D:0006H         SYMBOL        Line
  D:0005H         SYMBOL        Column
  C:0EFFH         LINE#         65
  C:0F01H         LINE#         66
  C:0F01H         LINE#         67
  C:0F04H         LINE#         68
  C:0F04H         LINE#         69
  C:0F06H         LINE#         70
  C:0F08H         LINE#         71
  C:0F0BH         LINE#         72
  C:0F0BH         LINE#         73
  C:0F14H         LINE#         74
  C:0F14H         LINE#         75
  -------         ENDPROC       _LCD_SETCURSOR
  -------         PROC          LCD_INIT
  C:0F55H         LINE#         82
  C:0F55H         LINE#         83
  C:0F55H         LINE#         84
BL51 BANKED LINKER/LOCATER V6.22                                                      06/07/2026  11:55:11  PAGE 5


  C:0F5AH         LINE#         85
  C:0F5FH         LINE#         86
  C:0F64H         LINE#         87
  -------         ENDPROC       LCD_INIT
  -------         PROC          _LCD_SHOWCHAR
  D:0006H         SYMBOL        Line
  D:0005H         SYMBOL        Column
  D:0004H         SYMBOL        Char
  C:0F82H         LINE#         97
  C:0F84H         LINE#         98
  C:0F84H         LINE#         99
  C:0F87H         LINE#         100
  -------         ENDPROC       _LCD_SHOWCHAR
  -------         PROC          _LCD_SHOWSTRING
  D:0007H         SYMBOL        Line
  D:0005H         SYMBOL        Column
  D:0033H         SYMBOL        String
  -------         DO            
  D:0005H         SYMBOL        i
  -------         ENDDO         
  C:0E64H         LINE#         110
  C:0E6AH         LINE#         111
  C:0E6AH         LINE#         113
  C:0E6DH         LINE#         114
  C:0E80H         LINE#         115
  C:0E80H         LINE#         116
  C:0E83H         LINE#         117
  C:0E86H         LINE#         118
  -------         ENDPROC       _LCD_SHOWSTRING
  C:0E33H         SYMBOL        L?0046
  -------         PROC          L?0045
  -------         ENDPROC       L?0045
  C:0E33H         SYMBOL        L?0046
  -------         PROC          _LCD_POW
  D:002FH         SYMBOL        X
  D:0031H         SYMBOL        Y
  -------         DO            
  D:0003H         SYMBOL        i
  D:0006H         SYMBOL        Result
  -------         ENDDO         
  C:0E3DH         LINE#         123
  C:0E45H         LINE#         124
  C:0E45H         LINE#         126
  C:0E49H         LINE#         127
  C:0E59H         LINE#         128
  C:0E59H         LINE#         129
  C:0E60H         LINE#         130
  C:0E63H         LINE#         131
  C:0E63H         LINE#         132
  -------         ENDPROC       _LCD_POW
  -------         PROC          _LCD_SHOWNUM
  D:0007H         SYMBOL        Line
  D:0005H         SYMBOL        Column
  D:0022H         SYMBOL        Number
  D:0024H         SYMBOL        Length
  -------         DO            
  D:0002H         SYMBOL        i
BL51 BANKED LINKER/LOCATER V6.22                                                      06/07/2026  11:55:11  PAGE 6


  -------         ENDDO         
  C:0EC5H         LINE#         142
  C:0EC9H         LINE#         143
  C:0EC9H         LINE#         145
  C:0ECCH         LINE#         146
  C:0ED4H         LINE#         147
  C:0ED4H         LINE#         148
  C:0EDEH         LINE#         149
  C:0EE1H         LINE#         150
  -------         ENDPROC       _LCD_SHOWNUM
  -------         PROC          _LCD_SHOWSIGNEDNUM
  D:0007H         SYMBOL        Line
  D:0005H         SYMBOL        Column
  D:0002H         SYMBOL        Number
  D:0016H         SYMBOL        Length
  -------         DO            
  D:0002H         SYMBOL        i
  D:0017H         SYMBOL        Number1
  -------         ENDDO         
  C:0D86H         LINE#         160
  C:0D86H         LINE#         161
  C:0D86H         LINE#         164
  C:0D89H         LINE#         165
  C:0D91H         LINE#         166
  C:0D91H         LINE#         167
  C:0D96H         LINE#         168
  C:0D9AH         LINE#         169
  C:0D9CH         LINE#         171
  C:0D9CH         LINE#         172
  C:0DA1H         LINE#         173
  C:0DAAH         LINE#         174
  C:0DAAH         LINE#         175
  C:0DB2H         LINE#         176
  C:0DB2H         LINE#         177
  C:0DBCH         LINE#         178
  C:0DBFH         LINE#         179
  -------         ENDPROC       _LCD_SHOWSIGNEDNUM
  -------         PROC          _LCD_SHOWHEXNUM
  D:0007H         SYMBOL        Line
  D:0005H         SYMBOL        Column
  D:0027H         SYMBOL        Number
  D:0029H         SYMBOL        Length
  -------         DO            
  D:0002H         SYMBOL        i
  D:0006H         SYMBOL        SingleNumber
  -------         ENDDO         
  C:0DC0H         LINE#         189
  C:0DC4H         LINE#         190
  C:0DC4H         LINE#         192
  C:0DC7H         LINE#         193
  C:0DCFH         LINE#         194
  C:0DCFH         LINE#         195
  C:0DE5H         LINE#         196
  C:0DEBH         LINE#         197
  C:0DEBH         LINE#         198
  C:0DEDH         LINE#         199
  C:0DEFH         LINE#         201
BL51 BANKED LINKER/LOCATER V6.22                                                      06/07/2026  11:55:11  PAGE 7


  C:0DEFH         LINE#         202
  C:0DF5H         LINE#         203
  C:0DF5H         LINE#         204
  C:0DF8H         LINE#         205
  -------         ENDPROC       _LCD_SHOWHEXNUM
  -------         PROC          _LCD_SHOWBINNUM
  D:0007H         SYMBOL        Line
  D:0005H         SYMBOL        Column
  D:002CH         SYMBOL        Number
  D:002EH         SYMBOL        Length
  -------         DO            
  D:0002H         SYMBOL        i
  -------         ENDDO         
  C:0DF9H         LINE#         215
  C:0DFDH         LINE#         216
  C:0DFDH         LINE#         218
  C:0E00H         LINE#         219
  C:0E08H         LINE#         220
  C:0E08H         LINE#         221
  C:0E2DH         LINE#         222
  C:0E30H         LINE#         223
  -------         ENDPROC       _LCD_SHOWBINNUM
  -------         ENDMOD        LCD1602

  -------         MODULE        MATRIXKEY
  C:0000H         SYMBOL        _ICE_DUMMY_
  D:0090H         PUBLIC        P1
  B:0090H.0       PUBLIC        P1_0
  B:0090H.1       PUBLIC        P1_1
  B:0090H.2       PUBLIC        P1_2
  B:0090H.3       PUBLIC        P1_3
  B:0090H.4       PUBLIC        P1_4
  B:0090H.5       PUBLIC        P1_5
  B:0090H.6       PUBLIC        P1_6
  B:0090H.7       PUBLIC        P1_7
  C:0800H         PUBLIC        MatrixKey
  -------         PROC          MATRIXKEY
  -------         DO            
  D:0039H         SYMBOL        KeyNumber
  -------         ENDDO         
  C:0800H         LINE#         10
  C:0800H         LINE#         11
  C:0803H         LINE#         14
  C:0806H         LINE#         15
  C:0808H         LINE#         21
  C:081EH         LINE#         22
  C:0835H         LINE#         23
  C:084CH         LINE#         24
  C:0863H         LINE#         28
  C:0866H         LINE#         29
  C:0868H         LINE#         30
  C:087FH         LINE#         31
  C:0896H         LINE#         32
  C:08ADH         LINE#         33
  C:08C4H         LINE#         36
  C:08C7H         LINE#         37
  C:08C9H         LINE#         38
BL51 BANKED LINKER/LOCATER V6.22                                                      06/07/2026  11:55:11  PAGE 8


  C:08E0H         LINE#         39
  C:08F7H         LINE#         40
  C:090EH         LINE#         41
  C:0925H         LINE#         44
  C:0928H         LINE#         45
  C:092AH         LINE#         46
  C:0941H         LINE#         47
  C:0958H         LINE#         48
  C:096FH         LINE#         49
  C:0986H         LINE#         51
  C:0988H         LINE#         53
  -------         ENDPROC       MATRIXKEY
  -------         ENDMOD        MATRIXKEY

  -------         MODULE        TIMER0
  C:0000H         SYMBOL        _ICE_DUMMY_
  B:00A8H.7       PUBLIC        EA
  D:0089H         PUBLIC        TMOD
  B:00A8H.1       PUBLIC        ET0
  B:0088H.5       PUBLIC        TF0
  C:0F40H         PUBLIC        Timer0Init
  D:008CH         PUBLIC        TH0
  D:008AH         PUBLIC        TL0
  B:0088H.4       PUBLIC        TR0
  -------         PROC          TIMER0INIT
  C:0F40H         LINE#         3
  C:0F40H         LINE#         4
  C:0F40H         LINE#         5
  C:0F43H         LINE#         6
  C:0F46H         LINE#         7
  C:0F49H         LINE#         8
  C:0F4CH         LINE#         10
  C:0F4EH         LINE#         11
  C:0F50H         LINE#         13
  C:0F52H         LINE#         14
  C:0F54H         LINE#         15
  -------         ENDPROC       TIMER0INIT
  -------         ENDMOD        TIMER0

  -------         MODULE        DS1302
  C:0000H         SYMBOL        _ICE_DUMMY_
  C:0989H         PUBLIC        DS1302_SetTime
  D:00B0H         PUBLIC        P3
  B:00B0H.5       PUBLIC        DS1302_CE
  C:0AFEH         PUBLIC        DS1302_ReadTime
  D:0019H         PUBLIC        DS1302_Time
  C:0D38H         PUBLIC        _DS1302_ReadByte
  B:00B0H.4       PUBLIC        DS1302_IO
  C:0CE1H         PUBLIC        _DS1302_WriteByte
  B:00B0H.6       PUBLIC        DS1302_SCLK
  C:0F92H         PUBLIC        Ds1302_Init
  -------         PROC          DS1302_INIT
  C:0F92H         LINE#         14
  C:0F92H         LINE#         15
  C:0F94H         LINE#         16
  C:0F96H         LINE#         18
  -------         ENDPROC       DS1302_INIT
BL51 BANKED LINKER/LOCATER V6.22                                                      06/07/2026  11:55:11  PAGE 9


  -------         PROC          L?0027
  -------         ENDPROC       L?0027
  -------         PROC          _DS1302_WRITEBYTE
  D:0003H         SYMBOL        Command
  D:0036H         SYMBOL        Data
  -------         DO            
  D:0005H         SYMBOL        i
  -------         ENDDO         
  C:0CE1H         LINE#         27
  C:0CE7H         LINE#         29
  C:0CE9H         LINE#         42
  C:0CEBH         LINE#         44
  C:0D06H         LINE#         45
  C:0D08H         LINE#         46
  C:0D0AH         LINE#         47
  C:0D0EH         LINE#         49
  C:0D10H         LINE#         51
  C:0D2DH         LINE#         52
  C:0D2FH         LINE#         53
  C:0D31H         LINE#         54
  C:0D35H         LINE#         55
  C:0D37H         LINE#         56
  -------         ENDPROC       _DS1302_WRITEBYTE
  -------         PROC          _DS1302_READBYTE
  D:0005H         SYMBOL        Command
  -------         DO            
  D:0003H         SYMBOL        i
  D:0001H         SYMBOL        Data
  -------         ENDDO         
  C:0D38H         LINE#         65
  C:0D3AH         LINE#         66
  C:0D3CH         LINE#         67
  C:0D3FH         LINE#         68
  C:0D41H         LINE#         69
  C:0D42H         LINE#         70
  C:0D5DH         LINE#         71
  C:0D5FH         LINE#         72
  C:0D61H         LINE#         73
  C:0D65H         LINE#         83
  C:0D67H         LINE#         84
  C:0D69H         LINE#         85
  C:0D6BH         LINE#         86
  C:0D7BH         LINE#         87
  C:0D7FH         LINE#         88
  C:0D81H         LINE#         89
  C:0D83H         LINE#         90
  C:0D85H         LINE#         91
  -------         ENDPROC       _DS1302_READBYTE
  -------         PROC          DS1302_SETTIME
  C:0989H         LINE#         105
  C:0989H         LINE#         107
  C:0991H         LINE#         110
  C:09AAH         LINE#         111
  C:09C5H         LINE#         112
  C:09E6H         LINE#         113
  C:0A07H         LINE#         114
  C:0A28H         LINE#         115
BL51 BANKED LINKER/LOCATER V6.22                                                      06/07/2026  11:55:11  PAGE 10


  C:0A49H         LINE#         116
  -------         ENDPROC       DS1302_SETTIME
  -------         PROC          DS1302_READTIME
  -------         DO            
  D:0007H         SYMBOL        Temp
  -------         ENDDO         
  C:0AFEH         LINE#         123
  C:0AFEH         LINE#         126
  C:0B03H         LINE#         127
  C:0B12H         LINE#         128
  C:0B17H         LINE#         129
  C:0B26H         LINE#         130
  C:0B2BH         LINE#         131
  C:0B3AH         LINE#         132
  C:0B3FH         LINE#         133
  C:0B4EH         LINE#         134
  C:0B53H         LINE#         135
  C:0B62H         LINE#         136
  C:0B67H         LINE#         137
  C:0B76H         LINE#         138
  C:0B7BH         LINE#         139
  C:0B8AH         LINE#         140
  -------         ENDPROC       DS1302_READTIME
  -------         ENDMOD        DS1302

  -------         MODULE        NIXIE
  C:0000H         SYMBOL        _ICE_DUMMY_
  C:0C17H         PUBLIC        _Nixie
  D:0080H         PUBLIC        P0
  B:00A0H.2       PUBLIC        P2_2
  B:00A0H.3       PUBLIC        P2_3
  B:00A0H.4       PUBLIC        P2_4
  D:0008H         PUBLIC        NixieTable
  -------         PROC          _NIXIE
  D:0007H         SYMBOL        Location
  D:0005H         SYMBOL        Number
  C:0C17H         LINE#         6
  C:0C17H         LINE#         7
  C:0C44H         LINE#         9
  C:0C48H         LINE#         10
  C:0C4CH         LINE#         11
  C:0C50H         LINE#         12
  C:0C54H         LINE#         13
  C:0C5CH         LINE#         14
  C:0C64H         LINE#         15
  C:0C6CH         LINE#         16
  C:0C72H         LINE#         17
  C:0C72H         LINE#         18
  C:0C79H         LINE#         22
  -------         ENDPROC       _NIXIE
  -------         ENDMOD        NIXIE

  -------         MODULE        KEY
  C:0000H         SYMBOL        _ICE_DUMMY_
  B:00B0H.0       PUBLIC        P3_0
  B:00B0H.1       PUBLIC        P3_1
  B:00B0H.2       PUBLIC        P3_2
BL51 BANKED LINKER/LOCATER V6.22                                                      06/07/2026  11:55:11  PAGE 11


  B:00B0H.3       PUBLIC        P3_3
  C:0C7AH         PUBLIC        Key
  -------         PROC          KEY
  -------         DO            
  D:003AH         SYMBOL        KeyNumber
  -------         ENDDO         
  C:0C7AH         LINE#         9
  C:0C7AH         LINE#         10
  C:0C7AH         LINE#         11
  C:0C7DH         LINE#         13
  C:0C93H         LINE#         14
  C:0CAAH         LINE#         15
  C:0CC1H         LINE#         16
  C:0CD8H         LINE#         18
  C:0CDAH         LINE#         19
  -------         ENDPROC       KEY
  -------         ENDMOD        KEY

  -------         MODULE        BUZZER
  C:0000H         SYMBOL        _ICE_DUMMY_
  D:00A0H         PUBLIC        P2
  B:00A0H.5       PUBLIC        Buzzer
  C:0F8CH         PUBLIC        Buzzer_Delay500us
  C:0EE2H         PUBLIC        _Buzzer_Time
  -------         PROC          BUZZER_DELAY500US
  -------         DO            
  D:0007H         SYMBOL        i
  -------         ENDDO         
  C:0F8CH         LINE#         8
  C:0F8CH         LINE#         11
  C:0F8DH         LINE#         12
  C:0F8FH         LINE#         13
  C:0F91H         LINE#         14
  -------         ENDPROC       BUZZER_DELAY500US
  -------         PROC          _BUZZER_TIME
  D:0004H         SYMBOL        ms
  -------         DO            
  D:0003H         SYMBOL        i
  -------         ENDDO         
  C:0EE2H         LINE#         17
  C:0EE6H         LINE#         20
  C:0EF6H         LINE#         21
  C:0EF8H         LINE#         22
  C:0EFBH         LINE#         23
  C:0EFEH         LINE#         24
  -------         ENDPROC       _BUZZER_TIME
  -------         ENDMOD        BUZZER

  -------         MODULE        ?C?CLDOPTR
  C:0A6AH         PUBLIC        ?C?CLDOPTR
  -------         ENDMOD        ?C?CLDOPTR

  -------         MODULE        ?C?IMUL
  C:0A97H         PUBLIC        ?C?IMUL
  -------         ENDMOD        ?C?IMUL

  -------         MODULE        ?C?UIDIV
BL51 BANKED LINKER/LOCATER V6.22                                                      06/07/2026  11:55:11  PAGE 12


  C:0AA9H         PUBLIC        ?C?UIDIV
  -------         ENDMOD        ?C?UIDIV

******************************************************************************
* RESTRICTED VERSION WITH 0800H BYTE CODE SIZE LIMIT; USED: 0676H BYTE (80%) *
******************************************************************************

Program Size: data=60.0 xdata=0 code=1946
LINK/LOCATE RUN COMPLETE.  0 WARNING(S),  0 ERROR(S)
