C51 COMPILER V9.54   MAIN                                                                  06/05/2026 18:56:37 PAGE 1   


C51 COMPILER V9.54, COMPILATION OF MODULE MAIN
OBJECT MODULE PLACED IN .\Objects\main.obj
COMPILER INVOKED BY: D:\Keil_v5\C51\BIN\C51.EXE main.c OPTIMIZE(8,SPEED) BROWSE DEBUG OBJECTEXTEND PRINT(.\Listings\main
                    -.lst) OBJECT(.\Objects\main.obj)

line level    source

   1          #include <REGX52.H>
   2          #include "Delay.h"
   3          #include "LCD1602.h"
   4          #include "Timer0.h"
   5          
   6           //计时器实现（时钟）
   7           
   8          //unsigned char Sec;
   9          //unsigned char Sec,Min,Hour;
  10          
  11          // 倒计时
  12          unsigned char Sec = 15,Min = 2,Hour = 0;
  13          
  14          void main(){
  15   1              LCD_Init();
  16   1              Timer0Init();
  17   1              
  18   1              LCD_ShowString(1,1,"Clock!");
  19   1      
  20   1          while(1){
  21   2                      LCD_ShowNum(2,1,Hour,2);
  22   2                      LCD_ShowString(2,3,":");
  23   2                      LCD_ShowNum(2,4,Min,2);
  24   2                      LCD_ShowString(2,6,":");
  25   2                      LCD_ShowNum(2,7,Sec,2);
  26   2          }
  27   1      }
  28          
  29          
  30          //unsigned int T0Count;
  31          void Timer0_Routine() interrupt 1{
  32   1              static unsigned int T0Count;
  33   1              TL0=0x18;
  34   1              TH0=0xFC;
  35   1              T0Count++;
  36   1              
  37   1              // if(T0Count>=20){ 一秒钟实现
  38   1              if(T0Count>=1000){
  39   2                      T0Count=0; //记得清空计时器！！！
  40   2      
  41   2      //              Sec++;
  42   2      //              if(Sec>=60){
  43   2      //                      Sec=0;
  44   2      //                      Min++;
  45   2      //                      if(Min>=60)
  46   2      //                      {       
  47   2      //                              Min=0;
  48   2      //                              Hour++;
  49   2      //                              if(Hour>=60);
  50   2      //                                      Hour=0;
  51   2      //                      }
  52   2      //              }
  53   2                      
  54   2                      // 倒计时
C51 COMPILER V9.54   MAIN                                                                  06/05/2026 18:56:37 PAGE 2   

  55   2                      Sec--;
  56   2                      if(Sec<=0){
  57   3                              Sec=59;
  58   3                              Min--;
  59   3                              if(Min<=0)
  60   3                              {       
  61   4                                      Min=59;
  62   4                                      Hour--;
  63   4                                      if(Hour<=0);
  64   4                                              Hour=59;
  65   4                              }
  66   3                              if(Min<=2){
  67   4                                      T0Count=20;
  68   4                              }
  69   3                      }
  70   2              }
  71   1      
  72   1      }


MODULE INFORMATION:   STATIC OVERLAYABLE
   CODE SIZE        =    171    ----
   CONSTANT SIZE    =      9    ----
   XDATA SIZE       =   ----    ----
   PDATA SIZE       =   ----    ----
   DATA SIZE        =      5    ----
   IDATA SIZE       =   ----    ----
   BIT SIZE         =   ----    ----
END OF MODULE INFORMATION.


C51 COMPILATION COMPLETE.  0 WARNING(S),  0 ERROR(S)
