C51 COMPILER V9.54   MAIN                                                                  06/01/2026 19:17:23 PAGE 1   


C51 COMPILER V9.54, COMPILATION OF MODULE MAIN
OBJECT MODULE PLACED IN .\Objects\main.obj
COMPILER INVOKED BY: D:\Keil_v5\C51\BIN\C51.EXE main.c OPTIMIZE(8,SPEED) BROWSE DEBUG OBJECTEXTEND PRINT(.\Listings\main
                    -.lst) OBJECT(.\Objects\main.obj)

line level    source

   1          #include <REGX51.H>
   2          #include <INTRINS.H>
   3          
   4          unsigned char NixieTable[] = {0x3F,0x06,0x5B,0x4F,0x66,0x6D,0x7D,0x07,0x7F,0x6F};
   5                  
   6          void Nixie(unsigned char Location, unsigned char Number) {
   7   1          switch(Location) {
   8   2              // 8 control bits
   9   2              case 1: P2_4=1; P2_3=1; P2_2=1; break;
  10   2              case 2: P2_4=1; P2_3=1; P2_2=0; break;
  11   2              case 3: P2_4=1; P2_3=0; P2_2=1; break;
  12   2              case 4: P2_4=1; P2_3=0; P2_2=0; break;
  13   2              case 5: P2_4=0; P2_3=1; P2_2=1; break;
  14   2              case 6: P2_4=0; P2_3=1; P2_2=0; break;
  15   2              case 7: P2_4=0; P2_3=0; P2_2=1; break;
  16   2              case 8: P2_4=0; P2_3=0; P2_2=0; break;
  17   2          }
  18   1          P0 = NixieTable[Number];
  19   1      }
  20          
  21          void Delay100ms()               //@11.0592MHz
  22          {
  23   1              unsigned char i, j, k;
  24   1      
  25   1              _nop_();
  26   1              _nop_();
  27   1              i = 5;
  28   1              j = 52;
  29   1              k = 195;
  30   1              do
  31   1              {
  32   2                      do
  33   2                      {
  34   3                              while (--k);
  35   3                      } while (--j);
  36   2              } while (--i);
  37   1      }
  38          
  39          void main() {
  40   1              //第一个值为显示位置
  41   1              //第二个值为显示内容，P0=0x7D先作为测试
  42   1          //输入2，则表示为1111 1110
  43   1              //0xFF，表示1111 1111 所有段熄灭（共阴极数码管）
  44   1              //如果要表示3，段码通常为0x4F/0x03，即0100 1111
  45   1              //前8位决定像二进制一样叠加亮，后8位点亮右下角的.
  46   1              // 1110 1111 9. 0x6F
  47   1              // 0111 1101 6 0x7D
  48   1              // 7 0x07 0000 0110
  49   1              // 5 0x6D 0101 
  50   1              // 1 0x06 0000 0101
  51   1              // 0 0x3F 0011 1111
  52   1              int i;
  53   1              
  54   1      //      Nixie(7, 9);
C51 COMPILER V9.54   MAIN                                                                  06/01/2026 19:17:23 PAGE 2   

  55   1      
  56   1          while(1) {
  57   2                      for(i=0;i<=9;i++){
  58   3                              Nixie(7, i);
  59   3                              Delay100ms();
  60   3                      }
  61   2          }
  62   1      }


MODULE INFORMATION:   STATIC OVERLAYABLE
   CODE SIZE        =    140    ----
   CONSTANT SIZE    =   ----    ----
   XDATA SIZE       =   ----    ----
   PDATA SIZE       =   ----    ----
   DATA SIZE        =     10    ----
   IDATA SIZE       =   ----    ----
   BIT SIZE         =   ----    ----
END OF MODULE INFORMATION.


C51 COMPILATION COMPLETE.  0 WARNING(S),  0 ERROR(S)
