C51 COMPILER V9.54   MAIN                                                                  06/05/2026 23:13:58 PAGE 1   


C51 COMPILER V9.54, COMPILATION OF MODULE MAIN
OBJECT MODULE PLACED IN .\Objects\main.obj
COMPILER INVOKED BY: D:\Keil_v5\C51\BIN\C51.EXE main.c OPTIMIZE(8,SPEED) BROWSE DEBUG OBJECTEXTEND PRINT(.\Listings\main
                    -.lst) OBJECT(.\Objects\main.obj)

line level    source

   1          #include <REGX52.H>
   2          #include "Delay.h"
   3          #include "UART.h"
   4          
   5          unsigned char Sec;
   6          
   7          //当传入 "B" 时，编译器会警告，但实际传入的是指针值（2-4字节），函数只取低
             -8位发送，导致乱码。
   8          //记住：
   9          //单引号 'B' = 字符
  10          //双引号 "B" = 字符串（指针/地址）
  11          void main(){
  12   1              UART_Init();
  13   1              UART_SendByte('B');
  14   1      //      UART_SendByte(0x30); //单片机向电脑发送数据
  15   1          while(1){
  16   2      //              Delay(1000); //改为延时1秒
  17   2      //              UART_SendByte(Sec);
  18   2      //              Sec++;
  19   2          }
  20   1      }
  21          
  22          // 将函数应用为中断子函数，需要设置interrupt x
  23          //当中断发生时，interrupt 4将会跳转到函数执行
  24          void UART_Routine() interrupt 4
  25          {       
  26   1              // 判断，当有数据进入
  27   1              if(RI==1){
  28   2                      //因为发送会触发中断，接受也会触发中断
  29   2                      //只需要对这两个做出判断即可
  30   2                      P2=SBUF;
  31   2                      //需要注意，一个函数不能在主函数里出现
  32   2                      //又在中断函数中出现
  33   2      //              UART_SendByte(SBUF);
  34   2                      RI=0;
  35   2              }
  36   1      }


MODULE INFORMATION:   STATIC OVERLAYABLE
   CODE SIZE        =     19    ----
   CONSTANT SIZE    =   ----    ----
   XDATA SIZE       =   ----    ----
   PDATA SIZE       =   ----    ----
   DATA SIZE        =      1    ----
   IDATA SIZE       =   ----    ----
   BIT SIZE         =   ----    ----
END OF MODULE INFORMATION.


C51 COMPILATION COMPLETE.  0 WARNING(S),  0 ERROR(S)
