BL51 BANKED LINKER/LOCATER V6.22                                                        06/05/2026  23:13:58  PAGE 1


BL51 BANKED LINKER/LOCATER V6.22, INVOKED BY:
D:\KEIL_V5\C51\BIN\BL51.EXE .\Objects\main.obj, .\Objects\Delay.obj, .\Objects\Nixie.obj, .\Objects\LCD1602.obj, .\Objec
>> ts\MatrixKey.obj, .\Objects\Timer0.obj, .\Objects\UART.obj TO .\Objects\Project PRINT (.\Listings\Project.m51) DISABL
>> EWARNING (16)


MEMORY MODEL: SMALL


INPUT MODULES INCLUDED:
  .\Objects\main.obj (MAIN)
  .\Objects\Delay.obj (DELAY)
  .\Objects\Nixie.obj (NIXIE)
  .\Objects\LCD1602.obj (LCD1602)
  .\Objects\MatrixKey.obj (MATRIXKEY)
  .\Objects\Timer0.obj (TIMER0)
  .\Objects\UART.obj (UART)
  D:\KEIL_V5\C51\LIB\C51S.LIB (?C_STARTUP)
  D:\KEIL_V5\C51\LIB\C51S.LIB (?C?CLDOPTR)
  D:\KEIL_V5\C51\LIB\C51S.LIB (?C?IMUL)
  D:\KEIL_V5\C51\LIB\C51S.LIB (?C?UIDIV)
  D:\KEIL_V5\C51\LIB\C51S.LIB (?C_INIT)


LINK MAP OF MODULE:  .\Objects\Project (MAIN)


            TYPE    BASE      LENGTH    RELOCATION   SEGMENT NAME
            -----------------------------------------------------

            * * * * * * *   D A T A   M E M O R Y   * * * * * * *
            REG     0000H     0008H     ABSOLUTE     "REG BANK 0"
            DATA    0008H     000AH     UNIT         ?DT?NIXIE
            DATA    0012H     0007H     UNIT         ?DT?_LCD_SHOWSIGNEDNUM?LCD1602
            DATA    0019H     0005H     UNIT         ?DT?_LCD_SHOWNUM?LCD1602
            DATA    001EH     0005H     UNIT         ?DT?_LCD_SHOWHEXNUM?LCD1602
            DATA    0023H     0005H     UNIT         ?DT?_LCD_SHOWBINNUM?LCD1602
            DATA    0028H     0004H     UNIT         ?DT?_LCD_POW?LCD1602
            DATA    002CH     0003H     UNIT         ?DT?_LCD_SHOWSTRING?LCD1602
            DATA    002FH     0001H     UNIT         ?DT?MAIN
            DATA    0030H     0001H     UNIT         ?DT?MATRIXKEY?MATRIXKEY
            IDATA   0031H     0001H     UNIT         ?STACK

            * * * * * * *   C O D E   M E M O R Y   * * * * * * *
            CODE    0000H     0003H     ABSOLUTE     
                    0003H     0020H                  *** GAP ***
            CODE    0023H     0003H     ABSOLUTE     
                    0026H     07DAH                  *** GAP ***
            CODE    0800H     0189H     UNIT         ?PR?MATRIXKEY?MATRIXKEY
            CODE    0989H     0094H     UNIT         ?C?LIB_CODE
            CODE    0A1DH     008CH     UNIT         ?C_C51STARTUP
            CODE    0AA9H     0063H     UNIT         ?PR?_NIXIE?NIXIE
            CODE    0B0CH     003AH     UNIT         ?PR?_LCD_SHOWSIGNEDNUM?LCD1602
            CODE    0B46H     0039H     UNIT         ?PR?_LCD_SHOWHEXNUM?LCD1602
            CODE    0B7FH     0038H     UNIT         ?PR?_LCD_SHOWBINNUM?LCD1602
            CODE    0BB7H     0033H     UNIT         ?PR?_LCD_POW?LCD1602
            CODE    0BEAH     0023H     UNIT         ?PR?_LCD_SHOWSTRING?LCD1602
            CODE    0C0DH     001EH     UNIT         ?PR?_LCD_WRITEDATA?LCD1602
BL51 BANKED LINKER/LOCATER V6.22                                                      06/05/2026  23:13:58  PAGE 2


            CODE    0C2BH     001DH     UNIT         ?PR?_LCD_SHOWNUM?LCD1602
            CODE    0C48H     001BH     UNIT         ?PR?UART_INIT?UART
            CODE    0C63H     0016H     UNIT         ?PR?_LCD_SETCURSOR?LCD1602
            CODE    0C79H     0015H     UNIT         ?PR?_DELAY?DELAY
            CODE    0C8EH     0015H     UNIT         ?PR?TIMER0INIT?TIMER0
            CODE    0CA3H     0014H     UNIT         ?PR?LCD_INIT?LCD1602
            CODE    0CB7H     000FH     UNIT         ?PR?LCD_DELAY?LCD1602
            CODE    0CC6H     000DH     UNIT         ?C_INITSEG
            CODE    0CD3H     000AH     UNIT         ?PR?MAIN?MAIN
            CODE    0CDDH     000AH     UNIT         ?PR?_LCD_WRITECOMMAND?LCD1602
            CODE    0CE7H     000AH     UNIT         ?PR?_LCD_SHOWCHAR?LCD1602
            CODE    0CF1H     0009H     UNIT         ?PR?UART_ROUTINE?MAIN
            CODE    0CFAH     0008H     UNIT         ?PR?_UART_SENDBYTE?UART



OVERLAY MAP OF MODULE:   .\Objects\Project (MAIN)


SEGMENT
  +--> CALLED SEGMENT
---------------------
?C_C51STARTUP
  +--> ?PR?MAIN?MAIN
  +--> ?C_INITSEG

?PR?MAIN?MAIN
  +--> ?PR?UART_INIT?UART
  +--> ?PR?_UART_SENDBYTE?UART



SYMBOL TABLE OF MODULE:  .\Objects\Project (MAIN)

  VALUE           TYPE          NAME
  ----------------------------------

  -------         MODULE        MAIN
  C:0000H         SYMBOL        _ICE_DUMMY_
  D:00A0H         PUBLIC        P2
  C:0CF1H         PUBLIC        UART_Routine
  B:0098H.0       PUBLIC        RI
  D:002FH         PUBLIC        Sec
  C:0CD3H         PUBLIC        main
  D:0099H         PUBLIC        SBUF
  -------         PROC          MAIN
  C:0CD3H         LINE#         11
  C:0CD3H         LINE#         12
  C:0CD6H         LINE#         13
  C:0CDBH         LINE#         15
  C:0CDBH         LINE#         19
  -------         ENDPROC       MAIN
  -------         PROC          UART_ROUTINE
  C:0CF1H         LINE#         24
  C:0CF1H         LINE#         27
  C:0CF4H         LINE#         30
  C:0CF7H         LINE#         34
BL51 BANKED LINKER/LOCATER V6.22                                                      06/05/2026  23:13:58  PAGE 3


  C:0CF9H         LINE#         35
  C:0CF9H         LINE#         36
  -------         ENDPROC       UART_ROUTINE
  -------         ENDMOD        MAIN

  -------         MODULE        DELAY
  C:0000H         SYMBOL        _ICE_DUMMY_
  C:0C79H         PUBLIC        _Delay
  -------         PROC          _DELAY
  D:0006H         SYMBOL        xms
  -------         DO            
  D:0005H         SYMBOL        i
  D:0004H         SYMBOL        j
  -------         ENDDO         
  C:0C79H         LINE#         4
  C:0C79H         LINE#         6
  C:0C83H         LINE#         7
  C:0C85H         LINE#         8
  C:0C87H         LINE#         9
  C:0C87H         LINE#         10
  C:0C89H         LINE#         11
  C:0C8BH         LINE#         12
  C:0C8DH         LINE#         13
  -------         ENDPROC       _DELAY
  -------         ENDMOD        DELAY

  -------         MODULE        NIXIE
  C:0000H         SYMBOL        _ICE_DUMMY_
  C:0AA9H         PUBLIC        _Nixie
  D:0080H         PUBLIC        P0
  B:00A0H.2       PUBLIC        P2_2
  B:00A0H.3       PUBLIC        P2_3
  B:00A0H.4       PUBLIC        P2_4
  D:0008H         PUBLIC        NixieTable
  -------         PROC          _NIXIE
  D:0007H         SYMBOL        Location
  D:0005H         SYMBOL        Number
  C:0AA9H         LINE#         6
  C:0AA9H         LINE#         7
  C:0AD6H         LINE#         9
  C:0ADAH         LINE#         10
  C:0ADEH         LINE#         11
  C:0AE2H         LINE#         12
  C:0AE6H         LINE#         13
  C:0AEEH         LINE#         14
  C:0AF6H         LINE#         15
  C:0AFEH         LINE#         16
  C:0B04H         LINE#         17
  C:0B04H         LINE#         18
  C:0B0BH         LINE#         19
  -------         ENDPROC       _NIXIE
  -------         ENDMOD        NIXIE

  -------         MODULE        LCD1602
  C:0000H         SYMBOL        _ICE_DUMMY_
  D:0080H         PUBLIC        P0
  D:00A0H         PUBLIC        P2
BL51 BANKED LINKER/LOCATER V6.22                                                      06/05/2026  23:13:58  PAGE 4


  C:0CDDH         PUBLIC        _LCD_WriteCommand
  C:0C2BH         PUBLIC        _LCD_ShowNum
  C:0B7FH         PUBLIC        _LCD_ShowBinNum
  C:0CBDH         PUBLIC        LCD_Delay
  C:0B46H         PUBLIC        _LCD_ShowHexNum
  C:0C21H         PUBLIC        _LCD_WriteData
  B:00A0H.7       PUBLIC        LCD_EN
  C:0CA3H         PUBLIC        LCD_Init
  C:0BEAH         PUBLIC        _LCD_ShowString
  C:0CE7H         PUBLIC        _LCD_ShowChar
  B:00A0H.6       PUBLIC        LCD_RS
  B:00A0H.5       PUBLIC        LCD_RW
  C:0C63H         PUBLIC        _LCD_SetCursor
  C:0B0CH         PUBLIC        _LCD_ShowSignedNum
  C:0BC3H         PUBLIC        _LCD_Pow
  -------         PROC          L?0048
  -------         ENDPROC       L?0048
  -------         PROC          LCD_DELAY
  -------         DO            
  D:0007H         SYMBOL        i
  D:0006H         SYMBOL        j
  -------         ENDDO         
  C:0CBDH         LINE#         15
  C:0CBDH         LINE#         16
  C:0CBDH         LINE#         19
  C:0CBFH         LINE#         20
  C:0CC1H         LINE#         22
  C:0CC1H         LINE#         23
  C:0CC3H         LINE#         24
  C:0CC5H         LINE#         25
  -------         ENDPROC       LCD_DELAY
  -------         PROC          _LCD_WRITECOMMAND
  D:0007H         SYMBOL        Command
  C:0CDDH         LINE#         32
  C:0CDDH         LINE#         33
  C:0CDDH         LINE#         34
  C:0CDFH         LINE#         35
  C:0CDFH         LINE#         36
  C:0CDFH         LINE#         37
  C:0CDFH         LINE#         38
  C:0CE2H         LINE#         39
  C:0CE4H         LINE#         40
  -------         ENDPROC       _LCD_WRITECOMMAND
  -------         PROC          L?0047
  -------         ENDPROC       L?0047
  -------         PROC          _LCD_WRITEDATA
  D:0007H         SYMBOL        Data
  C:0C21H         LINE#         48
  C:0C21H         LINE#         49
  C:0C21H         LINE#         50
  C:0C23H         LINE#         51
  C:0C23H         LINE#         52
  C:0C23H         LINE#         53
  C:0C23H         LINE#         54
  C:0C26H         LINE#         55
  C:0C28H         LINE#         56
  -------         ENDPROC       _LCD_WRITEDATA
BL51 BANKED LINKER/LOCATER V6.22                                                      06/05/2026  23:13:58  PAGE 5


  -------         PROC          _LCD_SETCURSOR
  D:0006H         SYMBOL        Line
  D:0005H         SYMBOL        Column
  C:0C63H         LINE#         65
  C:0C65H         LINE#         66
  C:0C65H         LINE#         67
  C:0C68H         LINE#         68
  C:0C68H         LINE#         69
  C:0C6AH         LINE#         70
  C:0C6CH         LINE#         71
  C:0C6FH         LINE#         72
  C:0C6FH         LINE#         73
  C:0C78H         LINE#         74
  C:0C78H         LINE#         75
  -------         ENDPROC       _LCD_SETCURSOR
  -------         PROC          LCD_INIT
  C:0CA3H         LINE#         82
  C:0CA3H         LINE#         83
  C:0CA3H         LINE#         84
  C:0CA8H         LINE#         85
  C:0CADH         LINE#         86
  C:0CB2H         LINE#         87
  -------         ENDPROC       LCD_INIT
  -------         PROC          _LCD_SHOWCHAR
  D:0006H         SYMBOL        Line
  D:0005H         SYMBOL        Column
  D:0004H         SYMBOL        Char
  C:0CE7H         LINE#         97
  C:0CE9H         LINE#         98
  C:0CE9H         LINE#         99
  C:0CECH         LINE#         100
  -------         ENDPROC       _LCD_SHOWCHAR
  -------         PROC          _LCD_SHOWSTRING
  D:0007H         SYMBOL        Line
  D:0005H         SYMBOL        Column
  D:002CH         SYMBOL        String
  -------         DO            
  D:0005H         SYMBOL        i
  -------         ENDDO         
  C:0BEAH         LINE#         110
  C:0BF0H         LINE#         111
  C:0BF0H         LINE#         113
  C:0BF3H         LINE#         114
  C:0C06H         LINE#         115
  C:0C06H         LINE#         116
  C:0C09H         LINE#         117
  C:0C0CH         LINE#         118
  -------         ENDPROC       _LCD_SHOWSTRING
  C:0BB9H         SYMBOL        L?0046
  -------         PROC          L?0045
  -------         ENDPROC       L?0045
  C:0BB9H         SYMBOL        L?0046
  -------         PROC          _LCD_POW
  D:0028H         SYMBOL        X
  D:002AH         SYMBOL        Y
  -------         DO            
  D:0003H         SYMBOL        i
BL51 BANKED LINKER/LOCATER V6.22                                                      06/05/2026  23:13:58  PAGE 6


  D:0006H         SYMBOL        Result
  -------         ENDDO         
  C:0BC3H         LINE#         123
  C:0BCBH         LINE#         124
  C:0BCBH         LINE#         126
  C:0BCFH         LINE#         127
  C:0BDFH         LINE#         128
  C:0BDFH         LINE#         129
  C:0BE6H         LINE#         130
  C:0BE9H         LINE#         131
  C:0BE9H         LINE#         132
  -------         ENDPROC       _LCD_POW
  -------         PROC          _LCD_SHOWNUM
  D:0007H         SYMBOL        Line
  D:0005H         SYMBOL        Column
  D:001BH         SYMBOL        Number
  D:001DH         SYMBOL        Length
  -------         DO            
  D:0002H         SYMBOL        i
  -------         ENDDO         
  C:0C2BH         LINE#         142
  C:0C2FH         LINE#         143
  C:0C2FH         LINE#         145
  C:0C32H         LINE#         146
  C:0C3AH         LINE#         147
  C:0C3AH         LINE#         148
  C:0C44H         LINE#         149
  C:0C47H         LINE#         150
  -------         ENDPROC       _LCD_SHOWNUM
  -------         PROC          _LCD_SHOWSIGNEDNUM
  D:0007H         SYMBOL        Line
  D:0005H         SYMBOL        Column
  D:0002H         SYMBOL        Number
  D:0016H         SYMBOL        Length
  -------         DO            
  D:0002H         SYMBOL        i
  D:0017H         SYMBOL        Number1
  -------         ENDDO         
  C:0B0CH         LINE#         160
  C:0B0CH         LINE#         161
  C:0B0CH         LINE#         164
  C:0B0FH         LINE#         165
  C:0B17H         LINE#         166
  C:0B17H         LINE#         167
  C:0B1CH         LINE#         168
  C:0B20H         LINE#         169
  C:0B22H         LINE#         171
  C:0B22H         LINE#         172
  C:0B27H         LINE#         173
  C:0B30H         LINE#         174
  C:0B30H         LINE#         175
  C:0B38H         LINE#         176
  C:0B38H         LINE#         177
  C:0B42H         LINE#         178
  C:0B45H         LINE#         179
  -------         ENDPROC       _LCD_SHOWSIGNEDNUM
  -------         PROC          _LCD_SHOWHEXNUM
BL51 BANKED LINKER/LOCATER V6.22                                                      06/05/2026  23:13:58  PAGE 7


  D:0007H         SYMBOL        Line
  D:0005H         SYMBOL        Column
  D:0020H         SYMBOL        Number
  D:0022H         SYMBOL        Length
  -------         DO            
  D:0002H         SYMBOL        i
  D:0006H         SYMBOL        SingleNumber
  -------         ENDDO         
  C:0B46H         LINE#         189
  C:0B4AH         LINE#         190
  C:0B4AH         LINE#         192
  C:0B4DH         LINE#         193
  C:0B55H         LINE#         194
  C:0B55H         LINE#         195
  C:0B6BH         LINE#         196
  C:0B71H         LINE#         197
  C:0B71H         LINE#         198
  C:0B73H         LINE#         199
  C:0B75H         LINE#         201
  C:0B75H         LINE#         202
  C:0B7BH         LINE#         203
  C:0B7BH         LINE#         204
  C:0B7EH         LINE#         205
  -------         ENDPROC       _LCD_SHOWHEXNUM
  -------         PROC          _LCD_SHOWBINNUM
  D:0007H         SYMBOL        Line
  D:0005H         SYMBOL        Column
  D:0025H         SYMBOL        Number
  D:0027H         SYMBOL        Length
  -------         DO            
  D:0002H         SYMBOL        i
  -------         ENDDO         
  C:0B7FH         LINE#         215
  C:0B83H         LINE#         216
  C:0B83H         LINE#         218
  C:0B86H         LINE#         219
  C:0B8EH         LINE#         220
  C:0B8EH         LINE#         221
  C:0BB3H         LINE#         222
  C:0BB6H         LINE#         223
  -------         ENDPROC       _LCD_SHOWBINNUM
  -------         ENDMOD        LCD1602

  -------         MODULE        MATRIXKEY
  C:0000H         SYMBOL        _ICE_DUMMY_
  D:0090H         PUBLIC        P1
  B:0090H.0       PUBLIC        P1_0
  B:0090H.1       PUBLIC        P1_1
  B:0090H.2       PUBLIC        P1_2
  B:0090H.3       PUBLIC        P1_3
  B:0090H.4       PUBLIC        P1_4
  B:0090H.5       PUBLIC        P1_5
  B:0090H.6       PUBLIC        P1_6
  B:0090H.7       PUBLIC        P1_7
  C:0800H         PUBLIC        MatrixKey
  -------         PROC          MATRIXKEY
  -------         DO            
BL51 BANKED LINKER/LOCATER V6.22                                                      06/05/2026  23:13:58  PAGE 8


  D:0030H         SYMBOL        KeyNumber
  -------         ENDDO         
  C:0800H         LINE#         10
  C:0800H         LINE#         11
  C:0803H         LINE#         14
  C:0806H         LINE#         15
  C:0808H         LINE#         21
  C:081EH         LINE#         22
  C:0835H         LINE#         23
  C:084CH         LINE#         24
  C:0863H         LINE#         28
  C:0866H         LINE#         29
  C:0868H         LINE#         30
  C:087FH         LINE#         31
  C:0896H         LINE#         32
  C:08ADH         LINE#         33
  C:08C4H         LINE#         36
  C:08C7H         LINE#         37
  C:08C9H         LINE#         38
  C:08E0H         LINE#         39
  C:08F7H         LINE#         40
  C:090EH         LINE#         41
  C:0925H         LINE#         44
  C:0928H         LINE#         45
  C:092AH         LINE#         46
  C:0941H         LINE#         47
  C:0958H         LINE#         48
  C:096FH         LINE#         49
  C:0986H         LINE#         51
  C:0988H         LINE#         53
  -------         ENDPROC       MATRIXKEY
  -------         ENDMOD        MATRIXKEY

  -------         MODULE        TIMER0
  C:0000H         SYMBOL        _ICE_DUMMY_
  B:00A8H.7       PUBLIC        EA
  D:0089H         PUBLIC        TMOD
  B:00A8H.1       PUBLIC        ET0
  B:0088H.5       PUBLIC        TF0
  C:0C8EH         PUBLIC        Timer0Init
  D:008CH         PUBLIC        TH0
  D:008AH         PUBLIC        TL0
  B:0088H.4       PUBLIC        TR0
  -------         PROC          TIMER0INIT
  C:0C8EH         LINE#         3
  C:0C8EH         LINE#         4
  C:0C8EH         LINE#         5
  C:0C91H         LINE#         6
  C:0C94H         LINE#         7
  C:0C97H         LINE#         8
  C:0C9AH         LINE#         10
  C:0C9CH         LINE#         11
  C:0C9EH         LINE#         13
  C:0CA0H         LINE#         14
  C:0CA2H         LINE#         15
  -------         ENDPROC       TIMER0INIT
  -------         ENDMOD        TIMER0
BL51 BANKED LINKER/LOCATER V6.22                                                      06/05/2026  23:13:58  PAGE 9



  -------         MODULE        UART
  C:0000H         SYMBOL        _ICE_DUMMY_
  B:00A8H.7       PUBLIC        EA
  B:00A8H.4       PUBLIC        ES
  B:0098H.1       PUBLIC        TI
  D:0099H         PUBLIC        SBUF
  D:0087H         PUBLIC        PCON
  C:0C48H         PUBLIC        UART_Init
  D:0098H         PUBLIC        SCON
  D:0089H         PUBLIC        TMOD
  C:0CFAH         PUBLIC        _UART_SendByte
  B:00A8H.3       PUBLIC        ET1
  D:008DH         PUBLIC        TH1
  D:008BH         PUBLIC        TL1
  B:0088H.6       PUBLIC        TR1
  -------         PROC          UART_INIT
  C:0C48H         LINE#         10
  C:0C48H         LINE#         13
  C:0C4BH         LINE#         14
  C:0C4EH         LINE#         15
  C:0C51H         LINE#         16
  C:0C54H         LINE#         17
  C:0C57H         LINE#         18
  C:0C5AH         LINE#         19
  C:0C5CH         LINE#         20
  C:0C5EH         LINE#         21
  C:0C60H         LINE#         22
  C:0C62H         LINE#         23
  -------         ENDPROC       UART_INIT
  -------         PROC          _UART_SENDBYTE
  D:0007H         SYMBOL        Byte
  C:0CFAH         LINE#         31
  C:0CFAH         LINE#         32
  C:0CFAH         LINE#         33
  C:0CFCH         LINE#         34
  C:0CFFH         LINE#         35
  C:0D01H         LINE#         36
  -------         ENDPROC       _UART_SENDBYTE
  -------         ENDMOD        UART

  -------         MODULE        ?C?CLDOPTR
  C:0989H         PUBLIC        ?C?CLDOPTR
  -------         ENDMOD        ?C?CLDOPTR

  -------         MODULE        ?C?IMUL
  C:09B6H         PUBLIC        ?C?IMUL
  -------         ENDMOD        ?C?IMUL

  -------         MODULE        ?C?UIDIV
  C:09C8H         PUBLIC        ?C?UIDIV
  -------         ENDMOD        ?C?UIDIV

******************************************************************************
* RESTRICTED VERSION WITH 0800H BYTE CODE SIZE LIMIT; USED: 03E4H BYTE (48%) *
******************************************************************************

BL51 BANKED LINKER/LOCATER V6.22                                                      06/05/2026  23:13:58  PAGE 10


Program Size: data=50.0 xdata=0 code=1288
LINK/LOCATE RUN COMPLETE.  0 WARNING(S),  0 ERROR(S)
