C51 COMPILER V9.54   MAIN                                                                  05/31/2026 22:05:59 PAGE 1   


C51 COMPILER V9.54, COMPILATION OF MODULE MAIN
OBJECT MODULE PLACED IN .\Objects\main.obj
COMPILER INVOKED BY: D:\Keil_v5\C51\BIN\C51.EXE main.c OPTIMIZE(8,SPEED) BROWSE DEBUG OBJECTEXTEND PRINT(.\Listings\main
                    -.lst) OBJECT(.\Objects\main.obj)

line level    source

   1          #include <REGX51.H>
   2          #include <INTRINS.H>
   3          
   4          void Dealy(unsigned int xms) {  //@12.000MHz
   5   1          unsigned char i, j;
   6   1          while(xms--){
   7   2                      i = 2;
   8   2                      j = 239;
   9   2                      do{
  10   3                              while(--j);
  11   3                      }while(--i); // --j和j--的区别是 前置- 和后置-
  12   2              }
  13   1      }
  14          
  15          void main() {
  16   1      //      P2_0=1; //灭
  17   1      //      P2_0=0;//亮
  18   1              unsigned char led=0;
  19   1              while(1){
  20   2                              if(P3_1==0){
  21   3                                      //清除抖动
  22   3                                      Dealy(20);
  23   3                                      while(P3_1==0);
  24   3                                      Dealy(20);
  25   3                                      
  26   3      //                              P2++;//P2从0自加到255
  27   3                                      //因为P2默认定义就是unsigned char类型，最大值为255，超过会自动重置
  28   3                                      
  29   3                                      //通过对正向传递取反实现倒置
  30   3                                      led++;
  31   3                                      P2=~led;
  32   3                              }
  33   2                      }
  34   1      }


MODULE INFORMATION:   STATIC OVERLAYABLE
   CODE SIZE        =     50    ----
   CONSTANT SIZE    =   ----    ----
   XDATA SIZE       =   ----    ----
   PDATA SIZE       =   ----    ----
   DATA SIZE        =   ----    ----
   IDATA SIZE       =   ----    ----
   BIT SIZE         =   ----    ----
END OF MODULE INFORMATION.


C51 COMPILATION COMPLETE.  0 WARNING(S),  0 ERROR(S)
