BL51 BANKED LINKER/LOCATER V6.22                                                        06/07/2026  11:27:19  PAGE 1


BL51 BANKED LINKER/LOCATER V6.22, INVOKED BY:
D:\KEIL_V5\C51\BIN\BL51.EXE .\Objects\main.obj, .\Objects\Delay.obj, .\Objects\LCD1602.obj, .\Objects\MatrixKey.obj, .\O
>> bjects\Timer0.obj, .\Objects\DS1302.obj TO .\Objects\Project PRINT (.\Listings\Project.m51) DISABLEWARNING (16)


MEMORY MODEL: SMALL


INPUT MODULES INCLUDED:
  .\Objects\main.obj (MAIN)
  .\Objects\Delay.obj (DELAY)
  .\Objects\LCD1602.obj (LCD1602)
  .\Objects\MatrixKey.obj (MATRIXKEY)
  .\Objects\Timer0.obj (TIMER0)
  .\Objects\DS1302.obj (DS1302)
  D:\KEIL_V5\C51\LIB\C51S.LIB (?C_STARTUP)
  D:\KEIL_V5\C51\LIB\C51S.LIB (?C?CLDOPTR)
  D:\KEIL_V5\C51\LIB\C51S.LIB (?C?IMUL)
  D:\KEIL_V5\C51\LIB\C51S.LIB (?C?UIDIV)
  D:\KEIL_V5\C51\LIB\C51S.LIB (?C_INIT)


LINK MAP OF MODULE:  .\Objects\Project (MAIN)


            TYPE    BASE      LENGTH    RELOCATION   SEGMENT NAME
            -----------------------------------------------------

            * * * * * * *   D A T A   M E M O R Y   * * * * * * *
            REG     0000H     0008H     ABSOLUTE     "REG BANK 0"
            DATA    0008H     0009H     UNIT         _DATA_GROUP_
            DATA    0011H     0007H     UNIT         ?DT?_LCD_SHOWSIGNEDNUM?LCD1602
            DATA    0018H     0007H     UNIT         ?DT?DS1302
            DATA    001FH     0005H     UNIT         ?DT?_LCD_SHOWHEXNUM?LCD1602
            DATA    0024H     0005H     UNIT         ?DT?_LCD_SHOWBINNUM?LCD1602
            DATA    0029H     0002H     UNIT         ?DT?MAIN
            IDATA   002BH     0001H     UNIT         ?STACK

            * * * * * * *   C O D E   M E M O R Y   * * * * * * *
            CODE    0000H     0003H     ABSOLUTE     
                    0003H     07FDH                  *** GAP ***
            CODE    0800H     0189H     UNIT         ?PR?MATRIXKEY?MATRIXKEY
            CODE    0989H     00E1H     UNIT         ?PR?DS1302_SETTIME?DS1302
            CODE    0A6AH     0094H     UNIT         ?C?LIB_CODE
            CODE    0AFEH     008DH     UNIT         ?PR?DS1302_READTIME?DS1302
            CODE    0B8BH     008CH     UNIT         ?C_C51STARTUP
            CODE    0C17H     0081H     UNIT         ?PR?TIMESHOW?MAIN
            CODE    0C98H     005DH     UNIT         ?PR?_DS1302_WRITEBYTE?DS1302
            CODE    0CF5H     0057H     UNIT         ?PR?MAIN?MAIN
            CODE    0D4CH     004EH     UNIT         ?PR?_DS1302_READBYTE?DS1302
            CODE    0D9AH     003AH     UNIT         ?PR?_LCD_SHOWSIGNEDNUM?LCD1602
            CODE    0DD4H     0039H     UNIT         ?PR?_LCD_SHOWHEXNUM?LCD1602
            CODE    0E0DH     0038H     UNIT         ?PR?_LCD_SHOWBINNUM?LCD1602
            CODE    0E45H     0033H     UNIT         ?PR?_LCD_POW?LCD1602
            CODE    0E78H     0023H     UNIT         ?PR?_LCD_SHOWSTRING?LCD1602
            CODE    0E9BH     001EH     UNIT         ?PR?_LCD_WRITEDATA?LCD1602
            CODE    0EB9H     001DH     UNIT         ?PR?_LCD_SHOWNUM?LCD1602
            CODE    0ED6H     0016H     UNIT         ?PR?_LCD_SETCURSOR?LCD1602
BL51 BANKED LINKER/LOCATER V6.22                                                      06/07/2026  11:27:19  PAGE 2


            CODE    0EECH     0015H     UNIT         ?PR?_DELAY?DELAY
            CODE    0F01H     0015H     UNIT         ?PR?TIMER0INIT?TIMER0
            CODE    0F16H     0014H     UNIT         ?PR?LCD_INIT?LCD1602
            CODE    0F2AH     000FH     UNIT         ?PR?LCD_DELAY?LCD1602
            CODE    0F39H     000CH     UNIT         ?CO?MAIN
            CODE    0F45H     000AH     UNIT         ?PR?_LCD_WRITECOMMAND?LCD1602
            CODE    0F4FH     000AH     UNIT         ?PR?_LCD_SHOWCHAR?LCD1602
            CODE    0F59H     000AH     UNIT         ?C_INITSEG
            CODE    0F63H     0005H     UNIT         ?PR?DS1302_INIT?DS1302
            CODE    0F68H     0004H     UNIT         ?PR?TIMESET?MAIN



OVERLAY MAP OF MODULE:   .\Objects\Project (MAIN)


SEGMENT                                  DATA_GROUP 
  +--> CALLED SEGMENT                  START    LENGTH
------------------------------------------------------
?C_C51STARTUP                          -----    -----
  +--> ?PR?MAIN?MAIN
  +--> ?C_INITSEG

?PR?MAIN?MAIN                          -----    -----
  +--> ?PR?LCD_INIT?LCD1602
  +--> ?PR?DS1302_INIT?DS1302
  +--> ?CO?MAIN
  +--> ?PR?_LCD_SHOWSTRING?LCD1602
  +--> ?PR?DS1302_SETTIME?DS1302
  +--> ?PR?MATRIXKEY?MATRIXKEY
  +--> ?PR?TIMESHOW?MAIN
  +--> ?PR?TIMESET?MAIN
  +--> ?PR?_DELAY?DELAY

?PR?LCD_INIT?LCD1602                   -----    -----
  +--> ?PR?_LCD_WRITECOMMAND?LCD1602

?PR?_LCD_WRITECOMMAND?LCD1602          -----    -----
  +--> ?PR?LCD_DELAY?LCD1602

?PR?_LCD_SHOWSTRING?LCD1602            0008H    0003H
  +--> ?PR?_LCD_SETCURSOR?LCD1602
  +--> ?PR?_LCD_WRITEDATA?LCD1602

?PR?_LCD_SETCURSOR?LCD1602             -----    -----
  +--> ?PR?_LCD_WRITECOMMAND?LCD1602

?PR?_LCD_WRITEDATA?LCD1602             -----    -----
  +--> ?PR?LCD_DELAY?LCD1602

?PR?DS1302_SETTIME?DS1302              -----    -----
  +--> ?PR?_DS1302_WRITEBYTE?DS1302

?PR?_DS1302_WRITEBYTE?DS1302           0008H    0002H

?PR?MATRIXKEY?MATRIXKEY                0008H    0001H
  +--> ?PR?_DELAY?DELAY
BL51 BANKED LINKER/LOCATER V6.22                                                      06/07/2026  11:27:19  PAGE 3



?PR?TIMESHOW?MAIN                      -----    -----
  +--> ?PR?DS1302_READTIME?DS1302
  +--> ?PR?_LCD_SHOWNUM?LCD1602
  +--> ?PR?_LCD_SHOWCHAR?LCD1602

?PR?DS1302_READTIME?DS1302             -----    -----
  +--> ?PR?_DS1302_READBYTE?DS1302

?PR?_LCD_SHOWNUM?LCD1602               0008H    0005H
  +--> ?PR?_LCD_SETCURSOR?LCD1602
  +--> ?PR?_LCD_POW?LCD1602
  +--> ?PR?_LCD_WRITEDATA?LCD1602

?PR?_LCD_POW?LCD1602                   000DH    0004H

?PR?_LCD_SHOWCHAR?LCD1602              -----    -----
  +--> ?PR?_LCD_SETCURSOR?LCD1602
  +--> ?PR?_LCD_WRITEDATA?LCD1602



SYMBOL TABLE OF MODULE:  .\Objects\Project (MAIN)

  VALUE           TYPE          NAME
  ----------------------------------

  -------         MODULE        MAIN
  C:0000H         SYMBOL        _ICE_DUMMY_
  D:00A0H         PUBLIC        P2
  D:0029H         PUBLIC        MODE
  C:0CF5H         PUBLIC        main
  C:0C17H         PUBLIC        TimeShow
  C:0F68H         PUBLIC        TimeSet
  D:002AH         PUBLIC        KeyNum
  -------         PROC          TIMESHOW
  C:0C17H         LINE#         10
  C:0C17H         LINE#         12
  C:0C1AH         LINE#         15
  C:0C29H         LINE#         16
  C:0C32H         LINE#         17
  C:0C41H         LINE#         18
  C:0C4AH         LINE#         19
  C:0C59H         LINE#         22
  C:0C68H         LINE#         23
  C:0C71H         LINE#         24
  C:0C80H         LINE#         25
  C:0C89H         LINE#         26
  -------         ENDPROC       TIMESHOW
  -------         PROC          TIMESET
  C:0F68H         LINE#         30
  C:0F68H         LINE#         31
  C:0F6BH         LINE#         32
  -------         ENDPROC       TIMESET
  -------         PROC          MAIN
  C:0CF5H         LINE#         34
  C:0CF5H         LINE#         35
BL51 BANKED LINKER/LOCATER V6.22                                                      06/07/2026  11:27:19  PAGE 4


  C:0CF8H         LINE#         36
  C:0CFBH         LINE#         38
  C:0D08H         LINE#         39
  C:0D15H         LINE#         42
  C:0D18H         LINE#         44
  C:0D18H         LINE#         45
  C:0D1DH         LINE#         46
  C:0D22H         LINE#         47
  C:0D2BH         LINE#         48
  C:0D33H         LINE#         50
  C:0D3BH         LINE#         51
  C:0D40H         LINE#         52
  C:0D43H         LINE#         53
  C:0D43H         LINE#         55
  C:0D4AH         LINE#         56
  -------         ENDPROC       MAIN
  -------         ENDMOD        MAIN

  -------         MODULE        DELAY
  C:0000H         SYMBOL        _ICE_DUMMY_
  C:0EECH         PUBLIC        _Delay
  -------         PROC          _DELAY
  D:0006H         SYMBOL        xms
  -------         DO            
  D:0005H         SYMBOL        i
  D:0004H         SYMBOL        j
  -------         ENDDO         
  C:0EECH         LINE#         4
  C:0EECH         LINE#         6
  C:0EF6H         LINE#         7
  C:0EF8H         LINE#         8
  C:0EFAH         LINE#         9
  C:0EFAH         LINE#         10
  C:0EFCH         LINE#         11
  C:0EFEH         LINE#         12
  C:0F00H         LINE#         13
  -------         ENDPROC       _DELAY
  -------         ENDMOD        DELAY

  -------         MODULE        LCD1602
  C:0000H         SYMBOL        _ICE_DUMMY_
  D:0080H         PUBLIC        P0
  D:00A0H         PUBLIC        P2
  C:0F45H         PUBLIC        _LCD_WriteCommand
  C:0EB9H         PUBLIC        _LCD_ShowNum
  C:0E0DH         PUBLIC        _LCD_ShowBinNum
  C:0F30H         PUBLIC        LCD_Delay
  C:0DD4H         PUBLIC        _LCD_ShowHexNum
  C:0EAFH         PUBLIC        _LCD_WriteData
  B:00A0H.7       PUBLIC        LCD_EN
  C:0F16H         PUBLIC        LCD_Init
  C:0E78H         PUBLIC        _LCD_ShowString
  C:0F4FH         PUBLIC        _LCD_ShowChar
  B:00A0H.6       PUBLIC        LCD_RS
  B:00A0H.5       PUBLIC        LCD_RW
  C:0ED6H         PUBLIC        _LCD_SetCursor
  C:0D9AH         PUBLIC        _LCD_ShowSignedNum
BL51 BANKED LINKER/LOCATER V6.22                                                      06/07/2026  11:27:19  PAGE 5


  C:0E51H         PUBLIC        _LCD_Pow
  -------         PROC          L?0048
  -------         ENDPROC       L?0048
  -------         PROC          LCD_DELAY
  -------         DO            
  D:0007H         SYMBOL        i
  D:0006H         SYMBOL        j
  -------         ENDDO         
  C:0F30H         LINE#         15
  C:0F30H         LINE#         16
  C:0F30H         LINE#         19
  C:0F32H         LINE#         20
  C:0F34H         LINE#         22
  C:0F34H         LINE#         23
  C:0F36H         LINE#         24
  C:0F38H         LINE#         25
  -------         ENDPROC       LCD_DELAY
  -------         PROC          _LCD_WRITECOMMAND
  D:0007H         SYMBOL        Command
  C:0F45H         LINE#         32
  C:0F45H         LINE#         33
  C:0F45H         LINE#         34
  C:0F47H         LINE#         35
  C:0F47H         LINE#         36
  C:0F47H         LINE#         37
  C:0F47H         LINE#         38
  C:0F4AH         LINE#         39
  C:0F4CH         LINE#         40
  -------         ENDPROC       _LCD_WRITECOMMAND
  -------         PROC          L?0047
  -------         ENDPROC       L?0047
  -------         PROC          _LCD_WRITEDATA
  D:0007H         SYMBOL        Data
  C:0EAFH         LINE#         48
  C:0EAFH         LINE#         49
  C:0EAFH         LINE#         50
  C:0EB1H         LINE#         51
  C:0EB1H         LINE#         52
  C:0EB1H         LINE#         53
  C:0EB1H         LINE#         54
  C:0EB4H         LINE#         55
  C:0EB6H         LINE#         56
  -------         ENDPROC       _LCD_WRITEDATA
  -------         PROC          _LCD_SETCURSOR
  D:0006H         SYMBOL        Line
  D:0005H         SYMBOL        Column
  C:0ED6H         LINE#         65
  C:0ED8H         LINE#         66
  C:0ED8H         LINE#         67
  C:0EDBH         LINE#         68
  C:0EDBH         LINE#         69
  C:0EDDH         LINE#         70
  C:0EDFH         LINE#         71
  C:0EE2H         LINE#         72
  C:0EE2H         LINE#         73
  C:0EEBH         LINE#         74
  C:0EEBH         LINE#         75
BL51 BANKED LINKER/LOCATER V6.22                                                      06/07/2026  11:27:19  PAGE 6


  -------         ENDPROC       _LCD_SETCURSOR
  -------         PROC          LCD_INIT
  C:0F16H         LINE#         82
  C:0F16H         LINE#         83
  C:0F16H         LINE#         84
  C:0F1BH         LINE#         85
  C:0F20H         LINE#         86
  C:0F25H         LINE#         87
  -------         ENDPROC       LCD_INIT
  -------         PROC          _LCD_SHOWCHAR
  D:0006H         SYMBOL        Line
  D:0005H         SYMBOL        Column
  D:0004H         SYMBOL        Char
  C:0F4FH         LINE#         97
  C:0F51H         LINE#         98
  C:0F51H         LINE#         99
  C:0F54H         LINE#         100
  -------         ENDPROC       _LCD_SHOWCHAR
  -------         PROC          _LCD_SHOWSTRING
  D:0007H         SYMBOL        Line
  D:0005H         SYMBOL        Column
  D:0008H         SYMBOL        String
  -------         DO            
  D:0005H         SYMBOL        i
  -------         ENDDO         
  C:0E78H         LINE#         110
  C:0E7EH         LINE#         111
  C:0E7EH         LINE#         113
  C:0E81H         LINE#         114
  C:0E94H         LINE#         115
  C:0E94H         LINE#         116
  C:0E97H         LINE#         117
  C:0E9AH         LINE#         118
  -------         ENDPROC       _LCD_SHOWSTRING
  C:0E47H         SYMBOL        L?0046
  -------         PROC          L?0045
  -------         ENDPROC       L?0045
  C:0E47H         SYMBOL        L?0046
  -------         PROC          _LCD_POW
  D:000DH         SYMBOL        X
  D:000FH         SYMBOL        Y
  -------         DO            
  D:0003H         SYMBOL        i
  D:0006H         SYMBOL        Result
  -------         ENDDO         
  C:0E51H         LINE#         123
  C:0E59H         LINE#         124
  C:0E59H         LINE#         126
  C:0E5DH         LINE#         127
  C:0E6DH         LINE#         128
  C:0E6DH         LINE#         129
  C:0E74H         LINE#         130
  C:0E77H         LINE#         131
  C:0E77H         LINE#         132
  -------         ENDPROC       _LCD_POW
  -------         PROC          _LCD_SHOWNUM
  D:0007H         SYMBOL        Line
BL51 BANKED LINKER/LOCATER V6.22                                                      06/07/2026  11:27:19  PAGE 7


  D:0005H         SYMBOL        Column
  D:000AH         SYMBOL        Number
  D:000CH         SYMBOL        Length
  -------         DO            
  D:0002H         SYMBOL        i
  -------         ENDDO         
  C:0EB9H         LINE#         142
  C:0EBDH         LINE#         143
  C:0EBDH         LINE#         145
  C:0EC0H         LINE#         146
  C:0EC8H         LINE#         147
  C:0EC8H         LINE#         148
  C:0ED2H         LINE#         149
  C:0ED5H         LINE#         150
  -------         ENDPROC       _LCD_SHOWNUM
  -------         PROC          _LCD_SHOWSIGNEDNUM
  D:0007H         SYMBOL        Line
  D:0005H         SYMBOL        Column
  D:0002H         SYMBOL        Number
  D:0015H         SYMBOL        Length
  -------         DO            
  D:0002H         SYMBOL        i
  D:0016H         SYMBOL        Number1
  -------         ENDDO         
  C:0D9AH         LINE#         160
  C:0D9AH         LINE#         161
  C:0D9AH         LINE#         164
  C:0D9DH         LINE#         165
  C:0DA5H         LINE#         166
  C:0DA5H         LINE#         167
  C:0DAAH         LINE#         168
  C:0DAEH         LINE#         169
  C:0DB0H         LINE#         171
  C:0DB0H         LINE#         172
  C:0DB5H         LINE#         173
  C:0DBEH         LINE#         174
  C:0DBEH         LINE#         175
  C:0DC6H         LINE#         176
  C:0DC6H         LINE#         177
  C:0DD0H         LINE#         178
  C:0DD3H         LINE#         179
  -------         ENDPROC       _LCD_SHOWSIGNEDNUM
  -------         PROC          _LCD_SHOWHEXNUM
  D:0007H         SYMBOL        Line
  D:0005H         SYMBOL        Column
  D:0021H         SYMBOL        Number
  D:0023H         SYMBOL        Length
  -------         DO            
  D:0002H         SYMBOL        i
  D:0006H         SYMBOL        SingleNumber
  -------         ENDDO         
  C:0DD4H         LINE#         189
  C:0DD8H         LINE#         190
  C:0DD8H         LINE#         192
  C:0DDBH         LINE#         193
  C:0DE3H         LINE#         194
  C:0DE3H         LINE#         195
BL51 BANKED LINKER/LOCATER V6.22                                                      06/07/2026  11:27:19  PAGE 8


  C:0DF9H         LINE#         196
  C:0DFFH         LINE#         197
  C:0DFFH         LINE#         198
  C:0E01H         LINE#         199
  C:0E03H         LINE#         201
  C:0E03H         LINE#         202
  C:0E09H         LINE#         203
  C:0E09H         LINE#         204
  C:0E0CH         LINE#         205
  -------         ENDPROC       _LCD_SHOWHEXNUM
  -------         PROC          _LCD_SHOWBINNUM
  D:0007H         SYMBOL        Line
  D:0005H         SYMBOL        Column
  D:0026H         SYMBOL        Number
  D:0028H         SYMBOL        Length
  -------         DO            
  D:0002H         SYMBOL        i
  -------         ENDDO         
  C:0E0DH         LINE#         215
  C:0E11H         LINE#         216
  C:0E11H         LINE#         218
  C:0E14H         LINE#         219
  C:0E1CH         LINE#         220
  C:0E1CH         LINE#         221
  C:0E41H         LINE#         222
  C:0E44H         LINE#         223
  -------         ENDPROC       _LCD_SHOWBINNUM
  -------         ENDMOD        LCD1602

  -------         MODULE        MATRIXKEY
  C:0000H         SYMBOL        _ICE_DUMMY_
  D:0090H         PUBLIC        P1
  B:0090H.0       PUBLIC        P1_0
  B:0090H.1       PUBLIC        P1_1
  B:0090H.2       PUBLIC        P1_2
  B:0090H.3       PUBLIC        P1_3
  B:0090H.4       PUBLIC        P1_4
  B:0090H.5       PUBLIC        P1_5
  B:0090H.6       PUBLIC        P1_6
  B:0090H.7       PUBLIC        P1_7
  C:0800H         PUBLIC        MatrixKey
  -------         PROC          MATRIXKEY
  -------         DO            
  D:0008H         SYMBOL        KeyNumber
  -------         ENDDO         
  C:0800H         LINE#         10
  C:0800H         LINE#         11
  C:0803H         LINE#         14
  C:0806H         LINE#         15
  C:0808H         LINE#         21
  C:081EH         LINE#         22
  C:0835H         LINE#         23
  C:084CH         LINE#         24
  C:0863H         LINE#         28
  C:0866H         LINE#         29
  C:0868H         LINE#         30
  C:087FH         LINE#         31
BL51 BANKED LINKER/LOCATER V6.22                                                      06/07/2026  11:27:19  PAGE 9


  C:0896H         LINE#         32
  C:08ADH         LINE#         33
  C:08C4H         LINE#         36
  C:08C7H         LINE#         37
  C:08C9H         LINE#         38
  C:08E0H         LINE#         39
  C:08F7H         LINE#         40
  C:090EH         LINE#         41
  C:0925H         LINE#         44
  C:0928H         LINE#         45
  C:092AH         LINE#         46
  C:0941H         LINE#         47
  C:0958H         LINE#         48
  C:096FH         LINE#         49
  C:0986H         LINE#         51
  C:0988H         LINE#         53
  -------         ENDPROC       MATRIXKEY
  -------         ENDMOD        MATRIXKEY

  -------         MODULE        TIMER0
  C:0000H         SYMBOL        _ICE_DUMMY_
  B:00A8H.7       PUBLIC        EA
  D:0089H         PUBLIC        TMOD
  B:00A8H.1       PUBLIC        ET0
  B:0088H.5       PUBLIC        TF0
  C:0F01H         PUBLIC        Timer0Init
  D:008CH         PUBLIC        TH0
  D:008AH         PUBLIC        TL0
  B:0088H.4       PUBLIC        TR0
  -------         PROC          TIMER0INIT
  C:0F01H         LINE#         3
  C:0F01H         LINE#         4
  C:0F01H         LINE#         5
  C:0F04H         LINE#         6
  C:0F07H         LINE#         7
  C:0F0AH         LINE#         8
  C:0F0DH         LINE#         10
  C:0F0FH         LINE#         11
  C:0F11H         LINE#         13
  C:0F13H         LINE#         14
  C:0F15H         LINE#         15
  -------         ENDPROC       TIMER0INIT
  -------         ENDMOD        TIMER0

  -------         MODULE        DS1302
  C:0000H         SYMBOL        _ICE_DUMMY_
  C:0989H         PUBLIC        DS1302_SetTime
  D:00B0H         PUBLIC        P3
  B:00B0H.5       PUBLIC        DS1302_CE
  C:0AFEH         PUBLIC        DS1302_ReadTime
  D:0018H         PUBLIC        DS1302_Time
  C:0D4CH         PUBLIC        _DS1302_ReadByte
  B:00B0H.4       PUBLIC        DS1302_IO
  C:0C9EH         PUBLIC        _DS1302_WriteByte
  B:00B0H.6       PUBLIC        DS1302_SCLK
  C:0F63H         PUBLIC        Ds1302_Init
  -------         PROC          DS1302_INIT
BL51 BANKED LINKER/LOCATER V6.22                                                      06/07/2026  11:27:19  PAGE 10


  C:0F63H         LINE#         14
  C:0F63H         LINE#         15
  C:0F65H         LINE#         16
  C:0F67H         LINE#         18
  -------         ENDPROC       DS1302_INIT
  -------         PROC          L?0027
  -------         ENDPROC       L?0027
  -------         PROC          _DS1302_WRITEBYTE
  D:0003H         SYMBOL        Command
  D:0008H         SYMBOL        Data
  -------         DO            
  D:0005H         SYMBOL        i
  -------         ENDDO         
  C:0C9EH         LINE#         27
  C:0CA4H         LINE#         29
  C:0CA6H         LINE#         42
  C:0CA8H         LINE#         44
  C:0CC3H         LINE#         45
  C:0CC5H         LINE#         46
  C:0CC7H         LINE#         47
  C:0CCBH         LINE#         49
  C:0CCDH         LINE#         51
  C:0CEAH         LINE#         52
  C:0CECH         LINE#         53
  C:0CEEH         LINE#         54
  C:0CF2H         LINE#         55
  C:0CF4H         LINE#         56
  -------         ENDPROC       _DS1302_WRITEBYTE
  -------         PROC          _DS1302_READBYTE
  D:0005H         SYMBOL        Command
  -------         DO            
  D:0003H         SYMBOL        i
  D:0001H         SYMBOL        Data
  -------         ENDDO         
  C:0D4CH         LINE#         65
  C:0D4EH         LINE#         66
  C:0D50H         LINE#         67
  C:0D53H         LINE#         68
  C:0D55H         LINE#         69
  C:0D56H         LINE#         70
  C:0D71H         LINE#         71
  C:0D73H         LINE#         72
  C:0D75H         LINE#         73
  C:0D79H         LINE#         83
  C:0D7BH         LINE#         84
  C:0D7DH         LINE#         85
  C:0D7FH         LINE#         86
  C:0D8FH         LINE#         87
  C:0D93H         LINE#         88
  C:0D95H         LINE#         89
  C:0D97H         LINE#         90
  C:0D99H         LINE#         91
  -------         ENDPROC       _DS1302_READBYTE
  -------         PROC          DS1302_SETTIME
  C:0989H         LINE#         105
  C:0989H         LINE#         107
  C:0991H         LINE#         110
BL51 BANKED LINKER/LOCATER V6.22                                                      06/07/2026  11:27:19  PAGE 11


  C:09AAH         LINE#         111
  C:09C5H         LINE#         112
  C:09E6H         LINE#         113
  C:0A07H         LINE#         114
  C:0A28H         LINE#         115
  C:0A49H         LINE#         116
  -------         ENDPROC       DS1302_SETTIME
  -------         PROC          DS1302_READTIME
  -------         DO            
  D:0007H         SYMBOL        Temp
  -------         ENDDO         
  C:0AFEH         LINE#         123
  C:0AFEH         LINE#         126
  C:0B03H         LINE#         127
  C:0B12H         LINE#         128
  C:0B17H         LINE#         129
  C:0B26H         LINE#         130
  C:0B2BH         LINE#         131
  C:0B3AH         LINE#         132
  C:0B3FH         LINE#         133
  C:0B4EH         LINE#         134
  C:0B53H         LINE#         135
  C:0B62H         LINE#         136
  C:0B67H         LINE#         137
  C:0B76H         LINE#         138
  C:0B7BH         LINE#         139
  C:0B8AH         LINE#         140
  -------         ENDPROC       DS1302_READTIME
  -------         ENDMOD        DS1302

  -------         MODULE        ?C?CLDOPTR
  C:0A6AH         PUBLIC        ?C?CLDOPTR
  -------         ENDMOD        ?C?CLDOPTR

  -------         MODULE        ?C?IMUL
  C:0A97H         PUBLIC        ?C?IMUL
  -------         ENDMOD        ?C?IMUL

  -------         MODULE        ?C?UIDIV
  C:0AA9H         PUBLIC        ?C?UIDIV
  -------         ENDMOD        ?C?UIDIV

******************************************************************************
* RESTRICTED VERSION WITH 0800H BYTE CODE SIZE LIMIT; USED: 064BH BYTE (78%) *
******************************************************************************

Program Size: data=44.0 xdata=0 code=1903
LINK/LOCATE RUN COMPLETE.  0 WARNING(S),  0 ERROR(S)
