C51 COMPILER V9.54   MAIN                                                                  06/02/2026 21:15:39 PAGE 1   


C51 COMPILER V9.54, COMPILATION OF MODULE MAIN
OBJECT MODULE PLACED IN .\Objects\main.obj
COMPILER INVOKED BY: D:\Keil_v5\C51\BIN\C51.EXE main.c OPTIMIZE(8,SPEED) BROWSE DEBUG OBJECTEXTEND PRINT(.\Listings\main
                    -.lst) OBJECT(.\Objects\main.obj)

line level    source

   1          #include <REGX52.H>
   2          #include <INTRINS.H>
   3          #include "Delay.h"
   4          //#include "Nixie.h"
   5          #include "LCD1602.h"
   6          #include "MatrixKey.h"
   7          
   8          //      LCD_ShowChar(1,1,"A");
   9          //      LCD_ShowString(1,1,"HelloWorld!");
  10          //      LCD_ShowNum(1,9,123,3);
  11          //      LCD_ShowSignedNum(1,13,-66,2);
  12          //      LCD_ShowHexNum(2,1,0xA8,2);
  13          //      LCD_ShowBinNum(2,4,0xAA,8);
  14          
  15          void LCD_Clear(unsigned char *str){
  16   1              LCD_ShowString(1,1,str);
  17   1              Delay(2000);                                //清除及时性反馈
  18   1              LCD_ShowString(1,1,"Password:");
  19   1      }
  20          
  21          void main() {
  22   1              //如果要放到函数中传递，需要改成全局变量（放到函数外面）
  23   1              unsigned char KeyNum;
  24   1              unsigned int passwd = 0;
  25   1              unsigned char count = 0; //存储输入的密码
  26   1              
  27   1              // 先初始化
  28   1              LCD_Init();
  29   1              LCD_ShowString(1,1,"Password:");
  30   1      
  31   1          while(1) {
  32   2                      KeyNum=MatrixKey();
  33   2                      
  34   2                      if(KeyNum){
  35   3                              if(KeyNum<10){
  36   4                                      //如果输入密码小于4
  37   4                                      if(count<4){
  38   5                                              passwd*=10;                     //密码左移一位
  39   5                                              passwd+=KeyNum%10;  //获取一位密码
  40   5                                      }count++;
  41   4                                      
  42   4                                      if(count==4){
  43   5                                              if(passwd==1234){
  44   6                                                      LCD_Clear("UNLOCK!     ");
  45   6                                              }else{
  46   6                                                      LCD_Clear("FAULE__      ");
  47   6                                              }
  48   5                                              count=0;
  49   5                                              passwd=0;                                               //666，只有 密码 和 计数器 同时重置才行
  50   5                                      }
  51   4                                      
  52   4                                      
  53   4                                      //无密码显示模式
  54   4      //                              LCD_ShowNum(2,1,passwd,4); //最后执行，如果提前会导致无法清除密码，因为passwd=0
C51 COMPILER V9.54   MAIN                                                                  06/02/2026 21:15:39 PAGE 2   

             -是后执行的；
  55   4                              }
  56   3                      }
  57   2          }
  58   1      }
  59          


MODULE INFORMATION:   STATIC OVERLAYABLE
   CODE SIZE        =    144    ----
   CONSTANT SIZE    =     37    ----
   XDATA SIZE       =   ----    ----
   PDATA SIZE       =   ----    ----
   DATA SIZE        =   ----       3
   IDATA SIZE       =   ----    ----
   BIT SIZE         =   ----    ----
END OF MODULE INFORMATION.


C51 COMPILATION COMPLETE.  0 WARNING(S),  0 ERROR(S)
