BL51 BANKED LINKER/LOCATER V6.22                                                        06/02/2026  21:15:39  PAGE 1


BL51 BANKED LINKER/LOCATER V6.22, INVOKED BY:
D:\KEIL_V5\C51\BIN\BL51.EXE .\Objects\main.obj, .\Objects\Delay.obj, .\Objects\Nixie.obj, .\Objects\LCD1602.obj, .\Objec
>> ts\MatrixKey.obj TO .\Objects\Project PRINT (.\Listings\Project.m51) DISABLEWARNING (16)


MEMORY MODEL: SMALL


INPUT MODULES INCLUDED:
  .\Objects\main.obj (MAIN)
  .\Objects\Delay.obj (DELAY)
  .\Objects\Nixie.obj (NIXIE)
  .\Objects\LCD1602.obj (LCD1602)
  .\Objects\MatrixKey.obj (MATRIXKEY)
  D:\KEIL_V5\C51\LIB\C51S.LIB (?C_STARTUP)
  D:\KEIL_V5\C51\LIB\C51S.LIB (?C?CLDOPTR)
  D:\KEIL_V5\C51\LIB\C51S.LIB (?C?IMUL)
  D:\KEIL_V5\C51\LIB\C51S.LIB (?C?UIDIV)
  D:\KEIL_V5\C51\LIB\C51S.LIB (?C_INIT)


LINK MAP OF MODULE:  .\Objects\Project (MAIN)


            TYPE    BASE      LENGTH    RELOCATION   SEGMENT NAME
            -----------------------------------------------------

            * * * * * * *   D A T A   M E M O R Y   * * * * * * *
            REG     0000H     0008H     ABSOLUTE     "REG BANK 0"
            DATA    0008H     000AH     UNIT         ?DT?NIXIE
            DATA    0012H     0007H     UNIT         ?DT?_LCD_SHOWSIGNEDNUM?LCD1602
            DATA    0019H     0006H     UNIT         _DATA_GROUP_
            DATA    001FH     0005H     UNIT         ?DT?_LCD_SHOWNUM?LCD1602
            DATA    0024H     0005H     UNIT         ?DT?_LCD_SHOWHEXNUM?LCD1602
            DATA    0029H     0005H     UNIT         ?DT?_LCD_SHOWBINNUM?LCD1602
            DATA    002EH     0004H     UNIT         ?DT?_LCD_POW?LCD1602
            IDATA   0032H     0001H     UNIT         ?STACK

            * * * * * * *   C O D E   M E M O R Y   * * * * * * *
            CODE    0000H     0003H     ABSOLUTE     
                    0003H     07FDH                  *** GAP ***
            CODE    0800H     0189H     UNIT         ?PR?MATRIXKEY?MATRIXKEY
            CODE    0989H     0094H     UNIT         ?C?LIB_CODE
            CODE    0A1DH     008CH     UNIT         ?C_C51STARTUP
            CODE    0AA9H     0075H     UNIT         ?PR?MAIN?MAIN
            CODE    0B1EH     0063H     UNIT         ?PR?_NIXIE?NIXIE
            CODE    0B81H     003AH     UNIT         ?PR?_LCD_SHOWSIGNEDNUM?LCD1602
            CODE    0BBBH     0039H     UNIT         ?PR?_LCD_SHOWHEXNUM?LCD1602
            CODE    0BF4H     0038H     UNIT         ?PR?_LCD_SHOWBINNUM?LCD1602
            CODE    0C2CH     0033H     UNIT         ?PR?_LCD_POW?LCD1602
            CODE    0C5FH     0025H     UNIT         ?CO?MAIN
            CODE    0C84H     0023H     UNIT         ?PR?_LCD_SHOWSTRING?LCD1602
            CODE    0CA7H     001EH     UNIT         ?PR?_LCD_WRITEDATA?LCD1602
            CODE    0CC5H     001DH     UNIT         ?PR?_LCD_SHOWNUM?LCD1602
            CODE    0CE2H     001BH     UNIT         ?PR?_LCD_CLEAR?MAIN
            CODE    0CFDH     0016H     UNIT         ?PR?_LCD_SETCURSOR?LCD1602
            CODE    0D13H     0015H     UNIT         ?PR?_DELAY?DELAY
            CODE    0D28H     0014H     UNIT         ?PR?LCD_INIT?LCD1602
BL51 BANKED LINKER/LOCATER V6.22                                                      06/02/2026  21:15:39  PAGE 2


            CODE    0D3CH     000FH     UNIT         ?PR?LCD_DELAY?LCD1602
            CODE    0D4BH     000DH     UNIT         ?C_INITSEG
            CODE    0D58H     000AH     UNIT         ?PR?_LCD_WRITECOMMAND?LCD1602
            CODE    0D62H     000AH     UNIT         ?PR?_LCD_SHOWCHAR?LCD1602



OVERLAY MAP OF MODULE:   .\Objects\Project (MAIN)


SEGMENT                                  DATA_GROUP 
  +--> CALLED SEGMENT                  START    LENGTH
------------------------------------------------------
?C_C51STARTUP                          -----    -----
  +--> ?PR?MAIN?MAIN
  +--> ?C_INITSEG

?PR?MAIN?MAIN                          0019H    0003H
  +--> ?PR?LCD_INIT?LCD1602
  +--> ?CO?MAIN
  +--> ?PR?_LCD_SHOWSTRING?LCD1602
  +--> ?PR?MATRIXKEY?MATRIXKEY
  +--> ?PR?_LCD_CLEAR?MAIN

?PR?LCD_INIT?LCD1602                   -----    -----
  +--> ?PR?_LCD_WRITECOMMAND?LCD1602

?PR?_LCD_WRITECOMMAND?LCD1602          -----    -----
  +--> ?PR?LCD_DELAY?LCD1602

?PR?_LCD_SHOWSTRING?LCD1602            001CH    0003H
  +--> ?PR?_LCD_SETCURSOR?LCD1602
  +--> ?PR?_LCD_WRITEDATA?LCD1602

?PR?_LCD_SETCURSOR?LCD1602             -----    -----
  +--> ?PR?_LCD_WRITECOMMAND?LCD1602

?PR?_LCD_WRITEDATA?LCD1602             -----    -----
  +--> ?PR?LCD_DELAY?LCD1602

?PR?MATRIXKEY?MATRIXKEY                001CH    0001H
  +--> ?PR?_DELAY?DELAY

?PR?_LCD_CLEAR?MAIN                    -----    -----
  +--> ?PR?_LCD_SHOWSTRING?LCD1602
  +--> ?PR?_DELAY?DELAY
  +--> ?CO?MAIN



SYMBOL TABLE OF MODULE:  .\Objects\Project (MAIN)

  VALUE           TYPE          NAME
  ----------------------------------

  -------         MODULE        MAIN
  C:0000H         SYMBOL        _ICE_DUMMY_
BL51 BANKED LINKER/LOCATER V6.22                                                      06/02/2026  21:15:39  PAGE 3


  C:0CE2H         PUBLIC        _LCD_Clear
  C:0AA9H         PUBLIC        main
  -------         PROC          _LCD_CLEAR
  D:0001H         SYMBOL        str
  C:0CE2H         LINE#         15
  C:0CE2H         LINE#         16
  C:0CE9H         LINE#         17
  C:0CF0H         LINE#         18
  -------         ENDPROC       _LCD_CLEAR
  -------         PROC          MAIN
  -------         DO            
  D:0003H         SYMBOL        KeyNum
  D:0019H         SYMBOL        passwd
  D:001BH         SYMBOL        count
  -------         ENDDO         
  C:0AA9H         LINE#         21
  C:0AA9H         LINE#         24
  C:0AAEH         LINE#         25
  C:0AB0H         LINE#         28
  C:0AB3H         LINE#         29
  C:0AC0H         LINE#         31
  C:0AC0H         LINE#         32
  C:0AC5H         LINE#         34
  C:0AC8H         LINE#         35
  C:0ACDH         LINE#         37
  C:0AD4H         LINE#         38
  C:0AE3H         LINE#         39
  C:0AF3H         LINE#         40
  C:0AF5H         LINE#         42
  C:0AFAH         LINE#         43
  C:0B04H         LINE#         44
  C:0B0AH         LINE#         45
  C:0B0CH         LINE#         46
  C:0B15H         LINE#         47
  C:0B15H         LINE#         48
  C:0B18H         LINE#         49
  C:0B1CH         LINE#         50
  C:0B1CH         LINE#         55
  C:0B1CH         LINE#         56
  C:0B1CH         LINE#         57
  -------         ENDPROC       MAIN
  -------         ENDMOD        MAIN

  -------         MODULE        DELAY
  C:0000H         SYMBOL        _ICE_DUMMY_
  C:0D13H         PUBLIC        _Delay
  -------         PROC          _DELAY
  D:0006H         SYMBOL        xms
  -------         DO            
  D:0005H         SYMBOL        i
  D:0004H         SYMBOL        j
  -------         ENDDO         
  C:0D13H         LINE#         4
  C:0D13H         LINE#         6
  C:0D1DH         LINE#         7
  C:0D1FH         LINE#         8
  C:0D21H         LINE#         9
BL51 BANKED LINKER/LOCATER V6.22                                                      06/02/2026  21:15:39  PAGE 4


  C:0D21H         LINE#         10
  C:0D23H         LINE#         11
  C:0D25H         LINE#         12
  C:0D27H         LINE#         13
  -------         ENDPROC       _DELAY
  -------         ENDMOD        DELAY

  -------         MODULE        NIXIE
  C:0000H         SYMBOL        _ICE_DUMMY_
  C:0B1EH         PUBLIC        _Nixie
  D:0080H         PUBLIC        P0
  B:00A0H.2       PUBLIC        P2_2
  B:00A0H.3       PUBLIC        P2_3
  B:00A0H.4       PUBLIC        P2_4
  D:0008H         PUBLIC        NixieTable
  -------         PROC          _NIXIE
  D:0007H         SYMBOL        Location
  D:0005H         SYMBOL        Number
  C:0B1EH         LINE#         6
  C:0B1EH         LINE#         7
  C:0B4BH         LINE#         9
  C:0B4FH         LINE#         10
  C:0B53H         LINE#         11
  C:0B57H         LINE#         12
  C:0B5BH         LINE#         13
  C:0B63H         LINE#         14
  C:0B6BH         LINE#         15
  C:0B73H         LINE#         16
  C:0B79H         LINE#         17
  C:0B79H         LINE#         18
  C:0B80H         LINE#         19
  -------         ENDPROC       _NIXIE
  -------         ENDMOD        NIXIE

  -------         MODULE        LCD1602
  C:0000H         SYMBOL        _ICE_DUMMY_
  D:0080H         PUBLIC        P0
  D:00A0H         PUBLIC        P2
  C:0D58H         PUBLIC        _LCD_WriteCommand
  C:0CC5H         PUBLIC        _LCD_ShowNum
  C:0BF4H         PUBLIC        _LCD_ShowBinNum
  C:0D42H         PUBLIC        LCD_Delay
  C:0BBBH         PUBLIC        _LCD_ShowHexNum
  C:0CBBH         PUBLIC        _LCD_WriteData
  B:00A0H.7       PUBLIC        LCD_EN
  C:0D28H         PUBLIC        LCD_Init
  C:0C84H         PUBLIC        _LCD_ShowString
  C:0D62H         PUBLIC        _LCD_ShowChar
  B:00A0H.6       PUBLIC        LCD_RS
  B:00A0H.5       PUBLIC        LCD_RW
  C:0CFDH         PUBLIC        _LCD_SetCursor
  C:0B81H         PUBLIC        _LCD_ShowSignedNum
  C:0C38H         PUBLIC        _LCD_Pow
  -------         PROC          L?0048
  -------         ENDPROC       L?0048
  -------         PROC          LCD_DELAY
  -------         DO            
BL51 BANKED LINKER/LOCATER V6.22                                                      06/02/2026  21:15:39  PAGE 5


  D:0007H         SYMBOL        i
  D:0006H         SYMBOL        j
  -------         ENDDO         
  C:0D42H         LINE#         15
  C:0D42H         LINE#         16
  C:0D42H         LINE#         19
  C:0D44H         LINE#         20
  C:0D46H         LINE#         22
  C:0D46H         LINE#         23
  C:0D48H         LINE#         24
  C:0D4AH         LINE#         25
  -------         ENDPROC       LCD_DELAY
  -------         PROC          _LCD_WRITECOMMAND
  D:0007H         SYMBOL        Command
  C:0D58H         LINE#         32
  C:0D58H         LINE#         33
  C:0D58H         LINE#         34
  C:0D5AH         LINE#         35
  C:0D5AH         LINE#         36
  C:0D5AH         LINE#         37
  C:0D5AH         LINE#         38
  C:0D5DH         LINE#         39
  C:0D5FH         LINE#         40
  -------         ENDPROC       _LCD_WRITECOMMAND
  -------         PROC          L?0047
  -------         ENDPROC       L?0047
  -------         PROC          _LCD_WRITEDATA
  D:0007H         SYMBOL        Data
  C:0CBBH         LINE#         48
  C:0CBBH         LINE#         49
  C:0CBBH         LINE#         50
  C:0CBDH         LINE#         51
  C:0CBDH         LINE#         52
  C:0CBDH         LINE#         53
  C:0CBDH         LINE#         54
  C:0CC0H         LINE#         55
  C:0CC2H         LINE#         56
  -------         ENDPROC       _LCD_WRITEDATA
  -------         PROC          _LCD_SETCURSOR
  D:0006H         SYMBOL        Line
  D:0005H         SYMBOL        Column
  C:0CFDH         LINE#         65
  C:0CFFH         LINE#         66
  C:0CFFH         LINE#         67
  C:0D02H         LINE#         68
  C:0D02H         LINE#         69
  C:0D04H         LINE#         70
  C:0D06H         LINE#         71
  C:0D09H         LINE#         72
  C:0D09H         LINE#         73
  C:0D12H         LINE#         74
  C:0D12H         LINE#         75
  -------         ENDPROC       _LCD_SETCURSOR
  -------         PROC          LCD_INIT
  C:0D28H         LINE#         82
  C:0D28H         LINE#         83
  C:0D28H         LINE#         84
BL51 BANKED LINKER/LOCATER V6.22                                                      06/02/2026  21:15:39  PAGE 6


  C:0D2DH         LINE#         85
  C:0D32H         LINE#         86
  C:0D37H         LINE#         87
  -------         ENDPROC       LCD_INIT
  -------         PROC          _LCD_SHOWCHAR
  D:0006H         SYMBOL        Line
  D:0005H         SYMBOL        Column
  D:0004H         SYMBOL        Char
  C:0D62H         LINE#         97
  C:0D64H         LINE#         98
  C:0D64H         LINE#         99
  C:0D67H         LINE#         100
  -------         ENDPROC       _LCD_SHOWCHAR
  -------         PROC          _LCD_SHOWSTRING
  D:0007H         SYMBOL        Line
  D:0005H         SYMBOL        Column
  D:001CH         SYMBOL        String
  -------         DO            
  D:0005H         SYMBOL        i
  -------         ENDDO         
  C:0C84H         LINE#         110
  C:0C8AH         LINE#         111
  C:0C8AH         LINE#         113
  C:0C8DH         LINE#         114
  C:0CA0H         LINE#         115
  C:0CA0H         LINE#         116
  C:0CA3H         LINE#         117
  C:0CA6H         LINE#         118
  -------         ENDPROC       _LCD_SHOWSTRING
  C:0C2EH         SYMBOL        L?0046
  -------         PROC          L?0045
  -------         ENDPROC       L?0045
  C:0C2EH         SYMBOL        L?0046
  -------         PROC          _LCD_POW
  D:002EH         SYMBOL        X
  D:0030H         SYMBOL        Y
  -------         DO            
  D:0003H         SYMBOL        i
  D:0006H         SYMBOL        Result
  -------         ENDDO         
  C:0C38H         LINE#         123
  C:0C40H         LINE#         124
  C:0C40H         LINE#         126
  C:0C44H         LINE#         127
  C:0C54H         LINE#         128
  C:0C54H         LINE#         129
  C:0C5BH         LINE#         130
  C:0C5EH         LINE#         131
  C:0C5EH         LINE#         132
  -------         ENDPROC       _LCD_POW
  -------         PROC          _LCD_SHOWNUM
  D:0007H         SYMBOL        Line
  D:0005H         SYMBOL        Column
  D:0021H         SYMBOL        Number
  D:0023H         SYMBOL        Length
  -------         DO            
  D:0002H         SYMBOL        i
BL51 BANKED LINKER/LOCATER V6.22                                                      06/02/2026  21:15:39  PAGE 7


  -------         ENDDO         
  C:0CC5H         LINE#         142
  C:0CC9H         LINE#         143
  C:0CC9H         LINE#         145
  C:0CCCH         LINE#         146
  C:0CD4H         LINE#         147
  C:0CD4H         LINE#         148
  C:0CDEH         LINE#         149
  C:0CE1H         LINE#         150
  -------         ENDPROC       _LCD_SHOWNUM
  -------         PROC          _LCD_SHOWSIGNEDNUM
  D:0007H         SYMBOL        Line
  D:0005H         SYMBOL        Column
  D:0002H         SYMBOL        Number
  D:0016H         SYMBOL        Length
  -------         DO            
  D:0002H         SYMBOL        i
  D:0017H         SYMBOL        Number1
  -------         ENDDO         
  C:0B81H         LINE#         160
  C:0B81H         LINE#         161
  C:0B81H         LINE#         164
  C:0B84H         LINE#         165
  C:0B8CH         LINE#         166
  C:0B8CH         LINE#         167
  C:0B91H         LINE#         168
  C:0B95H         LINE#         169
  C:0B97H         LINE#         171
  C:0B97H         LINE#         172
  C:0B9CH         LINE#         173
  C:0BA5H         LINE#         174
  C:0BA5H         LINE#         175
  C:0BADH         LINE#         176
  C:0BADH         LINE#         177
  C:0BB7H         LINE#         178
  C:0BBAH         LINE#         179
  -------         ENDPROC       _LCD_SHOWSIGNEDNUM
  -------         PROC          _LCD_SHOWHEXNUM
  D:0007H         SYMBOL        Line
  D:0005H         SYMBOL        Column
  D:0026H         SYMBOL        Number
  D:0028H         SYMBOL        Length
  -------         DO            
  D:0002H         SYMBOL        i
  D:0006H         SYMBOL        SingleNumber
  -------         ENDDO         
  C:0BBBH         LINE#         189
  C:0BBFH         LINE#         190
  C:0BBFH         LINE#         192
  C:0BC2H         LINE#         193
  C:0BCAH         LINE#         194
  C:0BCAH         LINE#         195
  C:0BE0H         LINE#         196
  C:0BE6H         LINE#         197
  C:0BE6H         LINE#         198
  C:0BE8H         LINE#         199
  C:0BEAH         LINE#         201
BL51 BANKED LINKER/LOCATER V6.22                                                      06/02/2026  21:15:39  PAGE 8


  C:0BEAH         LINE#         202
  C:0BF0H         LINE#         203
  C:0BF0H         LINE#         204
  C:0BF3H         LINE#         205
  -------         ENDPROC       _LCD_SHOWHEXNUM
  -------         PROC          _LCD_SHOWBINNUM
  D:0007H         SYMBOL        Line
  D:0005H         SYMBOL        Column
  D:002BH         SYMBOL        Number
  D:002DH         SYMBOL        Length
  -------         DO            
  D:0002H         SYMBOL        i
  -------         ENDDO         
  C:0BF4H         LINE#         215
  C:0BF8H         LINE#         216
  C:0BF8H         LINE#         218
  C:0BFBH         LINE#         219
  C:0C03H         LINE#         220
  C:0C03H         LINE#         221
  C:0C28H         LINE#         222
  C:0C2BH         LINE#         223
  -------         ENDPROC       _LCD_SHOWBINNUM
  -------         ENDMOD        LCD1602

  -------         MODULE        MATRIXKEY
  C:0000H         SYMBOL        _ICE_DUMMY_
  D:0090H         PUBLIC        P1
  B:0090H.0       PUBLIC        P1_0
  B:0090H.1       PUBLIC        P1_1
  B:0090H.2       PUBLIC        P1_2
  B:0090H.3       PUBLIC        P1_3
  B:0090H.4       PUBLIC        P1_4
  B:0090H.5       PUBLIC        P1_5
  B:0090H.6       PUBLIC        P1_6
  B:0090H.7       PUBLIC        P1_7
  C:0800H         PUBLIC        MatrixKey
  -------         PROC          MATRIXKEY
  -------         DO            
  D:001CH         SYMBOL        KeyNumber
  -------         ENDDO         
  C:0800H         LINE#         10
  C:0800H         LINE#         11
  C:0803H         LINE#         14
  C:0806H         LINE#         15
  C:0808H         LINE#         21
  C:081EH         LINE#         22
  C:0835H         LINE#         23
  C:084CH         LINE#         24
  C:0863H         LINE#         28
  C:0866H         LINE#         29
  C:0868H         LINE#         30
  C:087FH         LINE#         31
  C:0896H         LINE#         32
  C:08ADH         LINE#         33
  C:08C4H         LINE#         36
  C:08C7H         LINE#         37
  C:08C9H         LINE#         38
BL51 BANKED LINKER/LOCATER V6.22                                                      06/02/2026  21:15:39  PAGE 9


  C:08E0H         LINE#         39
  C:08F7H         LINE#         40
  C:090EH         LINE#         41
  C:0925H         LINE#         44
  C:0928H         LINE#         45
  C:092AH         LINE#         46
  C:0941H         LINE#         47
  C:0958H         LINE#         48
  C:096FH         LINE#         49
  C:0986H         LINE#         51
  C:0988H         LINE#         53
  -------         ENDPROC       MATRIXKEY
  -------         ENDMOD        MATRIXKEY

  -------         MODULE        ?C?CLDOPTR
  C:0989H         PUBLIC        ?C?CLDOPTR
  -------         ENDMOD        ?C?CLDOPTR

  -------         MODULE        ?C?IMUL
  C:09B6H         PUBLIC        ?C?IMUL
  -------         ENDMOD        ?C?IMUL

  -------         MODULE        ?C?UIDIV
  C:09C8H         PUBLIC        ?C?UIDIV
  -------         ENDMOD        ?C?UIDIV

******************************************************************************
* RESTRICTED VERSION WITH 0800H BYTE CODE SIZE LIMIT; USED: 044BH BYTE (53%) *
******************************************************************************

Program Size: data=51.0 xdata=0 code=1391
LINK/LOCATE RUN COMPLETE.  0 WARNING(S),  0 ERROR(S)
