C51 COMPILER V9.54   MAIN                                                                  06/01/2026 23:45:58 PAGE 1   


C51 COMPILER V9.54, COMPILATION OF MODULE MAIN
OBJECT MODULE PLACED IN .\Objects\main.obj
COMPILER INVOKED BY: D:\Keil_v5\C51\BIN\C51.EXE main.c OPTIMIZE(8,SPEED) BROWSE DEBUG OBJECTEXTEND PRINT(.\Listings\main
                    -.lst) OBJECT(.\Objects\main.obj)

line level    source

   1          #include <REGX52.H>
   2          #include <INTRINS.H>
   3          #include "Delay.h"
   4          #include "Nixie.h"
   5          #include "LCD1602.h"
   6          #include "MatrixKey.h"
   7          
   8          //      LCD_ShowChar(1,1,"A");
   9          //      LCD_ShowString(1,1,"HelloWorld!");
  10          //      LCD_ShowNum(1,9,123,3);
  11          //      LCD_ShowSignedNum(1,13,-66,2);
  12          //      LCD_ShowHexNum(2,1,0xA8,2);
  13          //      LCD_ShowBinNum(2,4,0xAA,8);
  14          
  15          void main() {
  16   1              int num=0;
  17   1              unsigned char KeyNum;
  18   1              
  19   1              // 先初始化
  20   1              LCD_Init();
  21   1      //      LCD_ShowString(1,1,"HelloWorld!");
  22   1      
  23   1          while(1) {
  24   2                      KeyNum=MatrixKey();
  25   2                      if(KeyNum){
  26   3                              LCD_ShowNum(1,1,KeyNum,2);
  27   3                      }
  28   2      
  29   2          }
  30   1      }
  31          


MODULE INFORMATION:   STATIC OVERLAYABLE
   CODE SIZE        =     32    ----
   CONSTANT SIZE    =   ----    ----
   XDATA SIZE       =   ----    ----
   PDATA SIZE       =   ----    ----
   DATA SIZE        =   ----       3
   IDATA SIZE       =   ----    ----
   BIT SIZE         =   ----    ----
END OF MODULE INFORMATION.


C51 COMPILATION COMPLETE.  0 WARNING(S),  0 ERROR(S)
