C51 COMPILER V9.54   BUZZER                                                                06/13/2026 21:14:37 PAGE 1   


C51 COMPILER V9.54, COMPILATION OF MODULE BUZZER
OBJECT MODULE PLACED IN .\Objects\Buzzer.obj
COMPILER INVOKED BY: D:\Keil_v5\C51\BIN\C51.EXE Buzzer.c OPTIMIZE(8,SPEED) BROWSE DEBUG OBJECTEXTEND PRINT(.\Listings\Bu
                    -zzer.lst) OBJECT(.\Objects\Buzzer.obj)

line level    source

   1          #include <REGX52.H>
   2          #include "Delay.h"
   3          #include "INTRINS.H"
   4          
   5          //定义蜂鸣器端口
   6          sbit Buzzer=P2^5;
   7          
   8          unsigned char BuzzerActive = 0; //蜂鸣器是否激活
   9          unsigned int BuzzerRemain  = 0; //剩余时间
  10          unsigned int BuzzerState = 0;  //目标时间
  11          
  12          /**
  13            * @brief 蜂鸣器私有延时函数，延时500us
  14            * @param 无
  15            * @retval 无
  16            */
  17          void Buzzer_Delay500us(){
  18   1              unsigned char i;
  19   1      
  20   1              _nop_();
  21   1              i = 247;
  22   1              while (--i);
  23   1      }
  24          
  25          void Buzzer_Init(void){
  26   1              Buzzer = 0;
  27   1              BuzzerActive = 0;
  28   1              BuzzerRemain = 0;
  29   1      }
  30          
  31          void Buzzer_Start(unsigned int ms){
  32   1              BuzzerActive = 1;
  33   1              BuzzerRemain = ms;
  34   1              Buzzer = 1;
  35   1      }
  36          
  37          void Buzzer_Stop(void){
  38   1              BuzzerActive = 0;
  39   1          BuzzerRemain = 0;
  40   1          Buzzer = 0;
  41   1      }
  42          
  43          void Buzzer_Loop(void){
  44   1              static unsigned char ms_counter = 0;
  45   1              
  46   1              if(BuzzerActive){
  47   2                      ms_counter++;
  48   2                      if(ms_counter >= 1){ //每1ms
  49   3                              ms_counter = 0;
  50   3                              BuzzerRemain--;
  51   3                              if(BuzzerRemain == 0){
  52   4                                      BuzzerActive = 0;
  53   4                                      Buzzer = 0;   // 时间到，关闭蜂鸣器
  54   4                              }
C51 COMPILER V9.54   BUZZER                                                                06/13/2026 21:14:37 PAGE 2   

  55   3                      }
  56   2              }
  57   1      }
  58          
  59          
  60          ///**
  61          //  * @brief  蜂鸣器发声
  62          //  * @param ms 发声时间
  63          //  * @retval 无返回值
  64          //  */
  65          //void Buzzer_Time(unsigned int ms){
  66          //      unsigned char i;
  67          //      //因为改成毫秒了，延时要×2
  68          //      EA=0;
  69          //      for(i=0;i<ms*2;i++){
  70          //              Buzzer=~Buzzer;
  71          //              Buzzer_Delay500us();
  72          //      }
  73          //      EA=1;
  74          //}


MODULE INFORMATION:   STATIC OVERLAYABLE
   CODE SIZE        =     71    ----
   CONSTANT SIZE    =   ----    ----
   XDATA SIZE       =   ----    ----
   PDATA SIZE       =   ----    ----
   DATA SIZE        =      6    ----
   IDATA SIZE       =   ----    ----
   BIT SIZE         =   ----    ----
END OF MODULE INFORMATION.


C51 COMPILATION COMPLETE.  0 WARNING(S),  0 ERROR(S)
