BL51 BANKED LINKER/LOCATER V6.22                                                        06/13/2026  21:16:02  PAGE 1


BL51 BANKED LINKER/LOCATER V6.22, INVOKED BY:
D:\KEIL_V5\C51\BIN\BL51.EXE .\Objects\main.obj, .\Objects\Delay.obj, .\Objects\Key.obj, .\Objects\I2C.obj, .\Objects\AT2
>> 4C02.obj, .\Objects\Timer0.obj, .\Objects\Nixie.obj, .\Objects\DS18820.obj, .\Objects\OneWire.obj, .\Objects\Buzzer.o
>> bj, .\Objects\LCD1602.obj TO .\Objects\Project PRINT (.\Listings\Project.m51) DISABLEWARNING (16)


MEMORY MODEL: SMALL WITH FLOATING POINT ARITHMETIC


INPUT MODULES INCLUDED:
  .\Objects\main.obj (MAIN)
  .\Objects\Delay.obj (DELAY)
  .\Objects\Key.obj (KEY)
  .\Objects\I2C.obj (I2C)
  .\Objects\AT24C02.obj (AT24C02)
  .\Objects\Timer0.obj (TIMER0)
  .\Objects\Nixie.obj (NIXIE)
  .\Objects\DS18820.obj (DS18820)
  .\Objects\OneWire.obj (ONEWIRE)
  .\Objects\Buzzer.obj (BUZZER)
  .\Objects\LCD1602.obj (LCD1602)
  D:\KEIL_V5\C51\LIB\C51FPS.LIB (?C?FPDIV)
  D:\KEIL_V5\C51\LIB\C51FPS.LIB (?C?FCAST)
  D:\KEIL_V5\C51\LIB\C51FPS.LIB (?C?FPGETOPN)
  D:\KEIL_V5\C51\LIB\C51S.LIB (?C_STARTUP)
  D:\KEIL_V5\C51\LIB\C51S.LIB (?C?CLDOPTR)
  D:\KEIL_V5\C51\LIB\C51S.LIB (?C?IMUL)
  D:\KEIL_V5\C51\LIB\C51S.LIB (?C?UIDIV)
  D:\KEIL_V5\C51\LIB\C51S.LIB (?C?SIDIV)
  D:\KEIL_V5\C51\LIB\C51S.LIB (?C?LNEG)
  D:\KEIL_V5\C51\LIB\C51S.LIB (?C_INIT)


LINK MAP OF MODULE:  .\Objects\Project (MAIN)


            TYPE    BASE      LENGTH    RELOCATION   SEGMENT NAME
            -----------------------------------------------------

            * * * * * * *   D A T A   M E M O R Y   * * * * * * *
            REG     0000H     0008H     ABSOLUTE     "REG BANK 0"
            DATA    0008H     0016H     UNIT         ?DT?NIXIE
            DATA    001EH     0008H     UNIT         _DATA_GROUP_
            DATA    0026H     0006H     UNIT         ?DT?BUZZER
            DATA    002CH     0003H     UNIT         ?DT?KEY
            DATA    002FH     0003H     UNIT         ?DT?ONEWIRE
            DATA    0032H     0002H     UNIT         ?DT?_AT24C02_WRITEBYTE?AT24C02
            DATA    0034H     0002H     UNIT         ?DT?_AT24C02_READBYTE?AT24C02
            DATA    0036H     0001H     UNIT         ?DT?DS18B20_READT?DS18820
            IDATA   0037H     0001H     UNIT         ?STACK

            * * * * * * *   C O D E   M E M O R Y   * * * * * * *
            CODE    0000H     0003H     ABSOLUTE     
                    0003H     07FDH                  *** GAP ***
            CODE    0800H     0200H     UNIT         ?C?LIB_CODE
            CODE    0A00H     00C9H     UNIT         ?PR?MAIN?MAIN
            CODE    0AC9H     008CH     UNIT         ?C_C51STARTUP
            CODE    0B55H     0063H     UNIT         ?PR?_NIXIE?NIXIE
BL51 BANKED LINKER/LOCATER V6.22                                                      06/13/2026  21:16:02  PAGE 2


            CODE    0BB8H     0053H     UNIT         ?PR?_LCD_SHOWSIGNEDNUM?LCD1602
            CODE    0C0BH     0046H     UNIT         ?PR?_LCD_SHOWHEXNUM?LCD1602
            CODE    0C51H     003BH     UNIT         ?PR?KEY_LOOP?KEY
            CODE    0C8CH     0032H     UNIT         ?PR?KEY_GETSTATE?KEY
            CODE    0CBEH     0031H     UNIT         ?PR?_LCD_SHOWBINNUM?LCD1602
            CODE    0CEFH     0030H     UNIT         ?PR?_AT24C02_READBYTE?AT24C02
            CODE    0D1FH     002FH     UNIT         ?PR?_LCD_SHOWNUM?LCD1602
            CODE    0D4EH     002CH     UNIT         ?PR?DS18B20_READT?DS18820
            CODE    0D7AH     002BH     UNIT         ?PR?_I2C_SENDBYTE?I2C
            CODE    0DA5H     0023H     UNIT         ?PR?BUZZER_LOOP?BUZZER
            CODE    0DC8H     0023H     UNIT         ?PR?_LCD_SHOWSTRING?LCD1602
            CODE    0DEBH     0022H     UNIT         ?PR?_AT24C02_WRITEBYTE?AT24C02
            CODE    0E0DH     0021H     UNIT         ?PR?ONEWIRE_INIT?ONEWIRE
            CODE    0E2EH     001DH     UNIT         ?C_INITSEG
            CODE    0E4BH     001DH     UNIT         ?PR?ONEWIRE_RECEIVEBYTE?ONEWIRE
            CODE    0E68H     001CH     UNIT         ?PR?ONEWIRE_RECEIVEBIT?ONEWIRE
            CODE    0E84H     001AH     UNIT         ?PR?_ONEWIRE_SENDBIT?ONEWIRE
            CODE    0E9EH     001AH     UNIT         ?PR?_LCD_POW?LCD1602
            CODE    0EB8H     0019H     UNIT         ?PR?NIXIE_LOOP?NIXIE
            CODE    0ED1H     0019H     UNIT         ?PR?_ONEWIRE_SENDBYTE?ONEWIRE
            CODE    0EEAH     0018H     UNIT         ?PR?I2C_RECEIVEBYTE?I2C
            CODE    0F02H     0015H     UNIT         ?PR?_DELAY?DELAY
            CODE    0F17H     0015H     UNIT         ?PR?TIMER0INIT?TIMER0
            CODE    0F2CH     0014H     UNIT         ?PR?LCD_INIT?LCD1602
            CODE    0F40H     0013H     UNIT         ?PR?_LCD_WRITEDATA?LCD1602
            CODE    0F53H     0010H     UNIT         ?PR?_LCD_SETCURSOR?LCD1602
            CODE    0F63H     000FH     UNIT         ?PR?LCD_DELAY?LCD1602
            CODE    0F72H     000DH     UNIT         ?PR?DS18B20_CONVERTT?DS18820
            CODE    0F7FH     000CH     UNIT         ?CO?MAIN
            CODE    0F8BH     000CH     UNIT         ?PR?I2C_RECEIVEACK?I2C
            CODE    0F97H     000AH     UNIT         ?PR?_I2C_SENDACK?I2C
            CODE    0FA1H     000AH     UNIT         ?PR?BUZZER_INIT?BUZZER
            CODE    0FABH     000AH     UNIT         ?PR?_BUZZER_START?BUZZER
            CODE    0FB5H     000AH     UNIT         ?PR?BUZZER_STOP?BUZZER
            CODE    0FBFH     000AH     UNIT         ?PR?_LCD_WRITECOMMAND?LCD1602
            CODE    0FC9H     000AH     UNIT         ?PR?_LCD_SHOWCHAR?LCD1602
            CODE    0FD3H     0009H     UNIT         ?PR?I2C_START?I2C
            CODE    0FDCH     0009H     UNIT         ?PR?_NIXIE_SCAN?NIXIE
            CODE    0FE5H     0007H     UNIT         ?PR?I2C_STOP?I2C
            CODE    0FECH     0006H     UNIT         ?PR?KEY?KEY
            CODE    0FF2H     0006H     UNIT         ?PR?BUZZER_DELAY500US?BUZZER



OVERLAY MAP OF MODULE:   .\Objects\Project (MAIN)


SEGMENT                                   DATA_GROUP 
  +--> CALLED SEGMENT                   START    LENGTH
-------------------------------------------------------
?C_C51STARTUP                           -----    -----
  +--> ?PR?MAIN?MAIN
  +--> ?C_INITSEG

?PR?MAIN?MAIN                           -----    -----
  +--> ?PR?LCD_INIT?LCD1602
  +--> ?PR?_LCD_SHOWCHAR?LCD1602
BL51 BANKED LINKER/LOCATER V6.22                                                      06/13/2026  21:16:02  PAGE 3


  +--> ?CO?MAIN
  +--> ?PR?_LCD_SHOWSTRING?LCD1602
  +--> ?PR?_LCD_SHOWNUM?LCD1602
  +--> ?PR?_LCD_SHOWSIGNEDNUM?LCD1602
  +--> ?PR?_LCD_SHOWHEXNUM?LCD1602
  +--> ?PR?_LCD_SHOWBINNUM?LCD1602
  +--> ?PR?_DELAY?DELAY
  +--> ?PR?_LCD_WRITECOMMAND?LCD1602

?PR?LCD_INIT?LCD1602                    -----    -----
  +--> ?PR?_LCD_WRITECOMMAND?LCD1602

?PR?_LCD_WRITECOMMAND?LCD1602           -----    -----
  +--> ?PR?LCD_DELAY?LCD1602

?PR?_LCD_SHOWCHAR?LCD1602               -----    -----
  +--> ?PR?_LCD_SETCURSOR?LCD1602
  +--> ?PR?_LCD_WRITEDATA?LCD1602

?PR?_LCD_SETCURSOR?LCD1602              -----    -----
  +--> ?PR?_LCD_WRITECOMMAND?LCD1602

?PR?_LCD_WRITEDATA?LCD1602              -----    -----
  +--> ?PR?LCD_DELAY?LCD1602

?PR?_LCD_SHOWSTRING?LCD1602             001EH    0003H
  +--> ?PR?_LCD_SETCURSOR?LCD1602
  +--> ?PR?_LCD_WRITEDATA?LCD1602

?PR?_LCD_SHOWNUM?LCD1602                001EH    0005H
  +--> ?PR?_LCD_SETCURSOR?LCD1602
  +--> ?PR?_LCD_POW?LCD1602
  +--> ?PR?_LCD_WRITEDATA?LCD1602

?PR?_LCD_SHOWSIGNEDNUM?LCD1602          001EH    0008H
  +--> ?PR?_LCD_SETCURSOR?LCD1602
  +--> ?PR?_LCD_WRITEDATA?LCD1602
  +--> ?PR?_LCD_POW?LCD1602

?PR?_LCD_SHOWHEXNUM?LCD1602             001EH    0006H
  +--> ?PR?_LCD_SETCURSOR?LCD1602
  +--> ?PR?_LCD_POW?LCD1602
  +--> ?PR?_LCD_WRITEDATA?LCD1602

?PR?_LCD_SHOWBINNUM?LCD1602             001EH    0006H
  +--> ?PR?_LCD_SETCURSOR?LCD1602
  +--> ?PR?_LCD_POW?LCD1602
  +--> ?PR?_LCD_WRITEDATA?LCD1602



SYMBOL TABLE OF MODULE:  .\Objects\Project (MAIN)

  VALUE           TYPE          NAME
  ----------------------------------

  -------         MODULE        MAIN
BL51 BANKED LINKER/LOCATER V6.22                                                      06/13/2026  21:16:02  PAGE 4


  C:0000H         SYMBOL        _ICE_DUMMY_
  C:0A00H         PUBLIC        main
  -------         PROC          MAIN
  C:0A00H         LINE#         5
  C:0A00H         LINE#         6
  C:0A03H         LINE#         7
  C:0A0CH         LINE#         8
  C:0A15H         LINE#         9
  C:0A1EH         LINE#         10
  C:0A27H         LINE#         11
  C:0A34H         LINE#         12
  C:0A40H         LINE#         13
  C:0A4EH         LINE#         14
  C:0A5CH         LINE#         15
  C:0A6AH         LINE#         16
  C:0A78H         LINE#         20
  C:0A81H         LINE#         21
  C:0A8AH         LINE#         22
  C:0A93H         LINE#         23
  C:0A9CH         LINE#         25
  C:0AA5H         LINE#         26
  C:0AAEH         LINE#         28
  C:0ABBH         LINE#         29
  C:0ABBH         LINE#         30
  C:0AC2H         LINE#         31
  C:0AC7H         LINE#         32
  -------         ENDPROC       MAIN
  -------         ENDMOD        MAIN

  -------         MODULE        DELAY
  C:0000H         SYMBOL        _ICE_DUMMY_
  C:0F02H         PUBLIC        _Delay
  -------         PROC          _DELAY
  D:0006H         SYMBOL        xms
  -------         DO            
  D:0005H         SYMBOL        i
  D:0004H         SYMBOL        j
  -------         ENDDO         
  C:0F02H         LINE#         4
  C:0F02H         LINE#         6
  C:0F0CH         LINE#         7
  C:0F0EH         LINE#         8
  C:0F10H         LINE#         9
  C:0F10H         LINE#         10
  C:0F12H         LINE#         11
  C:0F14H         LINE#         12
  C:0F16H         LINE#         13
  -------         ENDPROC       _DELAY
  -------         ENDMOD        DELAY

  -------         MODULE        KEY
  C:0000H         SYMBOL        _ICE_DUMMY_
  D:002EH         PUBLIC        Key_Key_Number
  B:00B0H.0       PUBLIC        P3_0
  B:00B0H.1       PUBLIC        P3_1
  B:00B0H.2       PUBLIC        P3_2
  B:00B0H.3       PUBLIC        P3_3
BL51 BANKED LINKER/LOCATER V6.22                                                      06/13/2026  21:16:02  PAGE 5


  C:0C51H         PUBLIC        Key_Loop
  C:0FECH         PUBLIC        Key
  C:0C8CH         PUBLIC        Key_GetState
  -------         PROC          KEY
  -------         DO            
  D:0007H         SYMBOL        temp
  -------         ENDDO         
  C:0FECH         LINE#         7
  C:0FECH         LINE#         8
  C:0FEEH         LINE#         9
  C:0FF1H         LINE#         10
  C:0FF1H         LINE#         11
  -------         ENDPROC       KEY
  -------         PROC          KEY_GETSTATE
  -------         DO            
  D:0007H         SYMBOL        KeyNumber
  -------         ENDDO         
  C:0C8CH         LINE#         32
  C:0C8CH         LINE#         33
  C:0C8CH         LINE#         34
  C:0C8EH         LINE#         36
  C:0C99H         LINE#         37
  C:0CA5H         LINE#         38
  C:0CB1H         LINE#         39
  C:0CBDH         LINE#         41
  C:0CBDH         LINE#         42
  -------         ENDPROC       KEY_GETSTATE
  -------         PROC          KEY_LOOP
  -------         DO            
  D:002CH         SYMBOL        NowState
  D:002DH         SYMBOL        LastState
  -------         ENDDO         
  C:0C51H         LINE#         69
  C:0C51H         LINE#         71
  C:0C54H         LINE#         72
  C:0C59H         LINE#         80
  C:0C62H         LINE#         81
  C:0C65H         LINE#         82
  C:0C65H         LINE#         83
  C:0C6EH         LINE#         84
  C:0C71H         LINE#         85
  C:0C71H         LINE#         86
  C:0C7AH         LINE#         87
  C:0C7DH         LINE#         88
  C:0C7DH         LINE#         89
  C:0C86H         LINE#         90
  C:0C89H         LINE#         91
  C:0C89H         LINE#         93
  C:0C8BH         LINE#         94
  -------         ENDPROC       KEY_LOOP
  -------         ENDMOD        KEY

  -------         MODULE        I2C
  C:0000H         SYMBOL        _ICE_DUMMY_
  B:00A0H.1       PUBLIC        I2C_SCL
  D:00A0H         PUBLIC        P2
  C:0FD3H         PUBLIC        I2C_Start
BL51 BANKED LINKER/LOCATER V6.22                                                      06/13/2026  21:16:02  PAGE 6


  C:0F97H         PUBLIC        _I2C_SendAck
  C:0D7AH         PUBLIC        _I2C_SendByte
  C:0FE5H         PUBLIC        I2C_Stop
  C:0F8BH         PUBLIC        I2C_ReceiveAck
  B:00A0H.0       PUBLIC        I2C_SDA
  C:0EEAH         PUBLIC        I2C_ReceiveByte
  -------         PROC          I2C_START
  C:0FD3H         LINE#         12
  C:0FD3H         LINE#         14
  C:0FD5H         LINE#         15
  C:0FD7H         LINE#         17
  C:0FD9H         LINE#         18
  C:0FDBH         LINE#         20
  -------         ENDPROC       I2C_START
  -------         PROC          I2C_STOP
  C:0FE5H         LINE#         27
  C:0FE5H         LINE#         29
  C:0FE7H         LINE#         32
  C:0FE9H         LINE#         33
  C:0FEBH         LINE#         35
  -------         ENDPROC       I2C_STOP
  -------         PROC          _I2C_SENDBYTE
  D:0005H         SYMBOL        Byte
  -------         DO            
  D:0004H         SYMBOL        i
  -------         ENDDO         
  C:0D7AH         LINE#         43
  C:0D7CH         LINE#         46
  C:0D7EH         LINE#         47
  C:0D9CH         LINE#         50
  C:0D9EH         LINE#         51
  C:0DA0H         LINE#         52
  C:0DA4H         LINE#         53
  -------         ENDPROC       _I2C_SENDBYTE
  -------         PROC          I2C_RECEIVEBYTE
  -------         DO            
  D:0006H         SYMBOL        i
  D:0007H         SYMBOL        Byte
  -------         ENDDO         
  C:0EEAH         LINE#         61
  C:0EEAH         LINE#         62
  C:0EEAH         LINE#         64
  C:0EECH         LINE#         67
  C:0EEEH         LINE#         69
  C:0EEFH         LINE#         70
  C:0EF3H         LINE#         72
  C:0EF5H         LINE#         74
  C:0EFBH         LINE#         75
  C:0EFDH         LINE#         76
  C:0F01H         LINE#         79
  C:0F01H         LINE#         80
  -------         ENDPROC       I2C_RECEIVEBYTE
  -------         PROC          _I2C_SENDACK
  D:0007H         SYMBOL        AckBit
  C:0F97H         LINE#         89
  C:0F97H         LINE#         90
  C:0F9CH         LINE#         91
BL51 BANKED LINKER/LOCATER V6.22                                                      06/13/2026  21:16:02  PAGE 7


  C:0F9EH         LINE#         92
  C:0FA0H         LINE#         93
  -------         ENDPROC       _I2C_SENDACK
  -------         PROC          I2C_RECEIVEACK
  -------         DO            
  D:0007H         SYMBOL        AckBit
  -------         ENDDO         
  C:0F8BH         LINE#         110
  C:0F8BH         LINE#         112
  C:0F8DH         LINE#         113
  C:0F8FH         LINE#         114
  C:0F94H         LINE#         115
  C:0F96H         LINE#         116
  C:0F96H         LINE#         117
  -------         ENDPROC       I2C_RECEIVEACK
  -------         ENDMOD        I2C

  -------         MODULE        AT24C02
  C:0000H         SYMBOL        _ICE_DUMMY_
  C:0CEFH         PUBLIC        _AT24C02_ReadByte
  C:0DEBH         PUBLIC        _AT24C02_WriteByte
  -------         PROC          _AT24C02_WRITEBYTE
  D:0032H         SYMBOL        WordAddress
  D:0033H         SYMBOL        Data
  C:0DEBH         LINE#         16
  C:0DEFH         LINE#         17
  C:0DF2H         LINE#         18
  C:0DF7H         LINE#         19
  C:0DFAH         LINE#         20
  C:0DFFH         LINE#         22
  C:0E02H         LINE#         23
  C:0E07H         LINE#         25
  C:0E0AH         LINE#         26
  -------         ENDPROC       _AT24C02_WRITEBYTE
  -------         PROC          _AT24C02_READBYTE
  D:0034H         SYMBOL        WordAddress
  -------         DO            
  D:0035H         SYMBOL        Data
  -------         ENDDO         
  C:0CEFH         LINE#         36
  C:0CF1H         LINE#         38
  C:0CF4H         LINE#         39
  C:0CF9H         LINE#         40
  C:0CFCH         LINE#         41
  C:0D01H         LINE#         42
  C:0D04H         LINE#         44
  C:0D07H         LINE#         46
  C:0D0CH         LINE#         47
  C:0D0FH         LINE#         49
  C:0D14H         LINE#         50
  C:0D19H         LINE#         51
  C:0D1CH         LINE#         53
  C:0D1EH         LINE#         54
  -------         ENDPROC       _AT24C02_READBYTE
  -------         ENDMOD        AT24C02

  -------         MODULE        TIMER0
BL51 BANKED LINKER/LOCATER V6.22                                                      06/13/2026  21:16:02  PAGE 8


  C:0000H         SYMBOL        _ICE_DUMMY_
  B:00A8H.7       PUBLIC        EA
  D:0089H         PUBLIC        TMOD
  B:00A8H.1       PUBLIC        ET0
  B:0088H.5       PUBLIC        TF0
  C:0F17H         PUBLIC        Timer0Init
  D:008CH         PUBLIC        TH0
  D:008AH         PUBLIC        TL0
  B:0088H.4       PUBLIC        TR0
  -------         PROC          TIMER0INIT
  C:0F17H         LINE#         3
  C:0F17H         LINE#         4
  C:0F17H         LINE#         5
  C:0F1AH         LINE#         6
  C:0F1DH         LINE#         7
  C:0F20H         LINE#         8
  C:0F23H         LINE#         10
  C:0F25H         LINE#         11
  C:0F27H         LINE#         13
  C:0F29H         LINE#         14
  C:0F2BH         LINE#         15
  -------         ENDPROC       TIMER0INIT
  -------         ENDMOD        TIMER0

  -------         MODULE        NIXIE
  C:0000H         SYMBOL        _ICE_DUMMY_
  D:0009H         PUBLIC        Nixie_Buf
  C:0B55H         PUBLIC        _Nixie
  D:0080H         PUBLIC        P0
  B:00A0H.2       PUBLIC        P2_2
  B:00A0H.3       PUBLIC        P2_3
  B:00A0H.4       PUBLIC        P2_4
  C:0FDCH         PUBLIC        _Nixie_Scan
  D:0012H         PUBLIC        NixieTable
  C:0EB8H         PUBLIC        Nixie_Loop
  -------         PROC          _NIXIE_SCAN
  D:0007H         SYMBOL        Location
  D:0004H         SYMBOL        Number
  C:0FDCH         LINE#         14
  C:0FDCH         LINE#         15
  C:0FDCH         LINE#         16
  C:0FE4H         LINE#         17
  -------         ENDPROC       _NIXIE_SCAN
  -------         PROC          _NIXIE
  D:0007H         SYMBOL        Location
  D:0005H         SYMBOL        Number
  C:0B55H         LINE#         19
  C:0B55H         LINE#         20
  C:0B82H         LINE#         22
  C:0B86H         LINE#         23
  C:0B8AH         LINE#         24
  C:0B8EH         LINE#         25
  C:0B92H         LINE#         26
  C:0B9AH         LINE#         27
  C:0BA2H         LINE#         28
  C:0BAAH         LINE#         29
  C:0BB0H         LINE#         30
BL51 BANKED LINKER/LOCATER V6.22                                                      06/13/2026  21:16:02  PAGE 9


  C:0BB0H         LINE#         31
  C:0BB7H         LINE#         35
  -------         ENDPROC       _NIXIE
  -------         PROC          NIXIE_LOOP
  -------         DO            
  D:0008H         SYMBOL        i
  -------         ENDDO         
  C:0EB8H         LINE#         41
  C:0EB8H         LINE#         45
  C:0EC4H         LINE#         46
  C:0EC6H         LINE#         47
  C:0ED0H         LINE#         49
  -------         ENDPROC       NIXIE_LOOP
  -------         ENDMOD        NIXIE

  -------         MODULE        DS18820
  C:0000H         SYMBOL        _ICE_DUMMY_
  C:0F72H         PUBLIC        DS18B20_ConvertT
  C:0D4EH         PUBLIC        DS18B20_ReadT
  -------         PROC          DS18B20_CONVERTT
  C:0F72H         LINE#         14
  C:0F72H         LINE#         15
  C:0F75H         LINE#         16
  C:0F7AH         LINE#         17
  -------         ENDPROC       DS18B20_CONVERTT
  -------         PROC          DS18B20_READT
  -------         DO            
  D:0036H         SYMBOL        TLSB
  D:0007H         SYMBOL        TMSB
  D:0006H         SYMBOL        Temp
  D:0004H         SYMBOL        T
  -------         ENDDO         
  C:0D4EH         LINE#         25
  C:0D4EH         LINE#         29
  C:0D51H         LINE#         30
  C:0D56H         LINE#         31
  C:0D5BH         LINE#         33
  C:0D60H         LINE#         34
  C:0D63H         LINE#         39
  C:0D68H         LINE#         40
  C:0D79H         LINE#         42
  C:0D79H         LINE#         43
  -------         ENDPROC       DS18B20_READT
  -------         ENDMOD        DS18820

  -------         MODULE        ONEWIRE
  C:0000H         SYMBOL        _ICE_DUMMY_
  D:00B0H         PUBLIC        P3
  B:00A8H.7       PUBLIC        EA
  C:0E68H         PUBLIC        OneWire_ReceiveBit
  D:002FH         PUBLIC        AckBit
  B:00B0H.7       PUBLIC        OneWire_DQ
  C:0E0DH         PUBLIC        OneWire_Init
  C:0ED1H         PUBLIC        _OneWire_SendByte
  C:0E84H         PUBLIC        _OneWire_SendBit
  D:0030H         PUBLIC        i
  D:0031H         PUBLIC        j
BL51 BANKED LINKER/LOCATER V6.22                                                      06/13/2026  21:16:02  PAGE 10


  C:0E4BH         PUBLIC        OneWire_ReceiveByte
  -------         PROC          ONEWIRE_INIT
  C:0E0DH         LINE#         8
  C:0E0DH         LINE#         12
  C:0E0FH         LINE#         13
  C:0E11H         LINE#         14
  C:0E17H         LINE#         15
  C:0E19H         LINE#         16
  C:0E1FH         LINE#         17
  C:0E25H         LINE#         18
  C:0E2BH         LINE#         19
  C:0E2DH         LINE#         20
  -------         ENDPROC       ONEWIRE_INIT
  -------         PROC          _ONEWIRE_SENDBIT
  D:0007H         SYMBOL        Bit
  C:0E84H         LINE#         22
  C:0E84H         LINE#         23
  C:0E86H         LINE#         25
  C:0E88H         LINE#         26
  C:0E8EH         LINE#         27
  C:0E93H         LINE#         28
  C:0E99H         LINE#         29
  C:0E9BH         LINE#         31
  C:0E9DH         LINE#         32
  -------         ENDPROC       _ONEWIRE_SENDBIT
  -------         PROC          ONEWIRE_RECEIVEBIT
  -------         DO            
  D:0007H         SYMBOL        i
  D:0006H         SYMBOL        Bit
  -------         ENDDO         
  C:0E68H         LINE#         34
  C:0E68H         LINE#         38
  C:0E6AH         LINE#         39
  C:0E6CH         LINE#         40
  C:0E70H         LINE#         41
  C:0E72H         LINE#         42
  C:0E76H         LINE#         43
  C:0E7BH         LINE#         44
  C:0E7FH         LINE#         46
  C:0E81H         LINE#         48
  C:0E83H         LINE#         49
  -------         ENDPROC       ONEWIRE_RECEIVEBIT
  -------         PROC          _ONEWIRE_SENDBYTE
  D:0006H         SYMBOL        Byte
  -------         DO            
  D:0005H         SYMBOL        i
  -------         ENDDO         
  C:0ED1H         LINE#         52
  C:0ED3H         LINE#         54
  C:0ED5H         LINE#         55
  C:0EE5H         LINE#         56
  C:0EE9H         LINE#         57
  -------         ENDPROC       _ONEWIRE_SENDBYTE
  -------         PROC          ONEWIRE_RECEIVEBYTE
  -------         DO            
  D:0004H         SYMBOL        i
  D:0005H         SYMBOL        Byte
BL51 BANKED LINKER/LOCATER V6.22                                                      06/13/2026  21:16:02  PAGE 11


  -------         ENDDO         
  C:0E4BH         LINE#         60
  C:0E4BH         LINE#         62
  C:0E4DH         LINE#         63
  C:0E4EH         LINE#         64
  C:0E54H         LINE#         65
  C:0E61H         LINE#         66
  C:0E61H         LINE#         67
  C:0E65H         LINE#         69
  C:0E67H         LINE#         70
  -------         ENDPROC       ONEWIRE_RECEIVEBYTE
  -------         ENDMOD        ONEWIRE

  -------         MODULE        BUZZER
  C:0000H         SYMBOL        _ICE_DUMMY_
  D:00A0H         PUBLIC        P2
  C:0DA5H         PUBLIC        Buzzer_Loop
  B:00A0H.5       PUBLIC        Buzzer
  D:0027H         PUBLIC        BuzzerState
  C:0FB5H         PUBLIC        Buzzer_Stop
  C:0FF2H         PUBLIC        Buzzer_Delay500us
  D:0029H         PUBLIC        BuzzerRemain
  D:002BH         PUBLIC        BuzzerActive
  C:0FABH         PUBLIC        _Buzzer_Start
  C:0FA1H         PUBLIC        Buzzer_Init
  -------         PROC          BUZZER_DELAY500US
  -------         DO            
  D:0007H         SYMBOL        i
  -------         ENDDO         
  C:0FF2H         LINE#         17
  C:0FF2H         LINE#         20
  C:0FF3H         LINE#         21
  C:0FF5H         LINE#         22
  C:0FF7H         LINE#         23
  -------         ENDPROC       BUZZER_DELAY500US
  -------         PROC          BUZZER_INIT
  C:0FA1H         LINE#         25
  C:0FA1H         LINE#         26
  C:0FA3H         LINE#         27
  C:0FA6H         LINE#         28
  C:0FAAH         LINE#         29
  -------         ENDPROC       BUZZER_INIT
  -------         PROC          _BUZZER_START
  D:0006H         SYMBOL        ms
  C:0FABH         LINE#         31
  C:0FABH         LINE#         32
  C:0FAEH         LINE#         33
  C:0FB2H         LINE#         34
  C:0FB4H         LINE#         35
  -------         ENDPROC       _BUZZER_START
  -------         PROC          BUZZER_STOP
  C:0FB5H         LINE#         37
  C:0FB5H         LINE#         38
  C:0FB8H         LINE#         39
  C:0FBCH         LINE#         40
  C:0FBEH         LINE#         41
  -------         ENDPROC       BUZZER_STOP
BL51 BANKED LINKER/LOCATER V6.22                                                      06/13/2026  21:16:02  PAGE 12


  -------         PROC          BUZZER_LOOP
  -------         DO            
  D:0026H         SYMBOL        ms_counter
  -------         ENDDO         
  C:0DA5H         LINE#         43
  C:0DA5H         LINE#         46
  C:0DA9H         LINE#         47
  C:0DABH         LINE#         48
  C:0DB2H         LINE#         49
  C:0DB5H         LINE#         50
  C:0DBDH         LINE#         51
  C:0DC3H         LINE#         52
  C:0DC5H         LINE#         53
  C:0DC7H         LINE#         54
  C:0DC7H         LINE#         55
  C:0DC7H         LINE#         56
  C:0DC7H         LINE#         57
  -------         ENDPROC       BUZZER_LOOP
  -------         ENDMOD        BUZZER

  -------         MODULE        LCD1602
  C:0000H         SYMBOL        _ICE_DUMMY_
  D:0080H         PUBLIC        P0
  D:00A0H         PUBLIC        P2
  C:0FBFH         PUBLIC        _LCD_WriteCommand
  C:0D1FH         PUBLIC        _LCD_ShowNum
  C:0CBEH         PUBLIC        _LCD_ShowBinNum
  C:0F69H         PUBLIC        LCD_Delay
  C:0C0BH         PUBLIC        _LCD_ShowHexNum
  C:0F49H         PUBLIC        _LCD_WriteData
  C:0F2CH         PUBLIC        LCD_Init
  C:0DC8H         PUBLIC        _LCD_ShowString
  C:0FC9H         PUBLIC        _LCD_ShowChar
  B:00A0H.6       PUBLIC        LCD_RS
  B:00A0H.5       PUBLIC        LCD_RW
  C:0F53H         PUBLIC        _LCD_SetCursor
  C:0BB8H         PUBLIC        _LCD_ShowSignedNum
  C:0E9EH         PUBLIC        _LCD_Pow
  B:00A0H.7       PUBLIC        LCD_E
  -------         PROC          L?0046
  -------         ENDPROC       L?0046
  -------         PROC          LCD_DELAY
  -------         DO            
  D:0007H         SYMBOL        i
  D:0006H         SYMBOL        j
  -------         ENDDO         
  C:0F69H         LINE#         9
  C:0F69H         LINE#         10
  C:0F69H         LINE#         13
  C:0F6BH         LINE#         14
  C:0F6DH         LINE#         16
  C:0F6DH         LINE#         17
  C:0F6FH         LINE#         18
  C:0F71H         LINE#         19
  -------         ENDPROC       LCD_DELAY
  -------         PROC          _LCD_WRITECOMMAND
  D:0007H         SYMBOL        Command
BL51 BANKED LINKER/LOCATER V6.22                                                      06/13/2026  21:16:02  PAGE 13


  C:0FBFH         LINE#         29
  C:0FBFH         LINE#         30
  C:0FC1H         LINE#         31
  C:0FC1H         LINE#         32
  C:0FC1H         LINE#         33
  C:0FC1H         LINE#         34
  C:0FC4H         LINE#         35
  C:0FC6H         LINE#         36
  -------         ENDPROC       _LCD_WRITECOMMAND
  C:0F45H         SYMBOL        L?0045
  -------         PROC          L?0044
  -------         ENDPROC       L?0044
  C:0F45H         SYMBOL        L?0045
  -------         PROC          _LCD_WRITEDATA
  D:0007H         SYMBOL        Data
  C:0F49H         LINE#         40
  C:0F49H         LINE#         41
  C:0F4BH         LINE#         42
  C:0F4BH         LINE#         43
  C:0F4BH         LINE#         45
  C:0F4BH         LINE#         46
  C:0F4EH         LINE#         47
  C:0F50H         LINE#         48
  -------         ENDPROC       _LCD_WRITEDATA
  -------         PROC          LCD_INIT
  C:0F2CH         LINE#         56
  C:0F2CH         LINE#         58
  C:0F31H         LINE#         59
  C:0F36H         LINE#         60
  C:0F3BH         LINE#         61
  -------         ENDPROC       LCD_INIT
  -------         PROC          _LCD_SETCURSOR
  D:0007H         SYMBOL        Line
  D:0005H         SYMBOL        Column
  C:0F53H         LINE#         64
  C:0F53H         LINE#         65
  C:0F57H         LINE#         66
  C:0F58H         LINE#         67
  C:0F5AH         LINE#         68
  C:0F5AH         LINE#         69
  C:0F62H         LINE#         70
  C:0F62H         LINE#         72
  -------         ENDPROC       _LCD_SETCURSOR
  -------         PROC          _LCD_SHOWCHAR
  D:0006H         SYMBOL        Line
  D:0005H         SYMBOL        Column
  D:0004H         SYMBOL        Char
  C:0FC9H         LINE#         81
  C:0FCBH         LINE#         89
  C:0FCEH         LINE#         90
  -------         ENDPROC       _LCD_SHOWCHAR
  -------         PROC          _LCD_SHOWSTRING
  D:0007H         SYMBOL        Line
  D:0005H         SYMBOL        Column
  D:001EH         SYMBOL        String
  -------         DO            
  D:0005H         SYMBOL        i
BL51 BANKED LINKER/LOCATER V6.22                                                      06/13/2026  21:16:02  PAGE 14


  -------         ENDDO         
  C:0DC8H         LINE#         94
  C:0DCEH         LINE#         97
  C:0DD1H         LINE#         101
  C:0DE4H         LINE#         102
  C:0DE7H         LINE#         103
  C:0DEAH         LINE#         104
  -------         ENDPROC       _LCD_SHOWSTRING
  -------         PROC          _LCD_POW
  D:0001H         SYMBOL        X
  D:0003H         SYMBOL        Y
  -------         DO            
  D:0002H         SYMBOL        i
  D:0006H         SYMBOL        Result
  -------         ENDDO         
  C:0E9EH         LINE#         107
  C:0EA2H         LINE#         109
  C:0EA6H         LINE#         110
  C:0EADH         LINE#         111
  C:0EB4H         LINE#         112
  C:0EB7H         LINE#         113
  C:0EB7H         LINE#         114
  -------         ENDPROC       _LCD_POW
  -------         PROC          _LCD_SHOWNUM
  D:0007H         SYMBOL        Line
  D:0005H         SYMBOL        Column
  D:0020H         SYMBOL        Number
  D:0021H         SYMBOL        Length
  -------         DO            
  D:0022H         SYMBOL        i
  D:0005H         SYMBOL        temp
  -------         ENDDO         
  C:0D1FH         LINE#         137
  C:0D21H         LINE#         141
  C:0D24H         LINE#         149
  C:0D2EH         LINE#         150
  C:0D46H         LINE#         151
  C:0D49H         LINE#         152
  C:0D4DH         LINE#         153
  -------         ENDPROC       _LCD_SHOWNUM
  -------         PROC          _LCD_SHOWSIGNEDNUM
  D:0007H         SYMBOL        Line
  D:0005H         SYMBOL        Column
  D:0002H         SYMBOL        Number
  D:0022H         SYMBOL        Length
  -------         DO            
  D:0023H         SYMBOL        i
  D:0005H         SYMBOL        temp
  D:0024H         SYMBOL        Number1
  -------         ENDDO         
  C:0BB8H         LINE#         155
  C:0BB8H         LINE#         156
  C:0BB8H         LINE#         161
  C:0BBBH         LINE#         163
  C:0BC3H         LINE#         164
  C:0BC8H         LINE#         165
  C:0BCCH         LINE#         166
BL51 BANKED LINKER/LOCATER V6.22                                                      06/13/2026  21:16:02  PAGE 15


  C:0BCEH         LINE#         167
  C:0BCEH         LINE#         168
  C:0BD3H         LINE#         171
  C:0BDCH         LINE#         172
  C:0BDCH         LINE#         173
  C:0BE6H         LINE#         174
  C:0C03H         LINE#         175
  C:0C06H         LINE#         176
  C:0C0AH         LINE#         177
  -------         ENDPROC       _LCD_SHOWSIGNEDNUM
  -------         PROC          _LCD_SHOWHEXNUM
  D:0007H         SYMBOL        Line
  D:0005H         SYMBOL        Column
  D:0020H         SYMBOL        Number
  D:0022H         SYMBOL        Length
  -------         DO            
  D:0023H         SYMBOL        i
  D:0006H         SYMBOL        SingleNumber
  -------         ENDDO         
  C:0C0BH         LINE#         180
  C:0C0FH         LINE#         183
  C:0C12H         LINE#         184
  C:0C1CH         LINE#         185
  C:0C3BH         LINE#         186
  C:0C42H         LINE#         187
  C:0C44H         LINE#         188
  C:0C46H         LINE#         189
  C:0C46H         LINE#         190
  C:0C4CH         LINE#         191
  C:0C4CH         LINE#         192
  C:0C50H         LINE#         194
  -------         ENDPROC       _LCD_SHOWHEXNUM
  -------         PROC          _LCD_SHOWBINNUM
  D:0007H         SYMBOL        Line
  D:0005H         SYMBOL        Column
  D:0020H         SYMBOL        Number
  D:0022H         SYMBOL        Length
  -------         DO            
  D:0023H         SYMBOL        i
  D:0005H         SYMBOL        BinNum
  -------         ENDDO         
  C:0CBEH         LINE#         212
  C:0CC2H         LINE#         215
  C:0CC5H         LINE#         216
  C:0CCFH         LINE#         217
  C:0CE7H         LINE#         218
  C:0CEAH         LINE#         219
  C:0CEEH         LINE#         220
  -------         ENDPROC       _LCD_SHOWBINNUM
  -------         ENDMOD        LCD1602

  -------         MODULE        ?C?FPDIV
  C:0803H         PUBLIC        ?C?FPDIV
  -------         ENDMOD        ?C?FPDIV

  -------         MODULE        ?C?FCAST
  C:08AAH         PUBLIC        ?C?FCASTC
BL51 BANKED LINKER/LOCATER V6.22                                                      06/13/2026  21:16:02  PAGE 16


  C:08A5H         PUBLIC        ?C?FCASTI
  C:08A0H         PUBLIC        ?C?FCASTL
  -------         ENDMOD        ?C?FCAST

  -------         MODULE        ?C?CLDOPTR
  C:0928H         PUBLIC        ?C?CLDOPTR
  -------         ENDMOD        ?C?CLDOPTR

  -------         MODULE        ?C?IMUL
  C:0955H         PUBLIC        ?C?IMUL
  -------         ENDMOD        ?C?IMUL

  -------         MODULE        ?C?UIDIV
  C:0967H         PUBLIC        ?C?UIDIV
  -------         ENDMOD        ?C?UIDIV

  -------         MODULE        ?C?SIDIV
  C:09BCH         PUBLIC        ?C?SIDIV
  -------         ENDMOD        ?C?SIDIV

  -------         MODULE        ?C?LNEG
  C:09F2H         PUBLIC        ?C?LNEG
  -------         ENDMOD        ?C?LNEG

******************************************************************************
* RESTRICTED VERSION WITH 0800H BYTE CODE SIZE LIMIT; USED: 056BH BYTE (67%) *
******************************************************************************

Program Size: data=56.0 xdata=0 code=2043
LINK/LOCATE RUN COMPLETE.  0 WARNING(S),  0 ERROR(S)
