C51 COMPILER V9.54   INT0                                                                  06/15/2026 18:03:56 PAGE 1   


C51 COMPILER V9.54, COMPILATION OF MODULE INT0
OBJECT MODULE PLACED IN .\Objects\Int0.obj
COMPILER INVOKED BY: D:\Keil_v5\C51\BIN\C51.EXE Int0.c OPTIMIZE(8,SPEED) BROWSE DEBUG OBJECTEXTEND PRINT(.\Listings\Int0
                    -.lst) OBJECT(.\Objects\Int0.obj)

line level    source

   1          #include <REGX52.H>
   2          
   3          void Int0_Init(void){
   4   1              // 低电平触发，下降沿触发的区别
   5   1              // IT0=0; IT0=1;
   6   1              IT0=1;          //下降触发使能（即 按下触发）
   7   1              IE0=0;
   8   1              EX0=1;          //外部中断0使能
   9   1              EA=1;           //总中断使能
  10   1              // 触发下降沿外部中断
  11   1              PX0=1; //高优先级中断
  12   1      }
  13          
  14          /*
  15          void Init0_Routine(void) interrupt 0{
  16          
  17          }
  18          */


MODULE INFORMATION:   STATIC OVERLAYABLE
   CODE SIZE        =     11    ----
   CONSTANT SIZE    =   ----    ----
   XDATA SIZE       =   ----    ----
   PDATA SIZE       =   ----    ----
   DATA SIZE        =   ----    ----
   IDATA SIZE       =   ----    ----
   BIT SIZE         =   ----    ----
END OF MODULE INFORMATION.


C51 COMPILATION COMPLETE.  0 WARNING(S),  0 ERROR(S)
