C51 COMPILER V9.54   MAIN                                                                  06/15/2026 18:15:51 PAGE 1   


C51 COMPILER V9.54, COMPILATION OF MODULE MAIN
OBJECT MODULE PLACED IN .\Objects\main.obj
COMPILER INVOKED BY: D:\Keil_v5\C51\BIN\C51.EXE main.c OPTIMIZE(8,SPEED) BROWSE DEBUG OBJECTEXTEND PRINT(.\Listings\main
                    -.lst) OBJECT(.\Objects\main.obj)

line level    source

   1          #include <REGX52.H>
   2          #include "Delay.h"
   3          #include "LCD1602.h"
   4          #include "Int0.h"
   5          #include "Timer0.h"
   6          #include "IR.h"
   7          
   8          //unsigned char Num=255;
   9          //char最大只能255，注意要改成int
  10          //unsigned int Time;
  11          
  12          
  13          /*
  14          优先级顺序（默认）：
  15          
  16          外部中断0 (INT0) - 最高
  17          
  18          定时器0 (T0)
  19          
  20          外部中断1 (INT1)
  21          
  22          定时器1 (T1)
  23          
  24          串口 (UART)
  25          */
  26          
  27          unsigned char Num;
  28          unsigned char Address;
  29          unsigned char Command;
  30          
  31          void main(){
  32   1              LCD_Init();
  33   1              LCD_ShowString(1,1,"ADDR  CMD  NUM");
  34   1              LCD_ShowString(2,1,"00    00   000");
  35   1              
  36   1              IR_Init();
  37   1              
  38   1          while(1){
  39   2                      //if(IR_GetDataFlag())
  40   2                      //实现重发获取，获取到数据 或 收到重复操作
  41   2                      if(IR_GetDataFlag() || IR_GetRepeatFlag()){
  42   3                              Address=IR_GetAddress();
  43   3                              Command=IR_GetCommand();  //获取指令
  44   3                              
  45   3                              LCD_ShowHexNum(2,1,Address,2);
  46   3                              LCD_ShowHexNum(2,7,Command,2);
  47   3                              
  48   3                              if(Command==IR_VOL_MINUS){              //即为VOL-键
  49   4                                      Num--;
  50   4                              }
  51   3                              if(Command==IR_VOL_ADD){                //即为VOL+键
  52   4                                      Num++;
  53   4                              }
  54   3                              
C51 COMPILER V9.54   MAIN                                                                  06/15/2026 18:15:51 PAGE 2   

  55   3                              LCD_ShowNum(2,12,Num,3);
  56   3                      }
  57   2                      
  58   2      //              if(IR_GetDataFlag() || IR_GetRepeatFlag())  //如果检测到数据帧，或者收到连发帧
  59   2      //              {
  60   2      //                      Address=IR_GetAddress();
  61   2      //                      Command=IR_GetCommand();
  62   2      //                      
  63   2      //                      LCD_ShowHexNum(2,1,Address,2);
  64   2      //                      LCD_ShowHexNum(2,7,Command,2);
  65   2      //              }
  66   2          }
  67   1      }
  68          
  69          //void Init0_Routine(void) interrupt 0{
  70          //      Num--;
  71          
  72          //}
  73          
  74          //Timer0Init();
  75          //Timer0_SetCounter(0); //计时器清零
  76          //Timer0_Run(1);
  77          //Delay(10);
  78          
  79          //Time=Timer0_GetCounter();
  80          //LCD_ShowNum(2,1,Time,5);


MODULE INFORMATION:   STATIC OVERLAYABLE
   CODE SIZE        =    115    ----
   CONSTANT SIZE    =     30    ----
   XDATA SIZE       =   ----    ----
   PDATA SIZE       =   ----    ----
   DATA SIZE        =      3    ----
   IDATA SIZE       =   ----    ----
   BIT SIZE         =   ----    ----
END OF MODULE INFORMATION.


C51 COMPILATION COMPLETE.  0 WARNING(S),  0 ERROR(S)
