BL51 BANKED LINKER/LOCATER V6.22                                                        06/15/2026  18:15:51  PAGE 1


BL51 BANKED LINKER/LOCATER V6.22, INVOKED BY:
D:\KEIL_V5\C51\BIN\BL51.EXE .\Objects\main.obj, .\Objects\Delay.obj, .\Objects\Key.obj, .\Objects\LCD1602.obj, .\Objects
>> \I2C.obj, .\Objects\AT24C02.obj, .\Objects\Timer0.obj, .\Objects\Nixie.obj, .\Objects\DS18820.obj, .\Objects\Buzzer.o
>> bj, .\Objects\OneWire.obj, .\Objects\Int0.obj, .\Objects\IR.obj TO .\Objects\Project PRINT (.\Listings\Project.m51) D
>> ISABLEWARNING (16)


MEMORY MODEL: SMALL WITH FLOATING POINT ARITHMETIC


INPUT MODULES INCLUDED:
  .\Objects\main.obj (MAIN)
  .\Objects\Delay.obj (DELAY)
  .\Objects\Key.obj (KEY)
  .\Objects\LCD1602.obj (LCD1602)
  .\Objects\I2C.obj (I2C)
  .\Objects\AT24C02.obj (AT24C02)
  .\Objects\Timer0.obj (TIMER0)
  .\Objects\Nixie.obj (NIXIE)
  .\Objects\DS18820.obj (DS18820)
  .\Objects\Buzzer.obj (BUZZER)
  .\Objects\OneWire.obj (ONEWIRE)
  .\Objects\Int0.obj (INT0)
  .\Objects\IR.obj (IR)
  D:\KEIL_V5\C51\LIB\C51FPS.LIB (?C?FPDIV)
  D:\KEIL_V5\C51\LIB\C51FPS.LIB (?C?FCAST)
  D:\KEIL_V5\C51\LIB\C51FPS.LIB (?C?FPGETOPN)
  D:\KEIL_V5\C51\LIB\C51S.LIB (?C_STARTUP)
  D:\KEIL_V5\C51\LIB\C51S.LIB (?C?CLDOPTR)
  D:\KEIL_V5\C51\LIB\C51S.LIB (?C?IMUL)
  D:\KEIL_V5\C51\LIB\C51S.LIB (?C?UIDIV)
  D:\KEIL_V5\C51\LIB\C51S.LIB (?C?LNEG)
  D:\KEIL_V5\C51\LIB\C51S.LIB (?C_INIT)


LINK MAP OF MODULE:  .\Objects\Project (MAIN)


            TYPE    BASE      LENGTH    RELOCATION   SEGMENT NAME
            -----------------------------------------------------

            * * * * * * *   D A T A   M E M O R Y   * * * * * * *
            REG     0000H     0008H     ABSOLUTE     "REG BANK 0"
            DATA    0008H     0016H     UNIT         ?DT?NIXIE
            DATA    001EH     000CH     UNIT         ?DT?IR
            DATA    002AH     0009H     UNIT         _DATA_GROUP_
            DATA    0033H     0007H     UNIT         ?DT?_LCD_SHOWSIGNEDNUM?LCD1602
            DATA    003AH     0006H     UNIT         ?DT?BUZZER
            DATA    0040H     0005H     UNIT         ?DT?_LCD_SHOWBINNUM?LCD1602
            DATA    0045H     0003H     UNIT         ?DT?MAIN
            DATA    0048H     0003H     UNIT         ?DT?KEY
            DATA    004BH     0002H     UNIT         ?DT?_AT24C02_WRITEBYTE?AT24C02
            DATA    004DH     0002H     UNIT         ?DT?_AT24C02_READBYTE?AT24C02
            DATA    004FH     0001H     UNIT         ?DT?DS18B20_READT?DS18820
            DATA    0050H     0001H     UNIT         ?DT?ONEWIRE
            IDATA   0051H     0001H     UNIT         ?STACK

            * * * * * * *   C O D E   M E M O R Y   * * * * * * *
BL51 BANKED LINKER/LOCATER V6.22                                                      06/15/2026  18:15:51  PAGE 2


            CODE    0000H     0003H     ABSOLUTE     
            CODE    0003H     0003H     ABSOLUTE     
                    0006H     07FAH                  *** GAP ***
            CODE    0800H     01CAH     UNIT         ?C?LIB_CODE
            CODE    09CAH     016DH     UNIT         ?PR?INIT0_ROUTINE?IR
            CODE    0B37H     008CH     UNIT         ?C_C51STARTUP
            CODE    0BC3H     0073H     UNIT         ?PR?MAIN?MAIN
            CODE    0C36H     0063H     UNIT         ?PR?_NIXIE?NIXIE
            CODE    0C99H     003BH     UNIT         ?PR?KEY_LOOP?KEY
            CODE    0CD4H     003AH     UNIT         ?PR?_LCD_SHOWSIGNEDNUM?LCD1602
            CODE    0D0EH     0039H     UNIT         ?PR?_LCD_SHOWHEXNUM?LCD1602
            CODE    0D47H     0038H     UNIT         ?PR?_LCD_SHOWBINNUM?LCD1602
            CODE    0D7FH     0033H     UNIT         ?PR?_LCD_POW?LCD1602
            CODE    0DB2H     0032H     UNIT         ?PR?KEY_GETSTATE?KEY
            CODE    0DE4H     0030H     UNIT         ?PR?_AT24C02_READBYTE?AT24C02
            CODE    0E14H     002CH     UNIT         ?PR?DS18B20_READT?DS18820
            CODE    0E40H     002BH     UNIT         ?PR?_I2C_SENDBYTE?I2C
            CODE    0E6BH     0023H     UNIT         ?PR?_LCD_SHOWSTRING?LCD1602
            CODE    0E8EH     0023H     UNIT         ?PR?BUZZER_LOOP?BUZZER
            CODE    0EB1H     0022H     UNIT         ?PR?_AT24C02_WRITEBYTE?AT24C02
            CODE    0ED3H     001EH     UNIT         ?CO?MAIN
            CODE    0EF1H     001EH     UNIT         ?PR?_LCD_WRITEDATA?LCD1602
            CODE    0F0FH     001DH     UNIT         ?PR?_LCD_SHOWNUM?LCD1602
            CODE    0F2CH     001DH     UNIT         ?C_INITSEG
            CODE    0F49H     001DH     UNIT         ?PR?ONEWIRE_RECEIVEBYTE?ONEWIRE
            CODE    0F66H     001CH     UNIT         ?PR?ONEWIRE_RECEIVEBIT?ONEWIRE
            CODE    0F82H     001BH     UNIT         ?PR?ONEWIRE_INIT?ONEWIRE
            CODE    0F9DH     0019H     UNIT         ?PR?NIXIE_LOOP?NIXIE
            CODE    0FB6H     0019H     UNIT         ?PR?_ONEWIRE_SENDBYTE?ONEWIRE
            CODE    0FCFH     0018H     UNIT         ?PR?I2C_RECEIVEBYTE?I2C
            CODE    0FE7H     0016H     UNIT         ?PR?_LCD_SETCURSOR?LCD1602
            CODE    0FFDH     0016H     UNIT         ?PR?_ONEWIRE_SENDBIT?ONEWIRE
            CODE    1013H     0015H     UNIT         ?PR?_DELAY?DELAY
            CODE    1028H     0014H     UNIT         ?PR?LCD_INIT?LCD1602
            CODE    103CH     0010H     UNIT         ?PR?TIMER0INIT?TIMER0
            CODE    104CH     000FH     UNIT         ?PR?LCD_DELAY?LCD1602
            CODE    105BH     000DH     UNIT         ?PR?DS18B20_CONVERTT?DS18820
            CODE    1068H     000DH     UNIT         ?PR?IR_GETDATAFLAG?IR
            CODE    1075H     000DH     UNIT         ?PR?IR_GETREPEATFLAG?IR
            CODE    1082H     000CH     UNIT         ?PR?I2C_RECEIVEACK?I2C
            CODE    108EH     000BH     UNIT         ?PR?_TIMER0_SETCOUNTER?TIMER0
            CODE    1099H     000BH     UNIT         ?PR?INT0_INIT?INT0
            CODE    10A4H     000AH     UNIT         ?PR?_LCD_WRITECOMMAND?LCD1602
            CODE    10AEH     000AH     UNIT         ?PR?_LCD_SHOWCHAR?LCD1602
            CODE    10B8H     000AH     UNIT         ?PR?_I2C_SENDACK?I2C
            CODE    10C2H     000AH     UNIT         ?PR?BUZZER_INIT?BUZZER
            CODE    10CCH     000AH     UNIT         ?PR?_BUZZER_START?BUZZER
            CODE    10D6H     000AH     UNIT         ?PR?BUZZER_STOP?BUZZER
            CODE    10E0H     0009H     UNIT         ?PR?I2C_START?I2C
            CODE    10E9H     0009H     UNIT         ?PR?TIMER0_GETCOUNTER?TIMER0
            CODE    10F2H     0009H     UNIT         ?PR?_NIXIE_SCAN?NIXIE
            CODE    10FBH     0007H     UNIT         ?PR?I2C_STOP?I2C
            CODE    1102H     0006H     UNIT         ?PR?KEY?KEY
            CODE    1108H     0006H     UNIT         ?PR?_TIMER0_RUN?TIMER0
            CODE    110EH     0006H     UNIT         ?PR?BUZZER_DELAY500US?BUZZER
            CODE    1114H     0006H     UNIT         ?PR?IR_INIT?IR
            CODE    111AH     0003H     UNIT         ?PR?IR_GETADDRESS?IR
BL51 BANKED LINKER/LOCATER V6.22                                                      06/15/2026  18:15:51  PAGE 3


            CODE    111DH     0003H     UNIT         ?PR?IR_GETCOMMAND?IR



OVERLAY MAP OF MODULE:   .\Objects\Project (MAIN)


SEGMENT                                   DATA_GROUP 
  +--> CALLED SEGMENT                   START    LENGTH
-------------------------------------------------------
?PR?INIT0_ROUTINE?IR                    -----    -----
  +--> ?PR?_TIMER0_SETCOUNTER?TIMER0
  +--> ?PR?_TIMER0_RUN?TIMER0
  +--> ?PR?TIMER0_GETCOUNTER?TIMER0

*** NEW ROOT ***************************************************

?C_C51STARTUP                           -----    -----
  +--> ?PR?MAIN?MAIN
  +--> ?C_INITSEG

?PR?MAIN?MAIN                           -----    -----
  +--> ?PR?LCD_INIT?LCD1602
  +--> ?CO?MAIN
  +--> ?PR?_LCD_SHOWSTRING?LCD1602
  +--> ?PR?IR_INIT?IR
  +--> ?PR?IR_GETDATAFLAG?IR
  +--> ?PR?IR_GETREPEATFLAG?IR
  +--> ?PR?IR_GETADDRESS?IR
  +--> ?PR?IR_GETCOMMAND?IR
  +--> ?PR?_LCD_SHOWHEXNUM?LCD1602
  +--> ?PR?_LCD_SHOWNUM?LCD1602

?PR?LCD_INIT?LCD1602                    -----    -----
  +--> ?PR?_LCD_WRITECOMMAND?LCD1602

?PR?_LCD_WRITECOMMAND?LCD1602           -----    -----
  +--> ?PR?LCD_DELAY?LCD1602

?PR?_LCD_SHOWSTRING?LCD1602             002AH    0003H
  +--> ?PR?_LCD_SETCURSOR?LCD1602
  +--> ?PR?_LCD_WRITEDATA?LCD1602

?PR?_LCD_SETCURSOR?LCD1602              -----    -----
  +--> ?PR?_LCD_WRITECOMMAND?LCD1602

?PR?_LCD_WRITEDATA?LCD1602              -----    -----
  +--> ?PR?LCD_DELAY?LCD1602

?PR?IR_INIT?IR                          -----    -----
  +--> ?PR?TIMER0INIT?TIMER0
  +--> ?PR?INT0_INIT?INT0

?PR?_LCD_SHOWHEXNUM?LCD1602             002AH    0005H
  +--> ?PR?_LCD_SETCURSOR?LCD1602
  +--> ?PR?_LCD_POW?LCD1602
  +--> ?PR?_LCD_WRITEDATA?LCD1602
BL51 BANKED LINKER/LOCATER V6.22                                                      06/15/2026  18:15:51  PAGE 4



?PR?_LCD_POW?LCD1602                    002FH    0004H

?PR?_LCD_SHOWNUM?LCD1602                002AH    0005H
  +--> ?PR?_LCD_SETCURSOR?LCD1602
  +--> ?PR?_LCD_POW?LCD1602
  +--> ?PR?_LCD_WRITEDATA?LCD1602



SYMBOL TABLE OF MODULE:  .\Objects\Project (MAIN)

  VALUE           TYPE          NAME
  ----------------------------------

  -------         MODULE        MAIN
  C:0000H         SYMBOL        _ICE_DUMMY_
  C:0BC3H         PUBLIC        main
  D:0045H         PUBLIC        Num
  D:0046H         PUBLIC        Command
  D:0047H         PUBLIC        Address
  -------         PROC          MAIN
  C:0BC3H         LINE#         31
  C:0BC3H         LINE#         32
  C:0BC6H         LINE#         33
  C:0BD3H         LINE#         34
  C:0BE0H         LINE#         36
  C:0BE3H         LINE#         38
  C:0BE3H         LINE#         41
  C:0BEFH         LINE#         42
  C:0BF4H         LINE#         43
  C:0BF9H         LINE#         45
  C:0C08H         LINE#         46
  C:0C17H         LINE#         48
  C:0C1CH         LINE#         49
  C:0C1EH         LINE#         50
  C:0C1EH         LINE#         51
  C:0C23H         LINE#         52
  C:0C25H         LINE#         53
  C:0C25H         LINE#         55
  C:0C34H         LINE#         56
  C:0C34H         LINE#         66
  -------         ENDPROC       MAIN
  -------         ENDMOD        MAIN

  -------         MODULE        DELAY
  C:0000H         SYMBOL        _ICE_DUMMY_
  C:1013H         PUBLIC        _Delay
  -------         PROC          _DELAY
  D:0006H         SYMBOL        xms
  -------         DO            
  D:0005H         SYMBOL        i
  D:0004H         SYMBOL        j
  -------         ENDDO         
  C:1013H         LINE#         4
  C:1013H         LINE#         6
  C:101DH         LINE#         7
BL51 BANKED LINKER/LOCATER V6.22                                                      06/15/2026  18:15:51  PAGE 5


  C:101FH         LINE#         8
  C:1021H         LINE#         9
  C:1021H         LINE#         10
  C:1023H         LINE#         11
  C:1025H         LINE#         12
  C:1027H         LINE#         13
  -------         ENDPROC       _DELAY
  -------         ENDMOD        DELAY

  -------         MODULE        KEY
  C:0000H         SYMBOL        _ICE_DUMMY_
  D:004AH         PUBLIC        Key_Key_Number
  B:00B0H.0       PUBLIC        P3_0
  B:00B0H.1       PUBLIC        P3_1
  B:00B0H.2       PUBLIC        P3_2
  B:00B0H.3       PUBLIC        P3_3
  C:0C99H         PUBLIC        Key_Loop
  C:1102H         PUBLIC        Key
  C:0DB2H         PUBLIC        Key_GetState
  -------         PROC          KEY
  -------         DO            
  D:0007H         SYMBOL        temp
  -------         ENDDO         
  C:1102H         LINE#         7
  C:1102H         LINE#         8
  C:1104H         LINE#         9
  C:1107H         LINE#         10
  C:1107H         LINE#         11
  -------         ENDPROC       KEY
  -------         PROC          KEY_GETSTATE
  -------         DO            
  D:0007H         SYMBOL        KeyNumber
  -------         ENDDO         
  C:0DB2H         LINE#         32
  C:0DB2H         LINE#         33
  C:0DB2H         LINE#         34
  C:0DB4H         LINE#         36
  C:0DBFH         LINE#         37
  C:0DCBH         LINE#         38
  C:0DD7H         LINE#         39
  C:0DE3H         LINE#         41
  C:0DE3H         LINE#         42
  -------         ENDPROC       KEY_GETSTATE
  -------         PROC          KEY_LOOP
  -------         DO            
  D:0048H         SYMBOL        NowState
  D:0049H         SYMBOL        LastState
  -------         ENDDO         
  C:0C99H         LINE#         69
  C:0C99H         LINE#         71
  C:0C9CH         LINE#         72
  C:0CA1H         LINE#         80
  C:0CAAH         LINE#         81
  C:0CADH         LINE#         82
  C:0CADH         LINE#         83
  C:0CB6H         LINE#         84
  C:0CB9H         LINE#         85
BL51 BANKED LINKER/LOCATER V6.22                                                      06/15/2026  18:15:51  PAGE 6


  C:0CB9H         LINE#         86
  C:0CC2H         LINE#         87
  C:0CC5H         LINE#         88
  C:0CC5H         LINE#         89
  C:0CCEH         LINE#         90
  C:0CD1H         LINE#         91
  C:0CD1H         LINE#         93
  C:0CD3H         LINE#         94
  -------         ENDPROC       KEY_LOOP
  -------         ENDMOD        KEY

  -------         MODULE        LCD1602
  C:0000H         SYMBOL        _ICE_DUMMY_
  D:0080H         PUBLIC        P0
  D:00A0H         PUBLIC        P2
  C:10A4H         PUBLIC        _LCD_WriteCommand
  C:0F0FH         PUBLIC        _LCD_ShowNum
  C:0D47H         PUBLIC        _LCD_ShowBinNum
  C:1052H         PUBLIC        LCD_Delay
  C:0D0EH         PUBLIC        _LCD_ShowHexNum
  C:0F05H         PUBLIC        _LCD_WriteData
  B:00A0H.7       PUBLIC        LCD_EN
  C:1028H         PUBLIC        LCD_Init
  C:0E6BH         PUBLIC        _LCD_ShowString
  C:10AEH         PUBLIC        _LCD_ShowChar
  B:00A0H.6       PUBLIC        LCD_RS
  B:00A0H.5       PUBLIC        LCD_RW
  C:0FE7H         PUBLIC        _LCD_SetCursor
  C:0CD4H         PUBLIC        _LCD_ShowSignedNum
  C:0D8BH         PUBLIC        _LCD_Pow
  -------         PROC          L?0048
  -------         ENDPROC       L?0048
  -------         PROC          LCD_DELAY
  -------         DO            
  D:0007H         SYMBOL        i
  D:0006H         SYMBOL        j
  -------         ENDDO         
  C:1052H         LINE#         15
  C:1052H         LINE#         16
  C:1052H         LINE#         19
  C:1054H         LINE#         20
  C:1056H         LINE#         22
  C:1056H         LINE#         23
  C:1058H         LINE#         24
  C:105AH         LINE#         25
  -------         ENDPROC       LCD_DELAY
  -------         PROC          _LCD_WRITECOMMAND
  D:0007H         SYMBOL        Command
  C:10A4H         LINE#         32
  C:10A4H         LINE#         33
  C:10A4H         LINE#         34
  C:10A6H         LINE#         35
  C:10A6H         LINE#         36
  C:10A6H         LINE#         37
  C:10A6H         LINE#         38
  C:10A9H         LINE#         39
  C:10ABH         LINE#         40
BL51 BANKED LINKER/LOCATER V6.22                                                      06/15/2026  18:15:51  PAGE 7


  -------         ENDPROC       _LCD_WRITECOMMAND
  -------         PROC          L?0047
  -------         ENDPROC       L?0047
  -------         PROC          _LCD_WRITEDATA
  D:0007H         SYMBOL        Data
  C:0F05H         LINE#         48
  C:0F05H         LINE#         49
  C:0F05H         LINE#         50
  C:0F07H         LINE#         51
  C:0F07H         LINE#         52
  C:0F07H         LINE#         53
  C:0F07H         LINE#         54
  C:0F0AH         LINE#         55
  C:0F0CH         LINE#         56
  -------         ENDPROC       _LCD_WRITEDATA
  -------         PROC          _LCD_SETCURSOR
  D:0006H         SYMBOL        Line
  D:0005H         SYMBOL        Column
  C:0FE7H         LINE#         65
  C:0FE9H         LINE#         66
  C:0FE9H         LINE#         67
  C:0FECH         LINE#         68
  C:0FECH         LINE#         69
  C:0FEEH         LINE#         70
  C:0FF0H         LINE#         71
  C:0FF3H         LINE#         72
  C:0FF3H         LINE#         73
  C:0FFCH         LINE#         74
  C:0FFCH         LINE#         75
  -------         ENDPROC       _LCD_SETCURSOR
  -------         PROC          LCD_INIT
  C:1028H         LINE#         82
  C:1028H         LINE#         83
  C:1028H         LINE#         84
  C:102DH         LINE#         85
  C:1032H         LINE#         86
  C:1037H         LINE#         87
  -------         ENDPROC       LCD_INIT
  -------         PROC          _LCD_SHOWCHAR
  D:0006H         SYMBOL        Line
  D:0005H         SYMBOL        Column
  D:0004H         SYMBOL        Char
  C:10AEH         LINE#         97
  C:10B0H         LINE#         98
  C:10B0H         LINE#         99
  C:10B3H         LINE#         100
  -------         ENDPROC       _LCD_SHOWCHAR
  -------         PROC          _LCD_SHOWSTRING
  D:0007H         SYMBOL        Line
  D:0005H         SYMBOL        Column
  D:002AH         SYMBOL        String
  -------         DO            
  D:0005H         SYMBOL        i
  -------         ENDDO         
  C:0E6BH         LINE#         110
  C:0E71H         LINE#         111
  C:0E71H         LINE#         113
BL51 BANKED LINKER/LOCATER V6.22                                                      06/15/2026  18:15:51  PAGE 8


  C:0E74H         LINE#         114
  C:0E87H         LINE#         115
  C:0E87H         LINE#         116
  C:0E8AH         LINE#         117
  C:0E8DH         LINE#         118
  -------         ENDPROC       _LCD_SHOWSTRING
  C:0D81H         SYMBOL        L?0046
  -------         PROC          L?0045
  -------         ENDPROC       L?0045
  C:0D81H         SYMBOL        L?0046
  -------         PROC          _LCD_POW
  D:002FH         SYMBOL        X
  D:0031H         SYMBOL        Y
  -------         DO            
  D:0003H         SYMBOL        i
  D:0006H         SYMBOL        Result
  -------         ENDDO         
  C:0D8BH         LINE#         123
  C:0D93H         LINE#         124
  C:0D93H         LINE#         126
  C:0D97H         LINE#         127
  C:0DA7H         LINE#         128
  C:0DA7H         LINE#         129
  C:0DAEH         LINE#         130
  C:0DB1H         LINE#         131
  C:0DB1H         LINE#         132
  -------         ENDPROC       _LCD_POW
  -------         PROC          _LCD_SHOWNUM
  D:0007H         SYMBOL        Line
  D:0005H         SYMBOL        Column
  D:002CH         SYMBOL        Number
  D:002EH         SYMBOL        Length
  -------         DO            
  D:0002H         SYMBOL        i
  -------         ENDDO         
  C:0F0FH         LINE#         142
  C:0F13H         LINE#         143
  C:0F13H         LINE#         145
  C:0F16H         LINE#         146
  C:0F1EH         LINE#         147
  C:0F1EH         LINE#         148
  C:0F28H         LINE#         149
  C:0F2BH         LINE#         150
  -------         ENDPROC       _LCD_SHOWNUM
  -------         PROC          _LCD_SHOWSIGNEDNUM
  D:0007H         SYMBOL        Line
  D:0005H         SYMBOL        Column
  D:0002H         SYMBOL        Number
  D:0037H         SYMBOL        Length
  -------         DO            
  D:0002H         SYMBOL        i
  D:0038H         SYMBOL        Number1
  -------         ENDDO         
  C:0CD4H         LINE#         160
  C:0CD4H         LINE#         161
  C:0CD4H         LINE#         164
  C:0CD7H         LINE#         165
BL51 BANKED LINKER/LOCATER V6.22                                                      06/15/2026  18:15:51  PAGE 9


  C:0CDFH         LINE#         166
  C:0CDFH         LINE#         167
  C:0CE4H         LINE#         168
  C:0CE8H         LINE#         169
  C:0CEAH         LINE#         171
  C:0CEAH         LINE#         172
  C:0CEFH         LINE#         173
  C:0CF8H         LINE#         174
  C:0CF8H         LINE#         175
  C:0D00H         LINE#         176
  C:0D00H         LINE#         177
  C:0D0AH         LINE#         178
  C:0D0DH         LINE#         179
  -------         ENDPROC       _LCD_SHOWSIGNEDNUM
  -------         PROC          _LCD_SHOWHEXNUM
  D:0007H         SYMBOL        Line
  D:0005H         SYMBOL        Column
  D:002CH         SYMBOL        Number
  D:002EH         SYMBOL        Length
  -------         DO            
  D:0002H         SYMBOL        i
  D:0006H         SYMBOL        SingleNumber
  -------         ENDDO         
  C:0D0EH         LINE#         189
  C:0D12H         LINE#         190
  C:0D12H         LINE#         192
  C:0D15H         LINE#         193
  C:0D1DH         LINE#         194
  C:0D1DH         LINE#         195
  C:0D33H         LINE#         196
  C:0D39H         LINE#         197
  C:0D39H         LINE#         198
  C:0D3BH         LINE#         199
  C:0D3DH         LINE#         201
  C:0D3DH         LINE#         202
  C:0D43H         LINE#         203
  C:0D43H         LINE#         204
  C:0D46H         LINE#         205
  -------         ENDPROC       _LCD_SHOWHEXNUM
  -------         PROC          _LCD_SHOWBINNUM
  D:0007H         SYMBOL        Line
  D:0005H         SYMBOL        Column
  D:0042H         SYMBOL        Number
  D:0044H         SYMBOL        Length
  -------         DO            
  D:0002H         SYMBOL        i
  -------         ENDDO         
  C:0D47H         LINE#         215
  C:0D4BH         LINE#         216
  C:0D4BH         LINE#         218
  C:0D4EH         LINE#         219
  C:0D56H         LINE#         220
  C:0D56H         LINE#         221
  C:0D7BH         LINE#         222
  C:0D7EH         LINE#         223
  -------         ENDPROC       _LCD_SHOWBINNUM
  -------         ENDMOD        LCD1602
BL51 BANKED LINKER/LOCATER V6.22                                                      06/15/2026  18:15:51  PAGE 10



  -------         MODULE        I2C
  C:0000H         SYMBOL        _ICE_DUMMY_
  B:00A0H.1       PUBLIC        I2C_SCL
  D:00A0H         PUBLIC        P2
  C:10E0H         PUBLIC        I2C_Start
  C:10B8H         PUBLIC        _I2C_SendAck
  C:0E40H         PUBLIC        _I2C_SendByte
  C:10FBH         PUBLIC        I2C_Stop
  C:1082H         PUBLIC        I2C_ReceiveAck
  B:00A0H.0       PUBLIC        I2C_SDA
  C:0FCFH         PUBLIC        I2C_ReceiveByte
  -------         PROC          I2C_START
  C:10E0H         LINE#         12
  C:10E0H         LINE#         14
  C:10E2H         LINE#         15
  C:10E4H         LINE#         17
  C:10E6H         LINE#         18
  C:10E8H         LINE#         20
  -------         ENDPROC       I2C_START
  -------         PROC          I2C_STOP
  C:10FBH         LINE#         27
  C:10FBH         LINE#         29
  C:10FDH         LINE#         32
  C:10FFH         LINE#         33
  C:1101H         LINE#         35
  -------         ENDPROC       I2C_STOP
  -------         PROC          _I2C_SENDBYTE
  D:0005H         SYMBOL        Byte
  -------         DO            
  D:0004H         SYMBOL        i
  -------         ENDDO         
  C:0E40H         LINE#         43
  C:0E42H         LINE#         46
  C:0E44H         LINE#         47
  C:0E62H         LINE#         50
  C:0E64H         LINE#         51
  C:0E66H         LINE#         52
  C:0E6AH         LINE#         53
  -------         ENDPROC       _I2C_SENDBYTE
  -------         PROC          I2C_RECEIVEBYTE
  -------         DO            
  D:0006H         SYMBOL        i
  D:0007H         SYMBOL        Byte
  -------         ENDDO         
  C:0FCFH         LINE#         61
  C:0FCFH         LINE#         62
  C:0FCFH         LINE#         64
  C:0FD1H         LINE#         67
  C:0FD3H         LINE#         69
  C:0FD4H         LINE#         70
  C:0FD8H         LINE#         72
  C:0FDAH         LINE#         74
  C:0FE0H         LINE#         75
  C:0FE2H         LINE#         76
  C:0FE6H         LINE#         79
  C:0FE6H         LINE#         80
BL51 BANKED LINKER/LOCATER V6.22                                                      06/15/2026  18:15:51  PAGE 11


  -------         ENDPROC       I2C_RECEIVEBYTE
  -------         PROC          _I2C_SENDACK
  D:0007H         SYMBOL        AckBit
  C:10B8H         LINE#         89
  C:10B8H         LINE#         90
  C:10BDH         LINE#         91
  C:10BFH         LINE#         92
  C:10C1H         LINE#         93
  -------         ENDPROC       _I2C_SENDACK
  -------         PROC          I2C_RECEIVEACK
  -------         DO            
  D:0007H         SYMBOL        AckBit
  -------         ENDDO         
  C:1082H         LINE#         110
  C:1082H         LINE#         112
  C:1084H         LINE#         113
  C:1086H         LINE#         114
  C:108BH         LINE#         115
  C:108DH         LINE#         116
  C:108DH         LINE#         117
  -------         ENDPROC       I2C_RECEIVEACK
  -------         ENDMOD        I2C

  -------         MODULE        AT24C02
  C:0000H         SYMBOL        _ICE_DUMMY_
  C:0DE4H         PUBLIC        _AT24C02_ReadByte
  C:0EB1H         PUBLIC        _AT24C02_WriteByte
  -------         PROC          _AT24C02_WRITEBYTE
  D:004BH         SYMBOL        WordAddress
  D:004CH         SYMBOL        Data
  C:0EB1H         LINE#         16
  C:0EB5H         LINE#         17
  C:0EB8H         LINE#         18
  C:0EBDH         LINE#         19
  C:0EC0H         LINE#         20
  C:0EC5H         LINE#         22
  C:0EC8H         LINE#         23
  C:0ECDH         LINE#         25
  C:0ED0H         LINE#         26
  -------         ENDPROC       _AT24C02_WRITEBYTE
  -------         PROC          _AT24C02_READBYTE
  D:004DH         SYMBOL        WordAddress
  -------         DO            
  D:004EH         SYMBOL        Data
  -------         ENDDO         
  C:0DE4H         LINE#         36
  C:0DE6H         LINE#         38
  C:0DE9H         LINE#         39
  C:0DEEH         LINE#         40
  C:0DF1H         LINE#         41
  C:0DF6H         LINE#         42
  C:0DF9H         LINE#         44
  C:0DFCH         LINE#         46
  C:0E01H         LINE#         47
  C:0E04H         LINE#         49
  C:0E09H         LINE#         50
  C:0E0EH         LINE#         51
BL51 BANKED LINKER/LOCATER V6.22                                                      06/15/2026  18:15:51  PAGE 12


  C:0E11H         LINE#         53
  C:0E13H         LINE#         54
  -------         ENDPROC       _AT24C02_READBYTE
  -------         ENDMOD        AT24C02

  -------         MODULE        TIMER0
  C:0000H         SYMBOL        _ICE_DUMMY_
  C:10E9H         PUBLIC        Timer0_GetCounter
  C:108EH         PUBLIC        _Timer0_SetCounter
  D:0089H         PUBLIC        TMOD
  B:0088H.5       PUBLIC        TF0
  C:1108H         PUBLIC        _Timer0_Run
  C:103CH         PUBLIC        Timer0Init
  D:008CH         PUBLIC        TH0
  D:008AH         PUBLIC        TL0
  B:0088H.4       PUBLIC        TR0
  -------         PROC          TIMER0INIT
  C:103CH         LINE#         3
  C:103CH         LINE#         4
  C:103CH         LINE#         5
  C:103FH         LINE#         6
  C:1042H         LINE#         7
  C:1045H         LINE#         8
  C:1047H         LINE#         10
  C:1049H         LINE#         11
  C:104BH         LINE#         16
  -------         ENDPROC       TIMER0INIT
  -------         PROC          _TIMER0_SETCOUNTER
  D:0004H         SYMBOL        Value
  C:108EH         LINE#         18
  C:1092H         LINE#         19
  C:1094H         LINE#         20
  C:1098H         LINE#         21
  -------         ENDPROC       _TIMER0_SETCOUNTER
  -------         PROC          TIMER0_GETCOUNTER
  C:10E9H         LINE#         23
  C:10E9H         LINE#         24
  C:10F1H         LINE#         25
  -------         ENDPROC       TIMER0_GETCOUNTER
  -------         PROC          _TIMER0_RUN
  D:0007H         SYMBOL        Flag
  C:1108H         LINE#         27
  C:1108H         LINE#         28
  C:110DH         LINE#         29
  -------         ENDPROC       _TIMER0_RUN
  -------         ENDMOD        TIMER0

  -------         MODULE        NIXIE
  C:0000H         SYMBOL        _ICE_DUMMY_
  D:0009H         PUBLIC        Nixie_Buf
  C:0C36H         PUBLIC        _Nixie
  D:0080H         PUBLIC        P0
  B:00A0H.2       PUBLIC        P2_2
  B:00A0H.3       PUBLIC        P2_3
  B:00A0H.4       PUBLIC        P2_4
  C:10F2H         PUBLIC        _Nixie_Scan
  D:0012H         PUBLIC        NixieTable
BL51 BANKED LINKER/LOCATER V6.22                                                      06/15/2026  18:15:51  PAGE 13


  C:0F9DH         PUBLIC        Nixie_Loop
  -------         PROC          _NIXIE_SCAN
  D:0007H         SYMBOL        Location
  D:0004H         SYMBOL        Number
  C:10F2H         LINE#         14
  C:10F2H         LINE#         15
  C:10F2H         LINE#         16
  C:10FAH         LINE#         17
  -------         ENDPROC       _NIXIE_SCAN
  -------         PROC          _NIXIE
  D:0007H         SYMBOL        Location
  D:0005H         SYMBOL        Number
  C:0C36H         LINE#         19
  C:0C36H         LINE#         20
  C:0C63H         LINE#         22
  C:0C67H         LINE#         23
  C:0C6BH         LINE#         24
  C:0C6FH         LINE#         25
  C:0C73H         LINE#         26
  C:0C7BH         LINE#         27
  C:0C83H         LINE#         28
  C:0C8BH         LINE#         29
  C:0C91H         LINE#         30
  C:0C91H         LINE#         31
  C:0C98H         LINE#         35
  -------         ENDPROC       _NIXIE
  -------         PROC          NIXIE_LOOP
  -------         DO            
  D:0008H         SYMBOL        i
  -------         ENDDO         
  C:0F9DH         LINE#         41
  C:0F9DH         LINE#         45
  C:0FA9H         LINE#         46
  C:0FABH         LINE#         47
  C:0FB5H         LINE#         49
  -------         ENDPROC       NIXIE_LOOP
  -------         ENDMOD        NIXIE

  -------         MODULE        DS18820
  C:0000H         SYMBOL        _ICE_DUMMY_
  C:105BH         PUBLIC        DS18B20_ConvertT
  C:0E14H         PUBLIC        DS18B20_ReadT
  -------         PROC          DS18B20_CONVERTT
  C:105BH         LINE#         14
  C:105BH         LINE#         15
  C:105EH         LINE#         16
  C:1063H         LINE#         17
  -------         ENDPROC       DS18B20_CONVERTT
  -------         PROC          DS18B20_READT
  -------         DO            
  D:004FH         SYMBOL        TLSB
  D:0007H         SYMBOL        TMSB
  D:0006H         SYMBOL        Temp
  D:0004H         SYMBOL        T
  -------         ENDDO         
  C:0E14H         LINE#         25
  C:0E14H         LINE#         29
BL51 BANKED LINKER/LOCATER V6.22                                                      06/15/2026  18:15:51  PAGE 14


  C:0E17H         LINE#         30
  C:0E1CH         LINE#         31
  C:0E21H         LINE#         33
  C:0E26H         LINE#         34
  C:0E29H         LINE#         39
  C:0E2EH         LINE#         40
  C:0E3FH         LINE#         42
  C:0E3FH         LINE#         43
  -------         ENDPROC       DS18B20_READT
  -------         ENDMOD        DS18820

  -------         MODULE        BUZZER
  C:0000H         SYMBOL        _ICE_DUMMY_
  D:00A0H         PUBLIC        P2
  C:0E8EH         PUBLIC        Buzzer_Loop
  B:00A0H.5       PUBLIC        Buzzer
  D:003BH         PUBLIC        BuzzerState
  C:10D6H         PUBLIC        Buzzer_Stop
  C:110EH         PUBLIC        Buzzer_Delay500us
  D:003DH         PUBLIC        BuzzerRemain
  D:003FH         PUBLIC        BuzzerActive
  C:10CCH         PUBLIC        _Buzzer_Start
  C:10C2H         PUBLIC        Buzzer_Init
  -------         PROC          BUZZER_DELAY500US
  -------         DO            
  D:0007H         SYMBOL        i
  -------         ENDDO         
  C:110EH         LINE#         17
  C:110EH         LINE#         20
  C:110FH         LINE#         21
  C:1111H         LINE#         22
  C:1113H         LINE#         23
  -------         ENDPROC       BUZZER_DELAY500US
  -------         PROC          BUZZER_INIT
  C:10C2H         LINE#         25
  C:10C2H         LINE#         26
  C:10C4H         LINE#         27
  C:10C7H         LINE#         28
  C:10CBH         LINE#         29
  -------         ENDPROC       BUZZER_INIT
  -------         PROC          _BUZZER_START
  D:0006H         SYMBOL        ms
  C:10CCH         LINE#         31
  C:10CCH         LINE#         32
  C:10CFH         LINE#         33
  C:10D3H         LINE#         34
  C:10D5H         LINE#         35
  -------         ENDPROC       _BUZZER_START
  -------         PROC          BUZZER_STOP
  C:10D6H         LINE#         37
  C:10D6H         LINE#         38
  C:10D9H         LINE#         39
  C:10DDH         LINE#         40
  C:10DFH         LINE#         41
  -------         ENDPROC       BUZZER_STOP
  -------         PROC          BUZZER_LOOP
  -------         DO            
BL51 BANKED LINKER/LOCATER V6.22                                                      06/15/2026  18:15:51  PAGE 15


  D:003AH         SYMBOL        ms_counter
  -------         ENDDO         
  C:0E8EH         LINE#         43
  C:0E8EH         LINE#         46
  C:0E92H         LINE#         47
  C:0E94H         LINE#         48
  C:0E9BH         LINE#         49
  C:0E9EH         LINE#         50
  C:0EA6H         LINE#         51
  C:0EACH         LINE#         52
  C:0EAEH         LINE#         53
  C:0EB0H         LINE#         54
  C:0EB0H         LINE#         55
  C:0EB0H         LINE#         56
  C:0EB0H         LINE#         57
  -------         ENDPROC       BUZZER_LOOP
  -------         ENDMOD        BUZZER

  -------         MODULE        ONEWIRE
  C:0000H         SYMBOL        _ICE_DUMMY_
  D:00B0H         PUBLIC        P3
  B:00A8H.7       PUBLIC        EA
  C:0F66H         PUBLIC        OneWire_ReceiveBit
  D:0050H         PUBLIC        AckBit
  B:00B0H.7       PUBLIC        OneWire_DQ
  C:0F82H         PUBLIC        OneWire_Init
  C:0FB6H         PUBLIC        _OneWire_SendByte
  C:0FFDH         PUBLIC        _OneWire_SendBit
  C:0F49H         PUBLIC        OneWire_ReceiveByte
  -------         PROC          ONEWIRE_INIT
  -------         DO            
  D:0007H         SYMBOL        i
  -------         ENDDO         
  C:0F82H         LINE#         8
  C:0F82H         LINE#         13
  C:0F84H         LINE#         14
  C:0F86H         LINE#         15
  C:0F8AH         LINE#         16
  C:0F8CH         LINE#         17
  C:0F90H         LINE#         18
  C:0F96H         LINE#         19
  C:0F9AH         LINE#         20
  C:0F9CH         LINE#         21
  -------         ENDPROC       ONEWIRE_INIT
  -------         PROC          _ONEWIRE_SENDBIT
  D:0007H         SYMBOL        Bit
  -------         DO            
  D:0006H         SYMBOL        i
  -------         ENDDO         
  C:0FFDH         LINE#         23
  C:0FFDH         LINE#         26
  C:0FFFH         LINE#         28
  C:1001H         LINE#         29
  C:1005H         LINE#         30
  C:100AH         LINE#         31
  C:100EH         LINE#         32
  C:1010H         LINE#         34
BL51 BANKED LINKER/LOCATER V6.22                                                      06/15/2026  18:15:51  PAGE 16


  C:1012H         LINE#         35
  -------         ENDPROC       _ONEWIRE_SENDBIT
  -------         PROC          ONEWIRE_RECEIVEBIT
  -------         DO            
  D:0007H         SYMBOL        i
  D:0006H         SYMBOL        Bit
  -------         ENDDO         
  C:0F66H         LINE#         37
  C:0F66H         LINE#         41
  C:0F68H         LINE#         42
  C:0F6AH         LINE#         43
  C:0F6EH         LINE#         44
  C:0F70H         LINE#         45
  C:0F74H         LINE#         46
  C:0F79H         LINE#         47
  C:0F7DH         LINE#         49
  C:0F7FH         LINE#         51
  C:0F81H         LINE#         52
  -------         ENDPROC       ONEWIRE_RECEIVEBIT
  -------         PROC          _ONEWIRE_SENDBYTE
  D:0005H         SYMBOL        Byte
  -------         DO            
  D:0004H         SYMBOL        i
  -------         ENDDO         
  C:0FB6H         LINE#         55
  C:0FB8H         LINE#         57
  C:0FBAH         LINE#         58
  C:0FCAH         LINE#         59
  C:0FCEH         LINE#         60
  -------         ENDPROC       _ONEWIRE_SENDBYTE
  -------         PROC          ONEWIRE_RECEIVEBYTE
  -------         DO            
  D:0004H         SYMBOL        i
  D:0005H         SYMBOL        Byte
  -------         ENDDO         
  C:0F49H         LINE#         63
  C:0F49H         LINE#         65
  C:0F4BH         LINE#         66
  C:0F4CH         LINE#         67
  C:0F52H         LINE#         68
  C:0F5FH         LINE#         69
  C:0F5FH         LINE#         70
  C:0F63H         LINE#         72
  C:0F65H         LINE#         73
  -------         ENDPROC       ONEWIRE_RECEIVEBYTE
  -------         ENDMOD        ONEWIRE

  -------         MODULE        INT0
  C:0000H         SYMBOL        _ICE_DUMMY_
  B:00A8H.7       PUBLIC        EA
  B:0088H.1       PUBLIC        IE0
  B:00A8H.0       PUBLIC        EX0
  B:0088H.0       PUBLIC        IT0
  C:1099H         PUBLIC        Int0_Init
  B:00B8H.0       PUBLIC        PX0
  -------         PROC          INT0_INIT
  C:1099H         LINE#         3
BL51 BANKED LINKER/LOCATER V6.22                                                      06/15/2026  18:15:51  PAGE 17


  C:1099H         LINE#         6
  C:109BH         LINE#         7
  C:109DH         LINE#         8
  C:109FH         LINE#         9
  C:10A1H         LINE#         11
  C:10A3H         LINE#         12
  -------         ENDPROC       INT0_INIT
  -------         ENDMOD        INT0

  -------         MODULE        IR
  C:0000H         SYMBOL        _ICE_DUMMY_
  C:1075H         PUBLIC        IR_GetRepeatFlag
  D:001EH         PUBLIC        IR_State
  D:00A0H         PUBLIC        P2
  D:001FH         PUBLIC        IR_Time
  C:09CAH         PUBLIC        Init0_Routine
  C:1114H         PUBLIC        IR_Init
  C:1068H         PUBLIC        IR_GetDataFlag
  D:0021H         PUBLIC        IR_Command
  D:0022H         PUBLIC        IR_Address
  D:0023H         PUBLIC        IR_RepeatFlag
  C:111DH         PUBLIC        IR_GetCommand
  C:111AH         PUBLIC        IR_GetAddress
  D:0024H         PUBLIC        IR_pData
  D:0025H         PUBLIC        IR_DataFlag
  D:0026H         PUBLIC        IR_Data
  -------         PROC          IR_INIT
  C:1114H         LINE#         48
  C:1114H         LINE#         49
  C:1117H         LINE#         50
  -------         ENDPROC       IR_INIT
  -------         PROC          IR_GETDATAFLAG
  C:1068H         LINE#         58
  C:1068H         LINE#         59
  C:106CH         LINE#         60
  C:106FH         LINE#         61
  C:1072H         LINE#         62
  C:1072H         LINE#         63
  C:1074H         LINE#         64
  -------         ENDPROC       IR_GETDATAFLAG
  -------         PROC          IR_GETREPEATFLAG
  C:1075H         LINE#         71
  C:1075H         LINE#         72
  C:1079H         LINE#         73
  C:107CH         LINE#         74
  C:107FH         LINE#         75
  C:107FH         LINE#         76
  C:1081H         LINE#         77
  -------         ENDPROC       IR_GETREPEATFLAG
  -------         PROC          IR_GETADDRESS
  C:111AH         LINE#         85
  C:111AH         LINE#         86
  C:111CH         LINE#         87
  -------         ENDPROC       IR_GETADDRESS
  -------         PROC          IR_GETCOMMAND
  C:111DH         LINE#         94
  C:111DH         LINE#         96
BL51 BANKED LINKER/LOCATER V6.22                                                      06/15/2026  18:15:51  PAGE 18


  C:111FH         LINE#         97
  -------         ENDPROC       IR_GETCOMMAND
  -------         PROC          INIT0_ROUTINE
  C:09CAH         LINE#         99
  C:09E7H         LINE#         100
  C:09EBH         LINE#         101
  C:09EEH         LINE#         102
  C:09F3H         LINE#         103
  C:09F8H         LINE#         104
  C:09F8H         LINE#         105
  C:09FAH         LINE#         106
  C:0A00H         LINE#         107
  C:0A03H         LINE#         108
  C:0A0AH         LINE#         109
  C:0A10H         LINE#         112
  C:0A25H         LINE#         113
  C:0A25H         LINE#         114
  C:0A28H         LINE#         115
  C:0A2BH         LINE#         116
  C:0A2EH         LINE#         117
  C:0A43H         LINE#         118
  C:0A46H         LINE#         119
  C:0A49H         LINE#         120
  C:0A49H         LINE#         121
  C:0A49H         LINE#         122
  C:0A4CH         LINE#         124
  C:0A4CH         LINE#         125
  C:0A4FH         LINE#         126
  C:0A52H         LINE#         127
  C:0A52H         LINE#         128
  C:0A55H         LINE#         129
  C:0A5EH         LINE#         130
  C:0A5EH         LINE#         131
  C:0A61H         LINE#         132
  C:0A68H         LINE#         133
  C:0A6EH         LINE#         136
  C:0A83H         LINE#         137
  C:0A86H         LINE#         139
  C:0AA6H         LINE#         140
  C:0AA6H         LINE#         141
  C:0AA8H         LINE#         143
  C:0ABDH         LINE#         144
  C:0AC0H         LINE#         145
  C:0AE2H         LINE#         146
  C:0AE4H         LINE#         147
  C:0AE6H         LINE#         148
  C:0AE6H         LINE#         149
  C:0AE9H         LINE#         151
  C:0AECH         LINE#         152
  C:0AEFH         LINE#         153
  C:0AEFH         LINE#         154
  C:0AF6H         LINE#         155
  C:0AF6H         LINE#         156
  C:0AF9H         LINE#         157
  C:0AFCH         LINE#         158
  C:0B08H         LINE#         159
  C:0B08H         LINE#         160
BL51 BANKED LINKER/LOCATER V6.22                                                      06/15/2026  18:15:51  PAGE 19


  C:0B0BH         LINE#         161
  C:0B0EH         LINE#         162
  C:0B11H         LINE#         163
  C:0B14H         LINE#         164
  C:0B14H         LINE#         165
  C:0B19H         LINE#         166
  C:0B1CH         LINE#         167
  C:0B1CH         LINE#         168
  C:0B1CH         LINE#         169
  -------         ENDPROC       INIT0_ROUTINE
  -------         ENDMOD        IR

  -------         MODULE        ?C?FPDIV
  C:0803H         PUBLIC        ?C?FPDIV
  -------         ENDMOD        ?C?FPDIV

  -------         MODULE        ?C?FCAST
  C:08AAH         PUBLIC        ?C?FCASTC
  C:08A5H         PUBLIC        ?C?FCASTI
  C:08A0H         PUBLIC        ?C?FCASTL
  -------         ENDMOD        ?C?FCAST

  -------         MODULE        ?C?CLDOPTR
  C:0928H         PUBLIC        ?C?CLDOPTR
  -------         ENDMOD        ?C?CLDOPTR

  -------         MODULE        ?C?IMUL
  C:0955H         PUBLIC        ?C?IMUL
  -------         ENDMOD        ?C?IMUL

  -------         MODULE        ?C?UIDIV
  C:0967H         PUBLIC        ?C?UIDIV
  -------         ENDMOD        ?C?UIDIV

  -------         MODULE        ?C?LNEG
  C:09BCH         PUBLIC        ?C?LNEG
  -------         ENDMOD        ?C?LNEG

******************************************************************************
* RESTRICTED VERSION WITH 0800H BYTE CODE SIZE LIMIT; USED: 06CCH BYTE (84%) *
******************************************************************************

Program Size: data=82.0 xdata=0 code=2342
LINK/LOCATE RUN COMPLETE.  0 WARNING(S),  0 ERROR(S)
