C51 COMPILER V9.54   DS1302                                                                06/07/2026 11:49:19 PAGE 1   


C51 COMPILER V9.54, COMPILATION OF MODULE DS1302
OBJECT MODULE PLACED IN .\Objects\DS1302.obj
COMPILER INVOKED BY: D:\Keil_v5\C51\BIN\C51.EXE DS1302.c OPTIMIZE(8,SPEED) BROWSE DEBUG OBJECTEXTEND PRINT(.\Listings\DS
                    -1302.lst) OBJECT(.\Objects\DS1302.obj)

line level    source

   1          #include <REGX52.H>
   2          
   3          sbit DS1302_SCLK=P3^6;
   4          sbit DS1302_IO=P3^4;
   5          sbit DS1302_CE=P3^5;
   6          
   7          // 初始化
   8          /**
   9            * @brief  
  10            * @param 
  11            * @param 
  12            * @retval 
  13            */
  14          void Ds1302_Init(void){
  15   1              DS1302_CE=0; //使能初始为0（定义具体去看官方手册）
  16   1              DS1302_SCLK=0;
  17   1              
  18   1      }
  19          
  20          // 写
  21          /**
  22            * @brief  
  23            * @param 
  24            * @param 
  25            * @retval 
  26            */
  27          void DS1302_WriteByte(unsigned char Command, Data){
  28   1              unsigned char i;
  29   1              DS1302_CE=1;
  30   1              
  31   1      //      // 将第一位 与 操作出来
  32   1      //      DS1302_IO=Command&0x01;
  33   1      //      DS1302_SCLK=1; //启动1微秒后关闭
  34   1      //      DS1302_SCLK=0;
  35   1      //      
  36   1      //      // 写入第二位
  37   1      //      DS1302_IO=Command&0x02;//0000 0010
  38   1      //      DS1302_SCLK=1; //启动1微秒后关闭
  39   1      //      DS1302_SCLK=0;
  40   1              
  41   1              //8位写入
  42   1              for(i=0;i<8;i++){
  43   2                      //通过位移操作实现批量操作
  44   2                      DS1302_IO=Command&(0x01<<i);
  45   2                      DS1302_SCLK=1; //启动1微秒后关闭
  46   2                      DS1302_SCLK=0;
  47   2              }
  48   1              
  49   1              for(i=0;i<8;i++){
  50   2                      //通过位移操作实现批量操作
  51   2                      DS1302_IO=Data&(0x01<<i);
  52   2                      DS1302_SCLK=1; //启动1微秒后关闭
  53   2                      DS1302_SCLK=0;
  54   2              }
C51 COMPILER V9.54   DS1302                                                                06/07/2026 11:49:19 PAGE 2   

  55   1              DS1302_CE=0;
  56   1      }
  57          
  58          // 读
  59          /**
  60            * @brief  
  61            * @param 
  62            * @param 
  63            * @retval 
  64            */
  65          unsigned char DS1302_ReadByte(unsigned char Command){
  66   1              unsigned char i, Data=0x00;
  67   1              Command|=0x01; //最低为为1
  68   1              DS1302_CE=1;
  69   1              for(i=0;i<8;i++){
  70   2                      DS1302_IO=Command&(0x01<<i);
  71   2                      DS1302_SCLK=0; //先给0，再给1
  72   2                      DS1302_SCLK=1;
  73   2              }
  74   1      //      DS1302_SCLK=0;
  75   1      //      DS1302_SCLK=1;//启动时钟，改为输入内容
  76   1      //      if(DS1302_IO){Data=Data|0x01;} //给最低位置1
  77   1      //      DS1302_SCLK=0;
  78   1      //      DS1302_SCLK=1;//启动时钟，改为输入内容
  79   1      //      if(DS1302_IO){Data=Data|0x02;} //给最低位置1
  80   1              //循环实现
  81   1              
  82   1      //      DS1302_IO=0; // 在读出前，先将IO口置零
  83   1              for(i=0;i<8;i++){
  84   2                      DS1302_SCLK=0; //根据手册，输入需要先置0，再改为1                
  85   2                      DS1302_SCLK=1;//启动时钟，改为输入内容
  86   2                      if(DS1302_IO){Data=Data|(0x01<<i);} //给最低位置1
  87   2              }
  88   1              DS1302_CE=0; //使能为0
  89   1              DS1302_IO=0;
  90   1              return Data;
  91   1      }
  92          
  93          #define DS1302_SECOND           0x80
  94          #define DS1302_MINUTE           0x82
  95          #define DS1302_HOUR             0x84
  96          #define DS1302_DATE             0x86
  97          #define DS1302_MONTH            0x88
  98          #define DS1302_DAY              0x8A
  99          #define DS1302_YEAR             0x8C
 100          #define DS1302_WP               0x8E
 101          
 102          unsigned char DS1302_Time[7]={24, 6, 6, 12, 0, 0, 5};
 103          
 104          // 设置时间
 105          void DS1302_SetTime(void){
 106   1          // 关闭写保护
 107   1          DS1302_WriteByte(DS1302_WP, 0x00);
 108   1          
 109   1          // 十进制转BCD码写入
 110   1          DS1302_WriteByte(DS1302_YEAR,   (DS1302_Time[0] / 10 * 16) + (DS1302_Time[0] % 10));
 111   1          DS1302_WriteByte(DS1302_MONTH,  (DS1302_Time[1] / 10 * 16) + (DS1302_Time[1] % 10));
 112   1          DS1302_WriteByte(DS1302_DATE,   (DS1302_Time[2] / 10 * 16) + (DS1302_Time[2] % 10));
 113   1          DS1302_WriteByte(DS1302_HOUR,   (DS1302_Time[3] / 10 * 16) + (DS1302_Time[3] % 10));
 114   1          DS1302_WriteByte(DS1302_MINUTE, (DS1302_Time[4] / 10 * 16) + (DS1302_Time[4] % 10));
 115   1          DS1302_WriteByte(DS1302_SECOND, (DS1302_Time[5] / 10 * 16) + (DS1302_Time[5] % 10));
 116   1          DS1302_WriteByte(DS1302_DAY,    (DS1302_Time[6] / 10 * 16) + (DS1302_Time[6] % 10));
C51 COMPILER V9.54   DS1302                                                                06/07/2026 11:49:19 PAGE 3   

 117   1          
 118   1          // 开启写保护（可选）
 119   1          // DS1302_WriteByte(DS1302_WP, 0x80);
 120   1      }
 121          
 122          // 读取时间
 123          void DS1302_ReadTime(void){
 124   1          unsigned char Temp;
 125   1          
 126   1          Temp = DS1302_ReadByte(DS1302_YEAR);
 127   1          DS1302_Time[0] = (Temp / 16 * 10) + (Temp % 16);
 128   1          Temp = DS1302_ReadByte(DS1302_MONTH);
 129   1          DS1302_Time[1] = (Temp / 16 * 10) + (Temp % 16);
 130   1          Temp = DS1302_ReadByte(DS1302_DATE);
 131   1          DS1302_Time[2] = (Temp / 16 * 10) + (Temp % 16);
 132   1          Temp = DS1302_ReadByte(DS1302_HOUR);
 133   1          DS1302_Time[3] = (Temp / 16 * 10) + (Temp % 16);
 134   1          Temp = DS1302_ReadByte(DS1302_MINUTE);
 135   1          DS1302_Time[4] = (Temp / 16 * 10) + (Temp % 16);
 136   1          Temp = DS1302_ReadByte(DS1302_SECOND);
 137   1          DS1302_Time[5] = (Temp / 16 * 10) + (Temp % 16);
 138   1          Temp = DS1302_ReadByte(DS1302_DAY);
 139   1          DS1302_Time[6] = (Temp / 16 * 10) + (Temp % 16);
 140   1      }


MODULE INFORMATION:   STATIC OVERLAYABLE
   CODE SIZE        =    542    ----
   CONSTANT SIZE    =   ----    ----
   XDATA SIZE       =   ----    ----
   PDATA SIZE       =   ----    ----
   DATA SIZE        =      7       2
   IDATA SIZE       =   ----    ----
   BIT SIZE         =   ----    ----
END OF MODULE INFORMATION.


C51 COMPILATION COMPLETE.  0 WARNING(S),  0 ERROR(S)
