C51 COMPILER V9.54   MAIN                                                                  05/31/2026 21:46:15 PAGE 1   


C51 COMPILER V9.54, COMPILATION OF MODULE MAIN
OBJECT MODULE PLACED IN .\Objects\main.obj
COMPILER INVOKED BY: D:\Keil_v5\C51\BIN\C51.EXE main.c OPTIMIZE(8,SPEED) BROWSE DEBUG OBJECTEXTEND PRINT(.\Listings\main
                    -.lst) OBJECT(.\Objects\main.obj)

line level    source

   1          #include <REGX51.H>
   2          #include <INTRINS.H>
   3          
   4          void Delaylms(unsigned int xms) {  //@12.000MHz
   5   1          unsigned char i, j;
   6   1          while(xms--){
   7   2                      i = 2;
   8   2                      j = 239;
   9   2                      do{
  10   3                              
  11   3                              while(--j);
  12   3                      }while(--i); // --j和j--的区别是
  13   2              }
  14   1      }
  15          
  16          void main() {
  17   1      //      P2_0=1; //灭
  18   1      //      P2_0=0;//亮
  19   1              
  20   1              while(1){
  21   2                      if(P3_1==0){ // 如果被按下
  22   3                              P2_0=0;
  23   3                      }else{
  24   3                              P2_0=1;
  25   3                      }
  26   2              }
  27   1      }


MODULE INFORMATION:   STATIC OVERLAYABLE
   CODE SIZE        =     32    ----
   CONSTANT SIZE    =   ----    ----
   XDATA SIZE       =   ----    ----
   PDATA SIZE       =   ----    ----
   DATA SIZE        =   ----    ----
   IDATA SIZE       =   ----    ----
   BIT SIZE         =   ----    ----
END OF MODULE INFORMATION.


C51 COMPILATION COMPLETE.  0 WARNING(S),  0 ERROR(S)
