C51 COMPILER V9.54   MAIN                                                                  06/13/2026 22:56:00 PAGE 1   


C51 COMPILER V9.54, COMPILATION OF MODULE MAIN
OBJECT MODULE PLACED IN .\Objects\main.obj
COMPILER INVOKED BY: D:\Keil_v5\C51\BIN\C51.EXE main.c OPTIMIZE(8,SPEED) BROWSE DEBUG OBJECTEXTEND PRINT(.\Listings\main
                    -.lst) OBJECT(.\Objects\main.obj)

line level    source

   1          #include <REGX52.H>
   2          #include "Timer0.h"
   3          #include "Key.h"
   4          #include "Nixie.h"
   5          
   6          sbit LED=P2^0;
   7          sbit Motor=P1^0;
   8          
   9          //分别定义定时器和比较值
  10          //定时器为0-100
  11          //通过定义Compare的比较值，即可实现PWM频率控制
  12          unsigned char Counter,Compare;
  13          unsigned char KeyNum;
  14          unsigned char Speed;
  15          
  16          
  17          void main(){
  18   1              Timer0Init();
  19   1              Compare=50;
  20   1              
  21   1          while(1){
  22   2                      KeyNum=Key();
  23   2                      Key_Loop();
  24   2                      
  25   2                      if(KeyNum==1){
  26   3                              Speed++;
  27   3                              if(Speed==0){Compare=10;}
  28   3                              if(Speed==1){Compare=25;}
  29   3                              if(Speed==2){Compare=50;}
  30   3                              if(Speed==3){Compare=100;}
  31   3                              if(Speed==4){Compare=0;Speed=0;}
  32   3                      }
  33   2                      Nixie(1, Speed);
  34   2                      
  35   2      //              if(KeyNum==1){
  36   2      //                      Compare=5;
  37   2      //              }
  38   2      //              if(KeyNum==2){
  39   2      //                      Compare=10;
  40   2      //              }
  41   2      //              if(KeyNum==3){
  42   2      //                      Compare=50;
  43   2      //              }
  44   2      //              if(KeyNum==4){
  45   2      //                      Compare=100;
  46   2      //              }
  47   2          }
  48   1      }
  49          
  50          //unsigned int T0Count;
  51          void Timer0_Routine() interrupt 1{
  52   1              //定时器每隔100微妙执行一次中断
  53   1              TL0 = 0x9C;             //设置定时初值
  54   1              TH0 = 0xFF;             //设置定时初值
C51 COMPILER V9.54   MAIN                                                                  06/13/2026 22:56:00 PAGE 2   

  55   1              
  56   1              //定时器定时自增
  57   1      //      Counter++;
  58   1      //      if(Counter>=100){
  59   1      //              Counter=0;
  60   1      //      }
  61   1              
  62   1              //另一种实现方法
  63   1              Counter++;
  64   1              // if 99%100=99  if 100%100=0 
  65   1              Counter%=100;
  66   1              
  67   1              //Motor和LED的极性相反
  68   1              if(Counter<Compare){
  69   2                      Motor=1;
  70   2                      LED=0;
  71   2              }else{
  72   2                      Motor=0;
  73   2                      LED=1;
  74   2              }
  75   1              
  76   1      }


MODULE INFORMATION:   STATIC OVERLAYABLE
   CODE SIZE        =    119    ----
   CONSTANT SIZE    =   ----    ----
   XDATA SIZE       =   ----    ----
   PDATA SIZE       =   ----    ----
   DATA SIZE        =      4    ----
   IDATA SIZE       =   ----    ----
   BIT SIZE         =   ----    ----
END OF MODULE INFORMATION.


C51 COMPILATION COMPLETE.  0 WARNING(S),  0 ERROR(S)
