C51 COMPILER V9.54   NIXIE                                                                 06/13/2026 22:39:17 PAGE 1   


C51 COMPILER V9.54, COMPILATION OF MODULE NIXIE
OBJECT MODULE PLACED IN .\Objects\Nixie.obj
COMPILER INVOKED BY: D:\Keil_v5\C51\BIN\C51.EXE Nixie.c OPTIMIZE(8,SPEED) BROWSE DEBUG OBJECTEXTEND PRINT(.\Listings\Nix
                    -ie.lst) OBJECT(.\Objects\Nixie.obj)

line level    source

   1          #include <REGX52.H>
   2          #include <INTRINS.H>
   3          
   4          //缓存buffet。Nixie_Buffer
   5          unsigned char Nixie_Buf[9]; //显像管最大值8位
   6          unsigned char NixieTable[] = {0x3F,0x06,0x5B,0x4F,0x66,0x6D,0x7D,0x07,0x7F,0x6F,0x00,0x40};
   7          
   8          /*
   9          假如按键按下的是4，location给的值是1，那么
  10          也就是把4这个值，赋给了SMG_Buf[]数组中的第一位，所以这时候SMG_Buf[]数组中第一
             -位就是4，
  11          SMG_Buf[location]=number; 也就变成了 SMG_Buf[1]=4;
  12          所以在SMG_Scan();函数值中就变成了 SMG_Scan(1,4);即显示SMG_Scan()数组中第4位的值，即
             -为4
  13          */
  14          void Nixie_Scan(unsigned char Location,Number)
  15          {
  16   1              Nixie_Buf[Location]=Number;
  17   1      }
  18          
  19          void Nixie(unsigned char Location, unsigned char Number) {
  20   1          switch(Location) {
  21   2              // 8 control bits
  22   2              case 1: P2_4=1; P2_3=1; P2_2=1; break;
  23   2              case 2: P2_4=1; P2_3=1; P2_2=0; break;
  24   2              case 3: P2_4=1; P2_3=0; P2_2=1; break;
  25   2              case 4: P2_4=1; P2_3=0; P2_2=0; break;
  26   2              case 5: P2_4=0; P2_3=1; P2_2=1; break;
  27   2              case 6: P2_4=0; P2_3=1; P2_2=0; break;
  28   2              case 7: P2_4=0; P2_3=0; P2_2=1; break;
  29   2              case 8: P2_4=0; P2_3=0; P2_2=0; break;
  30   2          }
  31   1          P0 = NixieTable[Number];
  32   1              //静态显示不用清零
  33   1      //      Delay(1);
  34   1      //      P0=0x00;
  35   1      }
  36          
  37          //显像管缓存区
  38          
  39          
  40          //每隔2毫秒调用，刷新显像管缓存
  41          void Nixie_Loop(void){
  42   1              //静态类型的值在内部不会因为跳出函数重置
  43   1              static unsigned char i;
  44   1              //循环遍历
  45   1              Nixie(i, Nixie_Buf[i]);
  46   1              i++;
  47   1              if(i>=9){i=1;}
  48   1      //      if(i=3){P0=0x40;P2_4=0;P2_3=1;P2_2=0;}
  49   1      }


MODULE INFORMATION:   STATIC OVERLAYABLE
C51 COMPILER V9.54   NIXIE                                                                 06/13/2026 22:39:17 PAGE 2   

   CODE SIZE        =    133    ----
   CONSTANT SIZE    =   ----    ----
   XDATA SIZE       =   ----    ----
   PDATA SIZE       =   ----    ----
   DATA SIZE        =     22    ----
   IDATA SIZE       =   ----    ----
   BIT SIZE         =   ----    ----
END OF MODULE INFORMATION.


C51 COMPILATION COMPLETE.  0 WARNING(S),  0 ERROR(S)
