C51 COMPILER V9.54   MAIN                                                                  05/31/2026 00:17:09 PAGE 1   


C51 COMPILER V9.54, COMPILATION OF MODULE MAIN
OBJECT MODULE PLACED IN .\Objects\main.obj
COMPILER INVOKED BY: D:\Keil_v5\C51\BIN\C51.EXE main.c OPTIMIZE(8,SPEED) BROWSE DEBUG OBJECTEXTEND PRINT(.\Listings\main
                    -.lst) OBJECT(.\Objects\main.obj)

line level    source

   1          #include <REGX51.H>
   2          #include <INTRINS.H> //
   3          void Delay500ms()               //@12.000MHz
   4          {
   5   1              unsigned char i, j, k;
   6   1      
   7   1              _nop_();
   8   1              i = 4;
   9   1              j = 205;
  10   1              k = 187;
  11   1              do
  12   1              {
  13   2                      do
  14   2                      {
  15   3                              while (--k);
  16   3                      } while (--j);
  17   2              } while (--i);
  18   1      }
  19          
  20          void main(){
  21   1      //      P2=10101010;
  22   1      //      P2=0x55; // 0101 0101
  23   1              
  24   1      //      P2=0xFE; // 1111 1110
  25   1      //      P2=0xFD; // 1111 1101
  26   1      //      P2=0xFC; // 1111 1100
  27   1      //      P2=0xFB; // 1111 1101
  28   1      //      P2=0xFA; // 1111 1100
  29   1      //      P2=0xF9; // 1111 1100
  30   1      //      P2=0xF8; // 1111 1100
  31   1              
  32   1              while(1){
  33   2      //              P2=0xFF; // 0101 0101
  34   2      //              Delay500ms();
  35   2      //              P2=0xFE; // 1010 1010
  36   2      //              Delay500ms();
  37   2                      
  38   2                      P2=0xFF; // 0101 0101
  39   2                      Delay500ms();
  40   2                      P2=0xFE; // 1111 1110
  41   2                      Delay500ms();
  42   2                      P2=0xFD; // 1111 1101
  43   2                      Delay500ms();
  44   2                      P2=0xFC; // 1111 1100
  45   2                      Delay500ms();
  46   2                      P2=0xFB; // 1111 1101
  47   2                      Delay500ms();
  48   2                      P2=0xFA; // 1111 1100
  49   2                      Delay500ms();
  50   2                      
  51   2                      P2=0xF9; // 1111 1100
  52   2                      Delay500ms();
  53   2                      P2=0xF8; // 1111 1100
  54   2                      Delay500ms();
C51 COMPILER V9.54   MAIN                                                                  05/31/2026 00:17:09 PAGE 2   

  55   2                      P2=0xF7; // 1111 1110
  56   2                      Delay500ms();
  57   2                      P2=0xF6; // 1111 1101
  58   2                      Delay500ms();
  59   2                      P2=0xF5; // 1111 1100
  60   2                      Delay500ms();
  61   2                      P2=0xF4; // 1111 1101
  62   2                      Delay500ms();
  63   2                      P2=0xF3; // 1111 1100
  64   2                      Delay500ms();
  65   2                      P2=0xF2; // 1111 1100
  66   2                      Delay500ms();
  67   2                      P2=0xF1; // 1111 1100
  68   2                      Delay500ms();
  69   2                      
  70   2                      P2=0xFF; // 0101 0101
  71   2                      Delay500ms();
  72   2                      P2=0xEE; // 1111 1110
  73   2                      Delay500ms();
  74   2                      P2=0xDD; // 1111 1101
  75   2                      Delay500ms();
  76   2                      P2=0xCC; // 1111 1100
  77   2                      Delay500ms();
  78   2                      P2=0xBB; // 1111 1101
  79   2                      Delay500ms();
  80   2                      P2=0xAA; // 1111 1100
  81   2                      Delay500ms();
  82   2                      
  83   2                      P2=0x99; // 1111 1100
  84   2                      Delay500ms();
  85   2                      P2=0x88; // 1111 1100
  86   2                      Delay500ms();
  87   2                      P2=0x77; // 1111 1110
  88   2                      Delay500ms();
  89   2                      P2=0x66; // 1111 1101
  90   2                      Delay500ms();
  91   2                      P2=0x55; // 1111 1100
  92   2                      Delay500ms();
  93   2                      P2=0x44; // 1111 1101
  94   2                      Delay500ms();
  95   2                      P2=0x33; // 1111 1100
  96   2                      Delay500ms();
  97   2                      P2=0x22; // 1111 1100
  98   2                      Delay500ms();
  99   2                      P2=0x11; // 1111 1100
 100   2                      Delay500ms();
 101   2              }
 102   1      }
 103          
 104          
 105          //void main(){
 106          ////    P2=10101010;
 107          ////    P2=0x55; // 0101 0101
 108          ////    P2=0xAA; // 1010 1010
 109          //      
 110          //      while(1){
 111          //              P2=0xFF; // 0101 0101
 112          //              Delay500ms();
 113          //              P2=0xFE; // 1010 1010
 114          //              Delay500ms();
 115          //      }
 116          //}
C51 COMPILER V9.54   MAIN                                                                  05/31/2026 00:17:09 PAGE 3   



MODULE INFORMATION:   STATIC OVERLAYABLE
   CODE SIZE        =    197    ----
   CONSTANT SIZE    =   ----    ----
   XDATA SIZE       =   ----    ----
   PDATA SIZE       =   ----    ----
   DATA SIZE        =   ----    ----
   IDATA SIZE       =   ----    ----
   BIT SIZE         =   ----    ----
END OF MODULE INFORMATION.


C51 COMPILATION COMPLETE.  0 WARNING(S),  0 ERROR(S)
