BL51 BANKED LINKER/LOCATER V6.22                                                        05/31/2026  00:17:09  PAGE 1


BL51 BANKED LINKER/LOCATER V6.22, INVOKED BY:
D:\KEIL_V5\C51\BIN\BL51.EXE .\Objects\main.obj TO .\Objects\Project PRINT (.\Listings\Project.m51)


MEMORY MODEL: SMALL


INPUT MODULES INCLUDED:
  .\Objects\main.obj (MAIN)
  D:\KEIL_V5\C51\LIB\C51S.LIB (?C_STARTUP)


LINK MAP OF MODULE:  .\Objects\Project (MAIN)


            TYPE    BASE      LENGTH    RELOCATION   SEGMENT NAME
            -----------------------------------------------------

            * * * * * * *   D A T A   M E M O R Y   * * * * * * *
            REG     0000H     0008H     ABSOLUTE     "REG BANK 0"
            IDATA   0008H     0001H     UNIT         ?STACK

            * * * * * * *   C O D E   M E M O R Y   * * * * * * *
            CODE    0000H     0003H     ABSOLUTE     
                    0003H     07FDH                  *** GAP ***
            CODE    0800H     00B7H     UNIT         ?PR?MAIN?MAIN
            CODE    08B7H     000EH     UNIT         ?PR?DELAY500MS?MAIN
            CODE    08C5H     000CH     UNIT         ?C_C51STARTUP



OVERLAY MAP OF MODULE:   .\Objects\Project (MAIN)


SEGMENT
  +--> CALLED SEGMENT
---------------------
?C_C51STARTUP
  +--> ?PR?MAIN?MAIN

?PR?MAIN?MAIN
  +--> ?PR?DELAY500MS?MAIN



SYMBOL TABLE OF MODULE:  .\Objects\Project (MAIN)

  VALUE           TYPE          NAME
  ----------------------------------

  -------         MODULE        MAIN
  C:0000H         SYMBOL        _ICE_DUMMY_
  D:00A0H         PUBLIC        P2
  C:0800H         PUBLIC        main
  C:08B7H         PUBLIC        Delay500ms
  -------         PROC          DELAY500MS
  -------         DO            
  D:0007H         SYMBOL        i
BL51 BANKED LINKER/LOCATER V6.22                                                      05/31/2026  00:17:09  PAGE 2


  D:0006H         SYMBOL        j
  D:0005H         SYMBOL        k
  -------         ENDDO         
  C:08B7H         LINE#         3
  C:08B7H         LINE#         4
  C:08B7H         LINE#         7
  C:08B8H         LINE#         8
  C:08BAH         LINE#         9
  C:08BCH         LINE#         10
  C:08BEH         LINE#         12
  C:08BEH         LINE#         14
  C:08BEH         LINE#         15
  C:08C0H         LINE#         16
  C:08C2H         LINE#         17
  C:08C4H         LINE#         18
  -------         ENDPROC       DELAY500MS
  -------         PROC          MAIN
  C:0800H         LINE#         20
  C:0800H         LINE#         32
  C:0800H         LINE#         38
  C:0803H         LINE#         39
  C:0806H         LINE#         40
  C:0809H         LINE#         41
  C:080CH         LINE#         42
  C:080FH         LINE#         43
  C:0812H         LINE#         44
  C:0815H         LINE#         45
  C:0818H         LINE#         46
  C:081BH         LINE#         47
  C:081EH         LINE#         48
  C:0821H         LINE#         49
  C:0824H         LINE#         51
  C:0827H         LINE#         52
  C:082AH         LINE#         53
  C:082DH         LINE#         54
  C:0830H         LINE#         55
  C:0833H         LINE#         56
  C:0836H         LINE#         57
  C:0839H         LINE#         58
  C:083CH         LINE#         59
  C:083FH         LINE#         60
  C:0842H         LINE#         61
  C:0845H         LINE#         62
  C:0848H         LINE#         63
  C:084BH         LINE#         64
  C:084EH         LINE#         65
  C:0851H         LINE#         66
  C:0854H         LINE#         67
  C:0857H         LINE#         68
  C:085AH         LINE#         70
  C:085DH         LINE#         71
  C:0860H         LINE#         72
  C:0863H         LINE#         73
  C:0866H         LINE#         74
  C:0869H         LINE#         75
  C:086CH         LINE#         76
  C:086FH         LINE#         77
BL51 BANKED LINKER/LOCATER V6.22                                                      05/31/2026  00:17:09  PAGE 3


  C:0872H         LINE#         78
  C:0875H         LINE#         79
  C:0878H         LINE#         80
  C:087BH         LINE#         81
  C:087EH         LINE#         83
  C:0881H         LINE#         84
  C:0884H         LINE#         85
  C:0887H         LINE#         86
  C:088AH         LINE#         87
  C:088DH         LINE#         88
  C:0890H         LINE#         89
  C:0893H         LINE#         90
  C:0896H         LINE#         91
  C:0899H         LINE#         92
  C:089CH         LINE#         93
  C:089FH         LINE#         94
  C:08A2H         LINE#         95
  C:08A5H         LINE#         96
  C:08A8H         LINE#         97
  C:08ABH         LINE#         98
  C:08AEH         LINE#         99
  C:08B1H         LINE#         100
  C:08B4H         LINE#         101
  -------         ENDPROC       MAIN
  -------         ENDMOD        MAIN

******************************************************************************
* RESTRICTED VERSION WITH 0800H BYTE CODE SIZE LIMIT; USED: 00C5H BYTE ( 9%) *
******************************************************************************

Program Size: data=9.0 xdata=0 code=212
LINK/LOCATE RUN COMPLETE.  0 WARNING(S),  0 ERROR(S)
