C51 COMPILER V9.54   MAIN                                                                  06/06/2026 13:42:52 PAGE 1   


C51 COMPILER V9.54, COMPILATION OF MODULE MAIN
OBJECT MODULE PLACED IN .\Objects\main.obj
COMPILER INVOKED BY: D:\Keil_v5\C51\BIN\C51.EXE main.c OPTIMIZE(8,SPEED) BROWSE DEBUG OBJECTEXTEND PRINT(.\Listings\main
                    -.lst) OBJECT(.\Objects\main.obj)

line level    source

   1          #include <REGX52.H>
   2          #include "Delay.h"
   3          #include "MatrixLED.h"
   4          #include "UART.h"
   5          
   6          ////unsigned char MatrixLED[8] = {};
   7          //unsigned char H[8] = {0xFF, 0x10, 0x10,0x10, 0x10, 0x10, 0xFF, 0x00};
   8          //unsigned char E[8] = {0xFF, 0x91, 0x91, 0x91, 0x91, 0x91, 0x91, 0x00};
   9          //unsigned char L[8] = {0xFF, 0x01, 0x01, 0x01, 0x01, 0x01, 0x01, 0x00};
  10          //unsigned char O[8] = {0x3C, 0x42, 0x81, 0x81, 0x81, 0x42, 0x3C, 0x00};
  11          
  12          ////空心爱心的是38，44，82，41，41，82，44，38
  13          //unsigned char Heart[8] = {0x38, 0x44, 0x82, 0x41, 0x41, 0x82, 0x44, 0x38};
  14          //unsigned char Line[8] = {0x80, 0x40, 0x20, 0x10, 0x08, 0x04, 0x02, 0x01};
  15          //unsigned char Smile[8]  = {0x3C, 0x42, 0xA5, 0x81, 0xA5, 0x99, 0x42, 0x3C};
  16          
  17          // Hello!
  18          unsigned char Animation[]={
  19                  0x00,0x00,0x00,0x00,0x00,0x00,0x00,0x00,
  20                  0xFF,0x08,0x08,0x08,0xFF,0x00,0x0E,0x15,
  21                  0x15,0x15,0x08,0x00,0x7E,0x01,0x02,0x00,
  22                  0x7E,0x01,0x02,0x00,0x0E,0x11,0x11,0x0E,
  23                  0x00,0x7D,0x00,0x00,0x00,0x00,0x00,0x00,
  24                  0x00,0x00,0x00,0x00,0x00,0x00,0x00,0x00,
  25          };
  26          
  27          // 小火车
  28          unsigned char Train[]={
  29                  0x3C,0x24,0x44,0x52,0x5B,0x4B,0x93,0x0A,0xC2,0x3C,0x18,0x1C,0x62,0x42,0x43,0x43,
  30                  0x43,0x42,0x42,0x3C,0x18,0x3C,0x42,0x42,0x23,0x43,0x43,0x42,0x42,0x2C,0x18,0x18,
  31          };
  32          
  33          unsigned char Smile[]={
  34                  0x3C,0x42,0xB5,0x83,0x83,0xB5,0x42,0x3C,
  35                  0x3C,0x42,0xB3,0x85,0x85,0xB3,0x42,0x3C,
  36          };
  37          
  38          //坤坤矩阵
  39          unsigned char code DH[]=
  40                  {
  41                          0x00,0x0E,0x1B,0x7F,0x7F,0x1B,0x0E,0x00,
  42                          0x00,0x04,0x0C,0x18,0x7F,0x7F,0x1B,0x0E,
  43                          0x00,0x08,0x0C,0x05,0x7F,0x7F,0x1E,0x0C,
  44                          0xC0,0x00,0x41,0x22,0x1A,0x7C,0x7D,0x1A,
  45                          0x00,0x60,0x61,0x12,0x0A,0x7E,0x7F,0x08,
  46                          0x00,0x06,0x0E,0x08,0x0B,0x3E,0x3E,0x0B,
  47                          0x00,0x03,0x0B,0x08,0x0B,0x3E,0x3E,0x0B,
  48                          0x00,0x06,0x0E,0x08,0x09,0x3F,0x3E,0x0B,
  49                          0x00,0x0E,0x13,0x7E,0x7E,0x1F,0x0E,0x00,
  50                          0x08,0x13,0x7E,0x7E,0x12,0x1D,0x0C,0x00,
  51                          0x09,0x12,0x7E,0x7F,0x10,0x13,0x03,0x00,
  52                          0x09,0x12,0x7E,0x7F,0x10,0x1C,0x0C,0x00,
  53                          0x00,0x0C,0x15,0x7E,0x7E,0x17,0x0E,0x00,
  54                          0x00,0x30,0x38,0x0D,0x7E,0x7F,0x1D,0x08,
C51 COMPILER V9.54   MAIN                                                                  06/06/2026 13:42:52 PAGE 2   

  55                          0xC0,0xC0,0x30,0x1B,0x7C,0x7F,0x08,0x00,
  56                          0x00,0x00,0x37,0xF8,0xFA,0x34,0x00,0x00,
  57                          0x00,0x00,0x1B,0x7C,0x7C,0x1A,0x01,0x00,
  58                          0x00,0x00,0x09,0x1E,0x7C,0x7F,0x18,0x00,
  59                          0x00,0x00,0x1B,0x7C,0x7C,0x1B,0x00,0x00,
  60                          0x00,0x00,0x09,0x1E,0x7C,0x7F,0x18,0x00,
  61                          0x00,0x00,0x1B,0x7C,0x7C,0x1B,0x00,0x00,
  62                          0x08,0x10,0x16,0x7C,0x7F,0x10,0x08,0x00,
  63                          0x00,0x10,0x13,0x7C,0x7E,0x18,0x00,0x00,
  64                          0x00,0x08,0x13,0x7C,0x7F,0x10,0x10,0x00,
  65                          0x00,0x08,0x12,0xFC,0xFD,0x3A,0x00,0x00,
  66                          0x00,0x08,0x12,0xFC,0xFC,0x22,0x10,0x00,
  67                          0x00,0x00,0x61,0x12,0x7C,0x7F,0x10,0x60,
  68                          0x00,0x00,0x20,0x11,0x12,0x7C,0x7E,0x19,
  69                          0x00,0x00,0x00,0x31,0x0A,0x7C,0x7E,0x0D,
  70                          0x00,0x00,0x20,0x11,0x12,0x7C,0x7E,0x19,
  71                          0x00,0x00,0x00,0x31,0x0A,0x7C,0x7E,0x0D,
  72                          0x00,0x00,0x20,0x11,0x12,0x7C,0x7E,0x19,
  73                          0x00,0x00,0x00,0x31,0x0A,0x7C,0x7E,0x0D,
  74                          0x00,0x00,0x20,0x11,0x12,0x7C,0x7E,0x19,
  75                          0x00,0x00,0x00,0x31,0x0A,0x7C,0x7E,0x0D,
  76          };
  77          
  78          void main(){
  79   1              unsigned char i,j;
  80   1              unsigned char Count, Offset=0;  //位移设置
  81   1              MatrixLED_Init();
  82   1      
  83   1              while(1){       
  84   2      //        for(i = 0; i < 8; i++){
  85   2      //            MatrixLED_ShowColumn(i, H[i]);
  86   2      //        }
  87   2      //              Delay(500);
  88   2      //        for(i = 0; i < 8; i++){
  89   2      //            MatrixLED_ShowColumn(i, E[i]);
  90   2      //        }
  91   2      //              Delay(500);
  92   2      //              for(i = 0; i < 8; i++){
  93   2      //            MatrixLED_ShowColumn(i, L[i]);
  94   2      //        }
  95   2      //              Delay(500);
  96   2      //              for(i = 0; i < 8; i++){
  97   2      //            MatrixLED_ShowColumn(i, L[i]);
  98   2      //        }
  99   2      //              Delay(500);
 100   2      //              for(i = 0; i < 8; i++){
 101   2      //            MatrixLED_ShowColumn(i, O[i]);
 102   2      //        }
 103   2      //              Delay(500);
 104   2      //              for(i = 0; i < 8; i++){
 105   2      //            MatrixLED_ShowColumn(i, Smile[i]);
 106   2      //        }
 107   2      //              Delay(500);
 108   2      //              for(i = 0; i < 8; i++){
 109   2      //            MatrixLED_ShowColumn(i, Heart[i]);
 110   2      //        }
 111   2      //              Delay(500);
 112   2      
 113   2      //              // 尝试提取前五列内容
 114   2      //              MatrixLED_ShowColumn(0, Animation[0]);
 115   2      //              MatrixLED_ShowColumn(1, Animation[1]);
 116   2      //              MatrixLED_ShowColumn(2, Animation[2]);
C51 COMPILER V9.54   MAIN                                                                  06/06/2026 13:42:52 PAGE 3   

 117   2      //              MatrixLED_ShowColumn(3, Animation[3]);
 118   2      //              MatrixLED_ShowColumn(4, Animation[4]);
 119   2      //              MatrixLED_ShowColumn(5, Animation[5]);
 120   2      //              
 121   2      //              // 循环提取
 122   2      //              for(i=0;i<12;i++){
 123   2      //                      MatrixLED_ShowColumn(i, Animation[i]);
 124   2      //              }
 125   2                      
 126   2                      // 添加位移操作，实现流动字幕显示
 127   2                      for(i=0;i<8;i++){
 128   3                              // 通过对Animation[i+Offset]，即可调整横向数列的显示位置
 129   3                              MatrixLED_ShowColumn(i, DH[i+Offset]);
 130   3      //                      Delay(20);
 131   3                      }
 132   2                      Count++;
 133   2                      // 每扫描十次，Offset就对每个数值增加位移值
 134   2                      if(Count>15){
 135   3                              Count=0;
 136   3                              //闪帧动画的话，则直接以每8个为一位输出
 137   3                              Offset+=8;
 138   3      //                      Offset++;
 139   3                              /*问题1：Offset跳跃太大
 140   3                              c
 141   3                              Offset += 8;  // 一下子跳8个位置！
 142   3                              Offset=0时：显示 Smile[0] 到 Smile[7]（帧0）
 143   3      
 144   3                              Offset=8时：显示 Smile[8] 到 Smile[15]（帧1）✅ 正确
 145   3      
 146   3                              Offset=16时：显示 Smile[16] 到 Smile[23]（超出数组！访问越界）❌
 147   3      
 148   3                              问题2：数组访问越界
 149   3                              Smile数组只有16个元素，但你要访问 Smile[16] 到 Smile[23]，这些是未定义的数据，
             -所以显示乱码。*/
 150   3                              if(Offset>=10000){
 151   4                                      Offset=0;
 152   4                              }
 153   3                      }
 154   2          }
 155   1      }
*** WARNING C280 IN LINE 79 OF main.c: 'j': unreferenced local variable


MODULE INFORMATION:   STATIC OVERLAYABLE
   CODE SIZE        =     78    ----
   CONSTANT SIZE    =    280    ----
   XDATA SIZE       =   ----    ----
   PDATA SIZE       =   ----    ----
   DATA SIZE        =     96       4
   IDATA SIZE       =   ----    ----
   BIT SIZE         =   ----    ----
END OF MODULE INFORMATION.


C51 COMPILATION COMPLETE.  1 WARNING(S),  0 ERROR(S)
