BL51 BANKED LINKER/LOCATER V6.22                                                        06/06/2026  13:42:52  PAGE 1


BL51 BANKED LINKER/LOCATER V6.22, INVOKED BY:
D:\KEIL_V5\C51\BIN\BL51.EXE .\Objects\main.obj, .\Objects\Delay.obj, .\Objects\MatrixKey.obj, .\Objects\Timer0.obj, .\Ob
>> jects\UART.obj, .\Objects\MatrixLED.obj TO .\Objects\Project PRINT (.\Listings\Project.m51) DISABLEWARNING (16)


MEMORY MODEL: SMALL


INPUT MODULES INCLUDED:
  .\Objects\main.obj (MAIN)
  .\Objects\Delay.obj (DELAY)
  .\Objects\MatrixKey.obj (MATRIXKEY)
  .\Objects\Timer0.obj (TIMER0)
  .\Objects\UART.obj (UART)
  .\Objects\MatrixLED.obj (MATRIXLED)
  D:\KEIL_V5\C51\LIB\C51S.LIB (?C_STARTUP)
  D:\KEIL_V5\C51\LIB\C51S.LIB (?C_INIT)


LINK MAP OF MODULE:  .\Objects\Project (MAIN)


            TYPE    BASE      LENGTH    RELOCATION   SEGMENT NAME
            -----------------------------------------------------

            * * * * * * *   D A T A   M E M O R Y   * * * * * * *
            REG     0000H     0008H     ABSOLUTE     "REG BANK 0"
            DATA    0008H     0060H     UNIT         ?DT?MAIN
            DATA    0068H     0004H     UNIT         _DATA_GROUP_
            DATA    006CH     0001H     UNIT         ?DT?MATRIXKEY?MATRIXKEY
            IDATA   006DH     0001H     UNIT         ?STACK

            * * * * * * *   C O D E   M E M O R Y   * * * * * * *
            CODE    0000H     0003H     ABSOLUTE     
                    0003H     07FDH                  *** GAP ***
            CODE    0800H     0189H     UNIT         ?PR?MATRIXKEY?MATRIXKEY
            CODE    0989H     0118H     UNIT         ?CO?MAIN
            CODE    0AA1H     008CH     UNIT         ?C_C51STARTUP
            CODE    0B2DH     0069H     UNIT         ?C_INITSEG
            CODE    0B96H     004EH     UNIT         ?PR?MAIN?MAIN
            CODE    0BE4H     0025H     UNIT         ?PR?__74HC595_WRITEBYTE?MATRIXLED
            CODE    0C09H     0022H     UNIT         ?PR?_MATRIXLED_SHOWCOLUMN?MATRIXLED
            CODE    0C2BH     001BH     UNIT         ?PR?UART_INIT?UART
            CODE    0C46H     0015H     UNIT         ?PR?_DELAY?DELAY
            CODE    0C5BH     0015H     UNIT         ?PR?TIMER0INIT?TIMER0
            CODE    0C70H     0008H     UNIT         ?PR?_UART_SENDBYTE?UART
            CODE    0C78H     0005H     UNIT         ?PR?MATRIXLED_INIT?MATRIXLED



OVERLAY MAP OF MODULE:   .\Objects\Project (MAIN)


SEGMENT                                       DATA_GROUP 
  +--> CALLED SEGMENT                       START    LENGTH
-----------------------------------------------------------
?C_C51STARTUP                               -----    -----
  +--> ?PR?MAIN?MAIN
BL51 BANKED LINKER/LOCATER V6.22                                                      06/06/2026  13:42:52  PAGE 2


  +--> ?C_INITSEG

?PR?MAIN?MAIN                               0068H    0004H
  +--> ?PR?MATRIXLED_INIT?MATRIXLED
  +--> ?CO?MAIN
  +--> ?PR?_MATRIXLED_SHOWCOLUMN?MATRIXLED

?PR?_MATRIXLED_SHOWCOLUMN?MATRIXLED         -----    -----
  +--> ?PR?__74HC595_WRITEBYTE?MATRIXLED
  +--> ?PR?_DELAY?DELAY



SYMBOL TABLE OF MODULE:  .\Objects\Project (MAIN)

  VALUE           TYPE          NAME
  ----------------------------------

  -------         MODULE        MAIN
  C:0000H         SYMBOL        _ICE_DUMMY_
  D:0008H         PUBLIC        Train
  C:0989H         PUBLIC        DH
  D:0028H         PUBLIC        Animation
  C:0B96H         PUBLIC        main
  D:0058H         PUBLIC        Smile
  -------         PROC          MAIN
  -------         DO            
  D:0068H         SYMBOL        i
  D:0069H         SYMBOL        j
  D:006AH         SYMBOL        Count
  D:006BH         SYMBOL        Offset
  -------         ENDDO         
  C:0B96H         LINE#         78
  C:0B96H         LINE#         80
  C:0B99H         LINE#         81
  C:0B9CH         LINE#         83
  C:0B9CH         LINE#         127
  C:0B9FH         LINE#         129
  C:0BBBH         LINE#         131
  C:0BC4H         LINE#         132
  C:0BC6H         LINE#         134
  C:0BCDH         LINE#         135
  C:0BD0H         LINE#         137
  C:0BD6H         LINE#         150
  C:0BDFH         LINE#         151
  C:0BE2H         LINE#         152
  C:0BE2H         LINE#         153
  C:0BE2H         LINE#         154
  -------         ENDPROC       MAIN
  -------         ENDMOD        MAIN

  -------         MODULE        DELAY
  C:0000H         SYMBOL        _ICE_DUMMY_
  C:0C46H         PUBLIC        _Delay
  -------         PROC          _DELAY
  D:0006H         SYMBOL        xms
  -------         DO            
BL51 BANKED LINKER/LOCATER V6.22                                                      06/06/2026  13:42:52  PAGE 3


  D:0005H         SYMBOL        i
  D:0004H         SYMBOL        j
  -------         ENDDO         
  C:0C46H         LINE#         4
  C:0C46H         LINE#         6
  C:0C50H         LINE#         7
  C:0C52H         LINE#         8
  C:0C54H         LINE#         9
  C:0C54H         LINE#         10
  C:0C56H         LINE#         11
  C:0C58H         LINE#         12
  C:0C5AH         LINE#         13
  -------         ENDPROC       _DELAY
  -------         ENDMOD        DELAY

  -------         MODULE        MATRIXKEY
  C:0000H         SYMBOL        _ICE_DUMMY_
  D:0090H         PUBLIC        P1
  B:0090H.0       PUBLIC        P1_0
  B:0090H.1       PUBLIC        P1_1
  B:0090H.2       PUBLIC        P1_2
  B:0090H.3       PUBLIC        P1_3
  B:0090H.4       PUBLIC        P1_4
  B:0090H.5       PUBLIC        P1_5
  B:0090H.6       PUBLIC        P1_6
  B:0090H.7       PUBLIC        P1_7
  C:0800H         PUBLIC        MatrixKey
  -------         PROC          MATRIXKEY
  -------         DO            
  D:006CH         SYMBOL        KeyNumber
  -------         ENDDO         
  C:0800H         LINE#         10
  C:0800H         LINE#         11
  C:0803H         LINE#         14
  C:0806H         LINE#         15
  C:0808H         LINE#         21
  C:081EH         LINE#         22
  C:0835H         LINE#         23
  C:084CH         LINE#         24
  C:0863H         LINE#         28
  C:0866H         LINE#         29
  C:0868H         LINE#         30
  C:087FH         LINE#         31
  C:0896H         LINE#         32
  C:08ADH         LINE#         33
  C:08C4H         LINE#         36
  C:08C7H         LINE#         37
  C:08C9H         LINE#         38
  C:08E0H         LINE#         39
  C:08F7H         LINE#         40
  C:090EH         LINE#         41
  C:0925H         LINE#         44
  C:0928H         LINE#         45
  C:092AH         LINE#         46
  C:0941H         LINE#         47
  C:0958H         LINE#         48
  C:096FH         LINE#         49
BL51 BANKED LINKER/LOCATER V6.22                                                      06/06/2026  13:42:52  PAGE 4


  C:0986H         LINE#         51
  C:0988H         LINE#         53
  -------         ENDPROC       MATRIXKEY
  -------         ENDMOD        MATRIXKEY

  -------         MODULE        TIMER0
  C:0000H         SYMBOL        _ICE_DUMMY_
  B:00A8H.7       PUBLIC        EA
  D:0089H         PUBLIC        TMOD
  B:00A8H.1       PUBLIC        ET0
  B:0088H.5       PUBLIC        TF0
  C:0C5BH         PUBLIC        Timer0Init
  D:008CH         PUBLIC        TH0
  D:008AH         PUBLIC        TL0
  B:0088H.4       PUBLIC        TR0
  -------         PROC          TIMER0INIT
  C:0C5BH         LINE#         3
  C:0C5BH         LINE#         4
  C:0C5BH         LINE#         5
  C:0C5EH         LINE#         6
  C:0C61H         LINE#         7
  C:0C64H         LINE#         8
  C:0C67H         LINE#         10
  C:0C69H         LINE#         11
  C:0C6BH         LINE#         13
  C:0C6DH         LINE#         14
  C:0C6FH         LINE#         15
  -------         ENDPROC       TIMER0INIT
  -------         ENDMOD        TIMER0

  -------         MODULE        UART
  C:0000H         SYMBOL        _ICE_DUMMY_
  B:00A8H.7       PUBLIC        EA
  B:00A8H.4       PUBLIC        ES
  B:0098H.1       PUBLIC        TI
  D:0099H         PUBLIC        SBUF
  D:0087H         PUBLIC        PCON
  C:0C2BH         PUBLIC        UART_Init
  D:0098H         PUBLIC        SCON
  D:0089H         PUBLIC        TMOD
  C:0C70H         PUBLIC        _UART_SendByte
  B:00A8H.3       PUBLIC        ET1
  D:008DH         PUBLIC        TH1
  D:008BH         PUBLIC        TL1
  B:0088H.6       PUBLIC        TR1
  -------         PROC          UART_INIT
  C:0C2BH         LINE#         10
  C:0C2BH         LINE#         13
  C:0C2EH         LINE#         14
  C:0C31H         LINE#         15
  C:0C34H         LINE#         16
  C:0C37H         LINE#         17
  C:0C3AH         LINE#         18
  C:0C3DH         LINE#         19
  C:0C3FH         LINE#         20
  C:0C41H         LINE#         21
  C:0C43H         LINE#         22
BL51 BANKED LINKER/LOCATER V6.22                                                      06/06/2026  13:42:52  PAGE 5


  C:0C45H         LINE#         23
  -------         ENDPROC       UART_INIT
  -------         PROC          _UART_SENDBYTE
  D:0007H         SYMBOL        Byte
  C:0C70H         LINE#         31
  C:0C70H         LINE#         32
  C:0C70H         LINE#         33
  C:0C72H         LINE#         34
  C:0C75H         LINE#         35
  C:0C77H         LINE#         36
  -------         ENDPROC       _UART_SENDBYTE
  -------         ENDMOD        UART

  -------         MODULE        MATRIXLED
  C:0000H         SYMBOL        _ICE_DUMMY_
  D:0080H         PUBLIC        P0
  C:0BE4H         PUBLIC        __74HC595_WriteByte
  D:00A0H         PUBLIC        P2
  D:00B0H         PUBLIC        P3
  C:0C09H         PUBLIC        _MatrixLED_ShowColumn
  C:0C78H         PUBLIC        MatrixLED_Init
  B:00B0H.5       PUBLIC        RCK
  B:00B0H.6       PUBLIC        SCK
  B:00B0H.4       PUBLIC        SER
  -------         PROC          __74HC595_WRITEBYTE
  D:0007H         SYMBOL        Byte
  -------         DO            
  D:0006H         SYMBOL        i
  -------         ENDDO         
  C:0BE4H         LINE#         72
  C:0BE4H         LINE#         74
  C:0BE8H         LINE#         75
  C:0BEAH         LINE#         79
  C:0BFCH         LINE#         82
  C:0BFEH         LINE#         83
  C:0C00H         LINE#         89
  C:0C04H         LINE#         90
  C:0C06H         LINE#         91
  C:0C08H         LINE#         95
  -------         ENDPROC       __74HC595_WRITEBYTE
  -------         PROC          MATRIXLED_INIT
  C:0C78H         LINE#         102
  C:0C78H         LINE#         103
  C:0C7AH         LINE#         104
  C:0C7CH         LINE#         105
  -------         ENDPROC       MATRIXLED_INIT
  -------         PROC          _MATRIXLED_SHOWCOLUMN
  D:0003H         SYMBOL        Column
  D:0004H         SYMBOL        Data
  C:0C09H         LINE#         113
  C:0C0BH         LINE#         114
  C:0C10H         LINE#         115
  C:0C20H         LINE#         117
  C:0C27H         LINE#         118
  C:0C2AH         LINE#         119
  -------         ENDPROC       _MATRIXLED_SHOWCOLUMN
  -------         ENDMOD        MATRIXLED
BL51 BANKED LINKER/LOCATER V6.22                                                      06/06/2026  13:42:52  PAGE 6



******************************************************************************
* RESTRICTED VERSION WITH 0800H BYTE CODE SIZE LIMIT; USED: 03F0H BYTE (49%) *
******************************************************************************

Program Size: data=110.0 xdata=0 code=1152
LINK/LOCATE RUN COMPLETE.  0 WARNING(S),  0 ERROR(S)
