C51 COMPILER V9.54   MAIN                                                                  05/31/2026 21:52:16 PAGE 1   


C51 COMPILER V9.54, COMPILATION OF MODULE MAIN
OBJECT MODULE PLACED IN .\Objects\main.obj
COMPILER INVOKED BY: D:\Keil_v5\C51\BIN\C51.EXE main.c OPTIMIZE(8,SPEED) BROWSE DEBUG OBJECTEXTEND PRINT(.\Listings\main
                    -.lst) OBJECT(.\Objects\main.obj)

line level    source

   1          #include <REGX51.H>
   2          #include <INTRINS.H>
   3          
   4          void Delay(unsigned int xms) {  //@12.000MHz
   5   1          unsigned char i, j;
   6   1          while(xms--){
   7   2                      i = 2;
   8   2                      j = 239;
   9   2                      do{
  10   3                              while(--j);
  11   3                      }while(--i); // --j和j--的区别是
  12   2              }
  13   1      }
  14          
  15          void main() {
  16   1      //      P2_0=1; //灭
  17   1      //      P2_0=0;//亮
  18   1              
  19   1              while(1){
  20   2      //              if(P3_1==0)
  21   2      //              { // 如果被按下
  22   2      //                      Delay(20); // 延时20毫秒清除按键抖动
  23   2      //                      P2_0=0;
  24   2      //              }else{
  25   2      //                      P2_0=1;
  26   2      //              }
  27   2                      if(P3_1==0){
  28   3                              Dealy(20);
*** WARNING C206 IN LINE 28 OF main.c: 'Dealy': missing function-prototype
*** ERROR C267 IN LINE 28 OF main.c: 'Dealy': requires ANSI-style prototype
  29   3                              while(P3_1==0);//循环判断的另一种写法
  30   3                              Dealy(20);
  31   3                              P2_0=~P2_0;//按位取反操作，      
  32   3                      }
  33   2                      
  34   2              }
  35   1      }

C51 COMPILATION COMPLETE.  1 WARNING(S),  1 ERROR(S)
