BL51 BANKED LINKER/LOCATER V6.22                                                        05/31/2026  21:46:16  PAGE 1


BL51 BANKED LINKER/LOCATER V6.22, INVOKED BY:
D:\KEIL_V5\C51\BIN\BL51.EXE .\Objects\main.obj TO .\Objects\Project PRINT (.\Listings\Project.m51)


MEMORY MODEL: SMALL


INPUT MODULES INCLUDED:
  .\Objects\main.obj (MAIN)
  D:\KEIL_V5\C51\LIB\C51S.LIB (?C_STARTUP)


LINK MAP OF MODULE:  .\Objects\Project (MAIN)


            TYPE    BASE      LENGTH    RELOCATION   SEGMENT NAME
            -----------------------------------------------------

            * * * * * * *   D A T A   M E M O R Y   * * * * * * *
            REG     0000H     0008H     ABSOLUTE     "REG BANK 0"
            IDATA   0008H     0001H     UNIT         ?STACK

            * * * * * * *   C O D E   M E M O R Y   * * * * * * *
            CODE    0000H     0003H     ABSOLUTE     
                    0003H     07FDH                  *** GAP ***
            CODE    0800H     0015H     UNIT         ?PR?_DELAYLMS?MAIN
            CODE    0815H     000CH     UNIT         ?C_C51STARTUP
            CODE    0821H     000BH     UNIT         ?PR?MAIN?MAIN



OVERLAY MAP OF MODULE:   .\Objects\Project (MAIN)


SEGMENT
  +--> CALLED SEGMENT
---------------------
?C_C51STARTUP
  +--> ?PR?MAIN?MAIN



SYMBOL TABLE OF MODULE:  .\Objects\Project (MAIN)

  VALUE           TYPE          NAME
  ----------------------------------

  -------         MODULE        MAIN
  C:0000H         SYMBOL        _ICE_DUMMY_
  B:00A0H.0       PUBLIC        P2_0
  B:00B0H.1       PUBLIC        P3_1
  C:0821H         PUBLIC        main
  C:0800H         PUBLIC        _Delaylms
  -------         PROC          _DELAYLMS
  D:0006H         SYMBOL        xms
  -------         DO            
  D:0005H         SYMBOL        i
  D:0004H         SYMBOL        j
BL51 BANKED LINKER/LOCATER V6.22                                                      05/31/2026  21:46:16  PAGE 2


  -------         ENDDO         
  C:0800H         LINE#         4
  C:0800H         LINE#         6
  C:080AH         LINE#         7
  C:080CH         LINE#         8
  C:080EH         LINE#         9
  C:080EH         LINE#         11
  C:0810H         LINE#         12
  C:0812H         LINE#         13
  C:0814H         LINE#         14
  -------         ENDPROC       _DELAYLMS
  -------         PROC          MAIN
  C:0821H         LINE#         16
  C:0821H         LINE#         20
  C:0821H         LINE#         21
  C:0824H         LINE#         22
  C:0826H         LINE#         23
  C:0828H         LINE#         24
  C:082AH         LINE#         25
  C:082AH         LINE#         26
  -------         ENDPROC       MAIN
  -------         ENDMOD        MAIN

*** WARNING L16: UNCALLED SEGMENT, IGNORED FOR OVERLAY PROCESS
    SEGMENT: ?PR?_DELAYLMS?MAIN

******************************************************************************
* RESTRICTED VERSION WITH 0800H BYTE CODE SIZE LIMIT; USED: 0020H BYTE ( 1%) *
******************************************************************************

Program Size: data=9.0 xdata=0 code=47
LINK/LOCATE RUN COMPLETE.  1 WARNING(S),  0 ERROR(S)
