C51 COMPILER V9.54   MAIN                                                                  06/10/2026 17:50:34 PAGE 1   


C51 COMPILER V9.54, COMPILATION OF MODULE MAIN
OBJECT MODULE PLACED IN .\Objects\main.obj
COMPILER INVOKED BY: D:\Keil_v5\C51\BIN\C51.EXE main.c OPTIMIZE(8,SPEED) BROWSE DEBUG OBJECTEXTEND PRINT(.\Listings\main
                    -.lst) OBJECT(.\Objects\main.obj)

line level    source

   1          #include <REGX52.H>
   2          #include "Key.h"
   3          #include "Nixie.h"
   4          #include "Delay.h"
   5          #include "Timer0.h"
   6          #include "AT24C02.h"
   7          
   8          unsigned char KeyNum;
   9          unsigned char Temp;
  10          unsigned char Sec=0,Min=0,Hour=0,MinSec;
  11          unsigned char RunFlag;
  12          
  13          void Time_Update(){
  14   1      
  15   1      }
  16          
  17          void main(){
  18   1              Timer0Init();
  19   1              
  20   1              while(1){
  21   2                      KeyNum=Key();
  22   2                      //主函数里的代码会优先执行，除非定时器中断
  23   2                      if(KeyNum){
  24   3                              //只加速控制秒的更改，这样可以操控更多的位
  25   3                              if(KeyNum==1){
  26   4                                      //启动秒表计时
  27   4                                      RunFlag=!RunFlag;
  28   4                              }
  29   3                              if(KeyNum==2){
  30   4                                      //计时清零
  31   4                                      Min=0;
  32   4                                      Sec=0;
  33   4                                      Hour=0;
  34   4                              }
  35   3                              if(KeyNum==3){
  36   4                                      AT24C02_WriteByte(0,Sec);
  37   4                                      Delay(5);
  38   4                                      AT24C02_WriteByte(1,Min);
  39   4                                      Delay(5);
  40   4                                      AT24C02_WriteByte(2,Hour);
  41   4                                      Delay(5);
  42   4                              }
  43   3                              if(KeyNum==4){
  44   4                                      Sec=AT24C02_ReadByte(0);
  45   4                                      Min=AT24C02_ReadByte(1);
  46   4                                      Hour=AT24C02_ReadByte(2);
  47   4                              }
  48   3                      }
  49   2                      
  50   2                      //状态更新
  51   2                      Nixie_Scan(7, Sec/10); //个位
  52   2                      Nixie_Scan(8, Sec%10); //十位
  53   2                      Nixie_Scan(4, Min/10); //个位
  54   2                      Nixie_Scan(5, Min%10); //十位
C51 COMPILER V9.54   MAIN                                                                  06/10/2026 17:50:34 PAGE 2   

  55   2                      Nixie_Scan(1, Hour/10); //个位
  56   2                      Nixie_Scan(2, Hour%10); //十位        
  57   2              }
  58   1      }
  59          
  60          
  61          void Sec_Loop(){
  62   1              if(RunFlag){
  63   2                      Sec++;
  64   2                      if(Sec>60){
  65   3                              Sec=0;
  66   3                              Min++;
  67   3                              if(Min>60){
  68   4                                      Min=0;
  69   4                                      Hour++;
  70   4                                      if(Hour>60){
  71   5                                              Hour=0;
  72   5                                      }
  73   4                              }
  74   3                      }
  75   2              }
  76   1      }
  77          
  78          //unsigned int T0Count;
  79          void Timer0_Routine() interrupt 1{
  80   1              static unsigned int T0Count0,T0Count1,T0Count2;
  81   1              TL0=0x18;
  82   1              TH0=0xFC;
  83   1              
  84   1              //横杠的初始化
  85   1              Nixie_Scan(3,11);
  86   1              Nixie_Scan(6,11);
  87   1              
  88   1              T0Count0++;
  89   1              if(T0Count0>=60){ // 每隔1秒检测一次 //改成秒表功能测试，因此速度调成0.06秒了
  90   2                      T0Count0=0; // 定时器重置
  91   2                      Sec_Loop();
  92   2              }
  93   1              
  94   1              T0Count1++;
  95   1              if(T0Count1>=20){ // 每隔20毫秒检测一次
  96   2                      T0Count1=0; // 定时器重置
  97   2      //              P2=~P2; //测试
  98   2                      Key_Loop(); //代替延时效果
  99   2              }
 100   1              
 101   1              T0Count2++;
 102   1              if(T0Count2>=2){ // 每隔2毫秒检测一次
 103   2                      T0Count2=0; // 定时器重置
 104   2                      Nixie_Loop(); //代替延时效果
 105   2              }
 106   1      }


MODULE INFORMATION:   STATIC OVERLAYABLE
   CODE SIZE        =    415    ----
   CONSTANT SIZE    =   ----    ----
   XDATA SIZE       =   ----    ----
   PDATA SIZE       =   ----    ----
   DATA SIZE        =     13    ----
   IDATA SIZE       =   ----    ----
   BIT SIZE         =   ----    ----
C51 COMPILER V9.54   MAIN                                                                  06/10/2026 17:50:34 PAGE 3   

END OF MODULE INFORMATION.


C51 COMPILATION COMPLETE.  0 WARNING(S),  0 ERROR(S)
