C51 COMPILER V9.54   MAIN                                                                  06/13/2026 22:18:59 PAGE 1   


C51 COMPILER V9.54, COMPILATION OF MODULE MAIN
OBJECT MODULE PLACED IN .\Objects\main.obj
COMPILER INVOKED BY: D:\Keil_v5\C51\BIN\C51.EXE main.c OPTIMIZE(8,SPEED) BROWSE DEBUG OBJECTEXTEND PRINT(.\Listings\main
                    -.lst) OBJECT(.\Objects\main.obj)

line level    source

   1          #include <REGX52.H>
   2          
   3          sbit LED=P2^0;
   4          
   5          void Delayms(unsigned int xms) {
   6   1          while(xms--);
   7   1      }
   8          
   9          void main(){
  10   1          unsigned char Time,i;
  11   1          while(1){
  12   2      //              LED=0;
  13   2      //              Delayms(5);
  14   2      //              LED=1;
  15   2      //              Delayms(95);
  16   2                      
  17   2      //              LED=0;
  18   2      //              Delayms(95);
  19   2      //              LED=1;
  20   2      //              Delayms(5);
  21   2                      for(Time=0;Time<100;Time++){
  22   3                              //内部的i延时，是为了增加和延长Time的执行次数，无法直接使用Delay代替
  23   3                              for(i=0;i<20;i++){
  24   4                                      LED=0;
  25   4                                      Delayms(Time);
  26   4                                      LED=1;
  27   4                                      Delayms(100-Time);
  28   4                              }
  29   3                      }
  30   2                      for(Time=100;Time>0;Time--){
  31   3                              //内部的i延时，是为了增加和延长Time的执行次数，无法直接使用Delay代替
  32   3                              for(i=0;i<20;i++){
  33   4                                      LED=0;
  34   4                                      Delayms(Time);
  35   4                                      LED=1;
  36   4                                      Delayms(100-Time);
  37   4                              }
  38   3                      }
  39   2          }
  40   1      }
  41          


MODULE INFORMATION:   STATIC OVERLAYABLE
   CODE SIZE        =     68    ----
   CONSTANT SIZE    =   ----    ----
   XDATA SIZE       =   ----    ----
   PDATA SIZE       =   ----    ----
   DATA SIZE        =   ----    ----
   IDATA SIZE       =   ----    ----
   BIT SIZE         =   ----    ----
END OF MODULE INFORMATION.


C51 COMPILATION COMPLETE.  0 WARNING(S),  0 ERROR(S)
