BL51 BANKED LINKER/LOCATER V6.22                                                        06/13/2026  22:18:59  PAGE 1


BL51 BANKED LINKER/LOCATER V6.22, INVOKED BY:
D:\KEIL_V5\C51\BIN\BL51.EXE .\Objects\main.obj, .\Objects\Delay.obj, .\Objects\Key.obj, .\Objects\LCD1602.obj, .\Objects
>> \I2C.obj, .\Objects\AT24C02.obj, .\Objects\Timer0.obj, .\Objects\Nixie.obj, .\Objects\DS18820.obj, .\Objects\OneWire.
>> obj, .\Objects\Buzzer.obj TO .\Objects\Project PRINT (.\Listings\Project.m51) DISABLEWARNING (16)


MEMORY MODEL: SMALL WITH FLOATING POINT ARITHMETIC


INPUT MODULES INCLUDED:
  .\Objects\main.obj (MAIN)
  .\Objects\Delay.obj (DELAY)
  .\Objects\Key.obj (KEY)
  .\Objects\LCD1602.obj (LCD1602)
  .\Objects\I2C.obj (I2C)
  .\Objects\AT24C02.obj (AT24C02)
  .\Objects\Timer0.obj (TIMER0)
  .\Objects\Nixie.obj (NIXIE)
  .\Objects\DS18820.obj (DS18820)
  .\Objects\OneWire.obj (ONEWIRE)
  .\Objects\Buzzer.obj (BUZZER)
  D:\KEIL_V5\C51\LIB\C51FPS.LIB (?C?FPDIV)
  D:\KEIL_V5\C51\LIB\C51FPS.LIB (?C?FCAST)
  D:\KEIL_V5\C51\LIB\C51FPS.LIB (?C?FPGETOPN)
  D:\KEIL_V5\C51\LIB\C51S.LIB (?C_STARTUP)
  D:\KEIL_V5\C51\LIB\C51S.LIB (?C?CLDOPTR)
  D:\KEIL_V5\C51\LIB\C51S.LIB (?C?IMUL)
  D:\KEIL_V5\C51\LIB\C51S.LIB (?C?UIDIV)
  D:\KEIL_V5\C51\LIB\C51S.LIB (?C?LNEG)
  D:\KEIL_V5\C51\LIB\C51S.LIB (?C_INIT)


LINK MAP OF MODULE:  .\Objects\Project (MAIN)


            TYPE    BASE      LENGTH    RELOCATION   SEGMENT NAME
            -----------------------------------------------------

            * * * * * * *   D A T A   M E M O R Y   * * * * * * *
            REG     0000H     0008H     ABSOLUTE     "REG BANK 0"
            DATA    0008H     0016H     UNIT         ?DT?NIXIE
            DATA    001EH     0007H     UNIT         ?DT?_LCD_SHOWSIGNEDNUM?LCD1602
            DATA    0025H     0006H     UNIT         ?DT?BUZZER
            DATA    002BH     0005H     UNIT         ?DT?_LCD_SHOWNUM?LCD1602
            DATA    0030H     0005H     UNIT         ?DT?_LCD_SHOWHEXNUM?LCD1602
            DATA    0035H     0005H     UNIT         ?DT?_LCD_SHOWBINNUM?LCD1602
            DATA    003AH     0004H     UNIT         ?DT?_LCD_POW?LCD1602
            DATA    003EH     0003H     UNIT         ?DT?KEY
            DATA    0041H     0003H     UNIT         ?DT?_LCD_SHOWSTRING?LCD1602
            DATA    0044H     0003H     UNIT         ?DT?ONEWIRE
            DATA    0047H     0002H     UNIT         ?DT?_AT24C02_WRITEBYTE?AT24C02
            DATA    0049H     0002H     UNIT         ?DT?_AT24C02_READBYTE?AT24C02
            DATA    004BH     0001H     UNIT         ?DT?DS18B20_READT?DS18820
            IDATA   004CH     0001H     UNIT         ?STACK

            * * * * * * *   C O D E   M E M O R Y   * * * * * * *
            CODE    0000H     0003H     ABSOLUTE     
                    0003H     07FDH                  *** GAP ***
BL51 BANKED LINKER/LOCATER V6.22                                                      06/13/2026  22:18:59  PAGE 2


            CODE    0800H     01CAH     UNIT         ?C?LIB_CODE
            CODE    09CAH     008CH     UNIT         ?C_C51STARTUP
            CODE    0A56H     0063H     UNIT         ?PR?_NIXIE?NIXIE
            CODE    0AB9H     003BH     UNIT         ?PR?KEY_LOOP?KEY
            CODE    0AF4H     003AH     UNIT         ?PR?_LCD_SHOWSIGNEDNUM?LCD1602
            CODE    0B2EH     0039H     UNIT         ?PR?_LCD_SHOWHEXNUM?LCD1602
            CODE    0B67H     0038H     UNIT         ?PR?_LCD_SHOWBINNUM?LCD1602
            CODE    0B9FH     0033H     UNIT         ?PR?_LCD_POW?LCD1602
            CODE    0BD2H     0032H     UNIT         ?PR?KEY_GETSTATE?KEY
            CODE    0C04H     0030H     UNIT         ?PR?_AT24C02_READBYTE?AT24C02
            CODE    0C34H     002CH     UNIT         ?PR?DS18B20_READT?DS18820
            CODE    0C60H     002BH     UNIT         ?PR?_I2C_SENDBYTE?I2C
            CODE    0C8BH     0023H     UNIT         ?PR?MAIN?MAIN
            CODE    0CAEH     0023H     UNIT         ?PR?_LCD_SHOWSTRING?LCD1602
            CODE    0CD1H     0023H     UNIT         ?PR?BUZZER_LOOP?BUZZER
            CODE    0CF4H     0022H     UNIT         ?PR?_AT24C02_WRITEBYTE?AT24C02
            CODE    0D16H     0021H     UNIT         ?PR?_DELAYMS?MAIN
            CODE    0D37H     0021H     UNIT         ?PR?ONEWIRE_INIT?ONEWIRE
            CODE    0D58H     001EH     UNIT         ?PR?_LCD_WRITEDATA?LCD1602
            CODE    0D76H     001DH     UNIT         ?PR?_LCD_SHOWNUM?LCD1602
            CODE    0D93H     001DH     UNIT         ?C_INITSEG
            CODE    0DB0H     001DH     UNIT         ?PR?ONEWIRE_RECEIVEBYTE?ONEWIRE
            CODE    0DCDH     001CH     UNIT         ?PR?ONEWIRE_RECEIVEBIT?ONEWIRE
            CODE    0DE9H     001AH     UNIT         ?PR?_ONEWIRE_SENDBIT?ONEWIRE
            CODE    0E03H     0019H     UNIT         ?PR?NIXIE_LOOP?NIXIE
            CODE    0E1CH     0019H     UNIT         ?PR?_ONEWIRE_SENDBYTE?ONEWIRE
            CODE    0E35H     0018H     UNIT         ?PR?I2C_RECEIVEBYTE?I2C
            CODE    0E4DH     0016H     UNIT         ?PR?_LCD_SETCURSOR?LCD1602
            CODE    0E63H     0015H     UNIT         ?PR?_DELAY?DELAY
            CODE    0E78H     0015H     UNIT         ?PR?TIMER0INIT?TIMER0
            CODE    0E8DH     0014H     UNIT         ?PR?LCD_INIT?LCD1602
            CODE    0EA1H     000FH     UNIT         ?PR?LCD_DELAY?LCD1602
            CODE    0EB0H     000DH     UNIT         ?PR?DS18B20_CONVERTT?DS18820
            CODE    0EBDH     000CH     UNIT         ?PR?I2C_RECEIVEACK?I2C
            CODE    0EC9H     000AH     UNIT         ?PR?_LCD_WRITECOMMAND?LCD1602
            CODE    0ED3H     000AH     UNIT         ?PR?_LCD_SHOWCHAR?LCD1602
            CODE    0EDDH     000AH     UNIT         ?PR?_I2C_SENDACK?I2C
            CODE    0EE7H     000AH     UNIT         ?PR?BUZZER_INIT?BUZZER
            CODE    0EF1H     000AH     UNIT         ?PR?_BUZZER_START?BUZZER
            CODE    0EFBH     000AH     UNIT         ?PR?BUZZER_STOP?BUZZER
            CODE    0F05H     0009H     UNIT         ?PR?I2C_START?I2C
            CODE    0F0EH     0009H     UNIT         ?PR?_NIXIE_SCAN?NIXIE
            CODE    0F17H     0007H     UNIT         ?PR?I2C_STOP?I2C
            CODE    0F1EH     0006H     UNIT         ?PR?KEY?KEY
            CODE    0F24H     0006H     UNIT         ?PR?BUZZER_DELAY500US?BUZZER



OVERLAY MAP OF MODULE:   .\Objects\Project (MAIN)


SEGMENT
  +--> CALLED SEGMENT
---------------------
?C_C51STARTUP
  +--> ?PR?MAIN?MAIN
  +--> ?C_INITSEG
BL51 BANKED LINKER/LOCATER V6.22                                                      06/13/2026  22:18:59  PAGE 3



?PR?MAIN?MAIN
  +--> ?PR?_DELAYMS?MAIN



SYMBOL TABLE OF MODULE:  .\Objects\Project (MAIN)

  VALUE           TYPE          NAME
  ----------------------------------

  -------         MODULE        MAIN
  C:0000H         SYMBOL        _ICE_DUMMY_
  D:00A0H         PUBLIC        P2
  C:0C8BH         PUBLIC        main
  C:0D2CH         PUBLIC        _Delayms
  B:00A0H.0       PUBLIC        LED
  -------         PROC          L?0020
  -------         ENDPROC       L?0020
  -------         PROC          _DELAYMS
  D:0006H         SYMBOL        xms
  C:0D2CH         LINE#         5
  C:0D2CH         LINE#         6
  C:0D36H         LINE#         7
  -------         ENDPROC       _DELAYMS
  -------         PROC          MAIN
  -------         DO            
  D:0003H         SYMBOL        Time
  D:0005H         SYMBOL        i
  -------         ENDDO         
  C:0C8BH         LINE#         9
  C:0C8BH         LINE#         11
  C:0C8BH         LINE#         21
  C:0C8DH         LINE#         23
  C:0C8FH         LINE#         24
  C:0C8FH         LINE#         25
  C:0C8FH         LINE#         26
  C:0C8FH         LINE#         27
  C:0C92H         LINE#         28
  C:0C96H         LINE#         29
  C:0C9AH         LINE#         30
  C:0CA2H         LINE#         32
  C:0CA4H         LINE#         33
  C:0CA4H         LINE#         34
  C:0CA4H         LINE#         35
  C:0CA4H         LINE#         36
  C:0CA7H         LINE#         37
  C:0CABH         LINE#         38
  -------         ENDPROC       MAIN
  -------         ENDMOD        MAIN

  -------         MODULE        DELAY
  C:0000H         SYMBOL        _ICE_DUMMY_
  C:0E63H         PUBLIC        _Delay
  -------         PROC          _DELAY
  D:0006H         SYMBOL        xms
  -------         DO            
BL51 BANKED LINKER/LOCATER V6.22                                                      06/13/2026  22:18:59  PAGE 4


  D:0005H         SYMBOL        i
  D:0004H         SYMBOL        j
  -------         ENDDO         
  C:0E63H         LINE#         4
  C:0E63H         LINE#         6
  C:0E6DH         LINE#         7
  C:0E6FH         LINE#         8
  C:0E71H         LINE#         9
  C:0E71H         LINE#         10
  C:0E73H         LINE#         11
  C:0E75H         LINE#         12
  C:0E77H         LINE#         13
  -------         ENDPROC       _DELAY
  -------         ENDMOD        DELAY

  -------         MODULE        KEY
  C:0000H         SYMBOL        _ICE_DUMMY_
  D:0040H         PUBLIC        Key_Key_Number
  B:00B0H.0       PUBLIC        P3_0
  B:00B0H.1       PUBLIC        P3_1
  B:00B0H.2       PUBLIC        P3_2
  B:00B0H.3       PUBLIC        P3_3
  C:0AB9H         PUBLIC        Key_Loop
  C:0F1EH         PUBLIC        Key
  C:0BD2H         PUBLIC        Key_GetState
  -------         PROC          KEY
  -------         DO            
  D:0007H         SYMBOL        temp
  -------         ENDDO         
  C:0F1EH         LINE#         7
  C:0F1EH         LINE#         8
  C:0F20H         LINE#         9
  C:0F23H         LINE#         10
  C:0F23H         LINE#         11
  -------         ENDPROC       KEY
  -------         PROC          KEY_GETSTATE
  -------         DO            
  D:0007H         SYMBOL        KeyNumber
  -------         ENDDO         
  C:0BD2H         LINE#         32
  C:0BD2H         LINE#         33
  C:0BD2H         LINE#         34
  C:0BD4H         LINE#         36
  C:0BDFH         LINE#         37
  C:0BEBH         LINE#         38
  C:0BF7H         LINE#         39
  C:0C03H         LINE#         41
  C:0C03H         LINE#         42
  -------         ENDPROC       KEY_GETSTATE
  -------         PROC          KEY_LOOP
  -------         DO            
  D:003EH         SYMBOL        NowState
  D:003FH         SYMBOL        LastState
  -------         ENDDO         
  C:0AB9H         LINE#         69
  C:0AB9H         LINE#         71
  C:0ABCH         LINE#         72
BL51 BANKED LINKER/LOCATER V6.22                                                      06/13/2026  22:18:59  PAGE 5


  C:0AC1H         LINE#         80
  C:0ACAH         LINE#         81
  C:0ACDH         LINE#         82
  C:0ACDH         LINE#         83
  C:0AD6H         LINE#         84
  C:0AD9H         LINE#         85
  C:0AD9H         LINE#         86
  C:0AE2H         LINE#         87
  C:0AE5H         LINE#         88
  C:0AE5H         LINE#         89
  C:0AEEH         LINE#         90
  C:0AF1H         LINE#         91
  C:0AF1H         LINE#         93
  C:0AF3H         LINE#         94
  -------         ENDPROC       KEY_LOOP
  -------         ENDMOD        KEY

  -------         MODULE        LCD1602
  C:0000H         SYMBOL        _ICE_DUMMY_
  D:0080H         PUBLIC        P0
  D:00A0H         PUBLIC        P2
  C:0EC9H         PUBLIC        _LCD_WriteCommand
  C:0D76H         PUBLIC        _LCD_ShowNum
  C:0B67H         PUBLIC        _LCD_ShowBinNum
  C:0EA7H         PUBLIC        LCD_Delay
  C:0B2EH         PUBLIC        _LCD_ShowHexNum
  C:0D6CH         PUBLIC        _LCD_WriteData
  B:00A0H.7       PUBLIC        LCD_EN
  C:0E8DH         PUBLIC        LCD_Init
  C:0CAEH         PUBLIC        _LCD_ShowString
  C:0ED3H         PUBLIC        _LCD_ShowChar
  B:00A0H.6       PUBLIC        LCD_RS
  B:00A0H.5       PUBLIC        LCD_RW
  C:0E4DH         PUBLIC        _LCD_SetCursor
  C:0AF4H         PUBLIC        _LCD_ShowSignedNum
  C:0BABH         PUBLIC        _LCD_Pow
  -------         PROC          L?0048
  -------         ENDPROC       L?0048
  -------         PROC          LCD_DELAY
  -------         DO            
  D:0007H         SYMBOL        i
  D:0006H         SYMBOL        j
  -------         ENDDO         
  C:0EA7H         LINE#         15
  C:0EA7H         LINE#         16
  C:0EA7H         LINE#         19
  C:0EA9H         LINE#         20
  C:0EABH         LINE#         22
  C:0EABH         LINE#         23
  C:0EADH         LINE#         24
  C:0EAFH         LINE#         25
  -------         ENDPROC       LCD_DELAY
  -------         PROC          _LCD_WRITECOMMAND
  D:0007H         SYMBOL        Command
  C:0EC9H         LINE#         32
  C:0EC9H         LINE#         33
  C:0EC9H         LINE#         34
BL51 BANKED LINKER/LOCATER V6.22                                                      06/13/2026  22:18:59  PAGE 6


  C:0ECBH         LINE#         35
  C:0ECBH         LINE#         36
  C:0ECBH         LINE#         37
  C:0ECBH         LINE#         38
  C:0ECEH         LINE#         39
  C:0ED0H         LINE#         40
  -------         ENDPROC       _LCD_WRITECOMMAND
  -------         PROC          L?0047
  -------         ENDPROC       L?0047
  -------         PROC          _LCD_WRITEDATA
  D:0007H         SYMBOL        Data
  C:0D6CH         LINE#         48
  C:0D6CH         LINE#         49
  C:0D6CH         LINE#         50
  C:0D6EH         LINE#         51
  C:0D6EH         LINE#         52
  C:0D6EH         LINE#         53
  C:0D6EH         LINE#         54
  C:0D71H         LINE#         55
  C:0D73H         LINE#         56
  -------         ENDPROC       _LCD_WRITEDATA
  -------         PROC          _LCD_SETCURSOR
  D:0006H         SYMBOL        Line
  D:0005H         SYMBOL        Column
  C:0E4DH         LINE#         65
  C:0E4FH         LINE#         66
  C:0E4FH         LINE#         67
  C:0E52H         LINE#         68
  C:0E52H         LINE#         69
  C:0E54H         LINE#         70
  C:0E56H         LINE#         71
  C:0E59H         LINE#         72
  C:0E59H         LINE#         73
  C:0E62H         LINE#         74
  C:0E62H         LINE#         75
  -------         ENDPROC       _LCD_SETCURSOR
  -------         PROC          LCD_INIT
  C:0E8DH         LINE#         82
  C:0E8DH         LINE#         83
  C:0E8DH         LINE#         84
  C:0E92H         LINE#         85
  C:0E97H         LINE#         86
  C:0E9CH         LINE#         87
  -------         ENDPROC       LCD_INIT
  -------         PROC          _LCD_SHOWCHAR
  D:0006H         SYMBOL        Line
  D:0005H         SYMBOL        Column
  D:0004H         SYMBOL        Char
  C:0ED3H         LINE#         97
  C:0ED5H         LINE#         98
  C:0ED5H         LINE#         99
  C:0ED8H         LINE#         100
  -------         ENDPROC       _LCD_SHOWCHAR
  -------         PROC          _LCD_SHOWSTRING
  D:0007H         SYMBOL        Line
  D:0005H         SYMBOL        Column
  D:0041H         SYMBOL        String
BL51 BANKED LINKER/LOCATER V6.22                                                      06/13/2026  22:18:59  PAGE 7


  -------         DO            
  D:0005H         SYMBOL        i
  -------         ENDDO         
  C:0CAEH         LINE#         110
  C:0CB4H         LINE#         111
  C:0CB4H         LINE#         113
  C:0CB7H         LINE#         114
  C:0CCAH         LINE#         115
  C:0CCAH         LINE#         116
  C:0CCDH         LINE#         117
  C:0CD0H         LINE#         118
  -------         ENDPROC       _LCD_SHOWSTRING
  C:0BA1H         SYMBOL        L?0046
  -------         PROC          L?0045
  -------         ENDPROC       L?0045
  C:0BA1H         SYMBOL        L?0046
  -------         PROC          _LCD_POW
  D:003AH         SYMBOL        X
  D:003CH         SYMBOL        Y
  -------         DO            
  D:0003H         SYMBOL        i
  D:0006H         SYMBOL        Result
  -------         ENDDO         
  C:0BABH         LINE#         123
  C:0BB3H         LINE#         124
  C:0BB3H         LINE#         126
  C:0BB7H         LINE#         127
  C:0BC7H         LINE#         128
  C:0BC7H         LINE#         129
  C:0BCEH         LINE#         130
  C:0BD1H         LINE#         131
  C:0BD1H         LINE#         132
  -------         ENDPROC       _LCD_POW
  -------         PROC          _LCD_SHOWNUM
  D:0007H         SYMBOL        Line
  D:0005H         SYMBOL        Column
  D:002DH         SYMBOL        Number
  D:002FH         SYMBOL        Length
  -------         DO            
  D:0002H         SYMBOL        i
  -------         ENDDO         
  C:0D76H         LINE#         142
  C:0D7AH         LINE#         143
  C:0D7AH         LINE#         145
  C:0D7DH         LINE#         146
  C:0D85H         LINE#         147
  C:0D85H         LINE#         148
  C:0D8FH         LINE#         149
  C:0D92H         LINE#         150
  -------         ENDPROC       _LCD_SHOWNUM
  -------         PROC          _LCD_SHOWSIGNEDNUM
  D:0007H         SYMBOL        Line
  D:0005H         SYMBOL        Column
  D:0002H         SYMBOL        Number
  D:0022H         SYMBOL        Length
  -------         DO            
  D:0002H         SYMBOL        i
BL51 BANKED LINKER/LOCATER V6.22                                                      06/13/2026  22:18:59  PAGE 8


  D:0023H         SYMBOL        Number1
  -------         ENDDO         
  C:0AF4H         LINE#         160
  C:0AF4H         LINE#         161
  C:0AF4H         LINE#         164
  C:0AF7H         LINE#         165
  C:0AFFH         LINE#         166
  C:0AFFH         LINE#         167
  C:0B04H         LINE#         168
  C:0B08H         LINE#         169
  C:0B0AH         LINE#         171
  C:0B0AH         LINE#         172
  C:0B0FH         LINE#         173
  C:0B18H         LINE#         174
  C:0B18H         LINE#         175
  C:0B20H         LINE#         176
  C:0B20H         LINE#         177
  C:0B2AH         LINE#         178
  C:0B2DH         LINE#         179
  -------         ENDPROC       _LCD_SHOWSIGNEDNUM
  -------         PROC          _LCD_SHOWHEXNUM
  D:0007H         SYMBOL        Line
  D:0005H         SYMBOL        Column
  D:0032H         SYMBOL        Number
  D:0034H         SYMBOL        Length
  -------         DO            
  D:0002H         SYMBOL        i
  D:0006H         SYMBOL        SingleNumber
  -------         ENDDO         
  C:0B2EH         LINE#         189
  C:0B32H         LINE#         190
  C:0B32H         LINE#         192
  C:0B35H         LINE#         193
  C:0B3DH         LINE#         194
  C:0B3DH         LINE#         195
  C:0B53H         LINE#         196
  C:0B59H         LINE#         197
  C:0B59H         LINE#         198
  C:0B5BH         LINE#         199
  C:0B5DH         LINE#         201
  C:0B5DH         LINE#         202
  C:0B63H         LINE#         203
  C:0B63H         LINE#         204
  C:0B66H         LINE#         205
  -------         ENDPROC       _LCD_SHOWHEXNUM
  -------         PROC          _LCD_SHOWBINNUM
  D:0007H         SYMBOL        Line
  D:0005H         SYMBOL        Column
  D:0037H         SYMBOL        Number
  D:0039H         SYMBOL        Length
  -------         DO            
  D:0002H         SYMBOL        i
  -------         ENDDO         
  C:0B67H         LINE#         215
  C:0B6BH         LINE#         216
  C:0B6BH         LINE#         218
  C:0B6EH         LINE#         219
BL51 BANKED LINKER/LOCATER V6.22                                                      06/13/2026  22:18:59  PAGE 9


  C:0B76H         LINE#         220
  C:0B76H         LINE#         221
  C:0B9BH         LINE#         222
  C:0B9EH         LINE#         223
  -------         ENDPROC       _LCD_SHOWBINNUM
  -------         ENDMOD        LCD1602

  -------         MODULE        I2C
  C:0000H         SYMBOL        _ICE_DUMMY_
  B:00A0H.1       PUBLIC        I2C_SCL
  D:00A0H         PUBLIC        P2
  C:0F05H         PUBLIC        I2C_Start
  C:0EDDH         PUBLIC        _I2C_SendAck
  C:0C60H         PUBLIC        _I2C_SendByte
  C:0F17H         PUBLIC        I2C_Stop
  C:0EBDH         PUBLIC        I2C_ReceiveAck
  B:00A0H.0       PUBLIC        I2C_SDA
  C:0E35H         PUBLIC        I2C_ReceiveByte
  -------         PROC          I2C_START
  C:0F05H         LINE#         12
  C:0F05H         LINE#         14
  C:0F07H         LINE#         15
  C:0F09H         LINE#         17
  C:0F0BH         LINE#         18
  C:0F0DH         LINE#         20
  -------         ENDPROC       I2C_START
  -------         PROC          I2C_STOP
  C:0F17H         LINE#         27
  C:0F17H         LINE#         29
  C:0F19H         LINE#         32
  C:0F1BH         LINE#         33
  C:0F1DH         LINE#         35
  -------         ENDPROC       I2C_STOP
  -------         PROC          _I2C_SENDBYTE
  D:0005H         SYMBOL        Byte
  -------         DO            
  D:0004H         SYMBOL        i
  -------         ENDDO         
  C:0C60H         LINE#         43
  C:0C62H         LINE#         46
  C:0C64H         LINE#         47
  C:0C82H         LINE#         50
  C:0C84H         LINE#         51
  C:0C86H         LINE#         52
  C:0C8AH         LINE#         53
  -------         ENDPROC       _I2C_SENDBYTE
  -------         PROC          I2C_RECEIVEBYTE
  -------         DO            
  D:0006H         SYMBOL        i
  D:0007H         SYMBOL        Byte
  -------         ENDDO         
  C:0E35H         LINE#         61
  C:0E35H         LINE#         62
  C:0E35H         LINE#         64
  C:0E37H         LINE#         67
  C:0E39H         LINE#         69
  C:0E3AH         LINE#         70
BL51 BANKED LINKER/LOCATER V6.22                                                      06/13/2026  22:18:59  PAGE 10


  C:0E3EH         LINE#         72
  C:0E40H         LINE#         74
  C:0E46H         LINE#         75
  C:0E48H         LINE#         76
  C:0E4CH         LINE#         79
  C:0E4CH         LINE#         80
  -------         ENDPROC       I2C_RECEIVEBYTE
  -------         PROC          _I2C_SENDACK
  D:0007H         SYMBOL        AckBit
  C:0EDDH         LINE#         89
  C:0EDDH         LINE#         90
  C:0EE2H         LINE#         91
  C:0EE4H         LINE#         92
  C:0EE6H         LINE#         93
  -------         ENDPROC       _I2C_SENDACK
  -------         PROC          I2C_RECEIVEACK
  -------         DO            
  D:0007H         SYMBOL        AckBit
  -------         ENDDO         
  C:0EBDH         LINE#         110
  C:0EBDH         LINE#         112
  C:0EBFH         LINE#         113
  C:0EC1H         LINE#         114
  C:0EC6H         LINE#         115
  C:0EC8H         LINE#         116
  C:0EC8H         LINE#         117
  -------         ENDPROC       I2C_RECEIVEACK
  -------         ENDMOD        I2C

  -------         MODULE        AT24C02
  C:0000H         SYMBOL        _ICE_DUMMY_
  C:0C04H         PUBLIC        _AT24C02_ReadByte
  C:0CF4H         PUBLIC        _AT24C02_WriteByte
  -------         PROC          _AT24C02_WRITEBYTE
  D:0047H         SYMBOL        WordAddress
  D:0048H         SYMBOL        Data
  C:0CF4H         LINE#         16
  C:0CF8H         LINE#         17
  C:0CFBH         LINE#         18
  C:0D00H         LINE#         19
  C:0D03H         LINE#         20
  C:0D08H         LINE#         22
  C:0D0BH         LINE#         23
  C:0D10H         LINE#         25
  C:0D13H         LINE#         26
  -------         ENDPROC       _AT24C02_WRITEBYTE
  -------         PROC          _AT24C02_READBYTE
  D:0049H         SYMBOL        WordAddress
  -------         DO            
  D:004AH         SYMBOL        Data
  -------         ENDDO         
  C:0C04H         LINE#         36
  C:0C06H         LINE#         38
  C:0C09H         LINE#         39
  C:0C0EH         LINE#         40
  C:0C11H         LINE#         41
  C:0C16H         LINE#         42
BL51 BANKED LINKER/LOCATER V6.22                                                      06/13/2026  22:18:59  PAGE 11


  C:0C19H         LINE#         44
  C:0C1CH         LINE#         46
  C:0C21H         LINE#         47
  C:0C24H         LINE#         49
  C:0C29H         LINE#         50
  C:0C2EH         LINE#         51
  C:0C31H         LINE#         53
  C:0C33H         LINE#         54
  -------         ENDPROC       _AT24C02_READBYTE
  -------         ENDMOD        AT24C02

  -------         MODULE        TIMER0
  C:0000H         SYMBOL        _ICE_DUMMY_
  B:00A8H.7       PUBLIC        EA
  D:0089H         PUBLIC        TMOD
  B:00A8H.1       PUBLIC        ET0
  B:0088H.5       PUBLIC        TF0
  C:0E78H         PUBLIC        Timer0Init
  D:008CH         PUBLIC        TH0
  D:008AH         PUBLIC        TL0
  B:0088H.4       PUBLIC        TR0
  -------         PROC          TIMER0INIT
  C:0E78H         LINE#         3
  C:0E78H         LINE#         4
  C:0E78H         LINE#         5
  C:0E7BH         LINE#         6
  C:0E7EH         LINE#         7
  C:0E81H         LINE#         8
  C:0E84H         LINE#         10
  C:0E86H         LINE#         11
  C:0E88H         LINE#         13
  C:0E8AH         LINE#         14
  C:0E8CH         LINE#         15
  -------         ENDPROC       TIMER0INIT
  -------         ENDMOD        TIMER0

  -------         MODULE        NIXIE
  C:0000H         SYMBOL        _ICE_DUMMY_
  D:0009H         PUBLIC        Nixie_Buf
  C:0A56H         PUBLIC        _Nixie
  D:0080H         PUBLIC        P0
  B:00A0H.2       PUBLIC        P2_2
  B:00A0H.3       PUBLIC        P2_3
  B:00A0H.4       PUBLIC        P2_4
  C:0F0EH         PUBLIC        _Nixie_Scan
  D:0012H         PUBLIC        NixieTable
  C:0E03H         PUBLIC        Nixie_Loop
  -------         PROC          _NIXIE_SCAN
  D:0007H         SYMBOL        Location
  D:0004H         SYMBOL        Number
  C:0F0EH         LINE#         14
  C:0F0EH         LINE#         15
  C:0F0EH         LINE#         16
  C:0F16H         LINE#         17
  -------         ENDPROC       _NIXIE_SCAN
  -------         PROC          _NIXIE
  D:0007H         SYMBOL        Location
BL51 BANKED LINKER/LOCATER V6.22                                                      06/13/2026  22:18:59  PAGE 12


  D:0005H         SYMBOL        Number
  C:0A56H         LINE#         19
  C:0A56H         LINE#         20
  C:0A83H         LINE#         22
  C:0A87H         LINE#         23
  C:0A8BH         LINE#         24
  C:0A8FH         LINE#         25
  C:0A93H         LINE#         26
  C:0A9BH         LINE#         27
  C:0AA3H         LINE#         28
  C:0AABH         LINE#         29
  C:0AB1H         LINE#         30
  C:0AB1H         LINE#         31
  C:0AB8H         LINE#         35
  -------         ENDPROC       _NIXIE
  -------         PROC          NIXIE_LOOP
  -------         DO            
  D:0008H         SYMBOL        i
  -------         ENDDO         
  C:0E03H         LINE#         41
  C:0E03H         LINE#         45
  C:0E0FH         LINE#         46
  C:0E11H         LINE#         47
  C:0E1BH         LINE#         49
  -------         ENDPROC       NIXIE_LOOP
  -------         ENDMOD        NIXIE

  -------         MODULE        DS18820
  C:0000H         SYMBOL        _ICE_DUMMY_
  C:0EB0H         PUBLIC        DS18B20_ConvertT
  C:0C34H         PUBLIC        DS18B20_ReadT
  -------         PROC          DS18B20_CONVERTT
  C:0EB0H         LINE#         14
  C:0EB0H         LINE#         15
  C:0EB3H         LINE#         16
  C:0EB8H         LINE#         17
  -------         ENDPROC       DS18B20_CONVERTT
  -------         PROC          DS18B20_READT
  -------         DO            
  D:004BH         SYMBOL        TLSB
  D:0007H         SYMBOL        TMSB
  D:0006H         SYMBOL        Temp
  D:0004H         SYMBOL        T
  -------         ENDDO         
  C:0C34H         LINE#         25
  C:0C34H         LINE#         29
  C:0C37H         LINE#         30
  C:0C3CH         LINE#         31
  C:0C41H         LINE#         33
  C:0C46H         LINE#         34
  C:0C49H         LINE#         39
  C:0C4EH         LINE#         40
  C:0C5FH         LINE#         42
  C:0C5FH         LINE#         43
  -------         ENDPROC       DS18B20_READT
  -------         ENDMOD        DS18820

BL51 BANKED LINKER/LOCATER V6.22                                                      06/13/2026  22:18:59  PAGE 13


  -------         MODULE        ONEWIRE
  C:0000H         SYMBOL        _ICE_DUMMY_
  D:00B0H         PUBLIC        P3
  B:00A8H.7       PUBLIC        EA
  C:0DCDH         PUBLIC        OneWire_ReceiveBit
  D:0044H         PUBLIC        AckBit
  B:00B0H.7       PUBLIC        OneWire_DQ
  C:0D37H         PUBLIC        OneWire_Init
  C:0E1CH         PUBLIC        _OneWire_SendByte
  C:0DE9H         PUBLIC        _OneWire_SendBit
  D:0045H         PUBLIC        i
  D:0046H         PUBLIC        j
  C:0DB0H         PUBLIC        OneWire_ReceiveByte
  -------         PROC          ONEWIRE_INIT
  C:0D37H         LINE#         8
  C:0D37H         LINE#         12
  C:0D39H         LINE#         13
  C:0D3BH         LINE#         14
  C:0D41H         LINE#         15
  C:0D43H         LINE#         16
  C:0D49H         LINE#         17
  C:0D4FH         LINE#         18
  C:0D55H         LINE#         19
  C:0D57H         LINE#         20
  -------         ENDPROC       ONEWIRE_INIT
  -------         PROC          _ONEWIRE_SENDBIT
  D:0007H         SYMBOL        Bit
  C:0DE9H         LINE#         22
  C:0DE9H         LINE#         23
  C:0DEBH         LINE#         25
  C:0DEDH         LINE#         26
  C:0DF3H         LINE#         27
  C:0DF8H         LINE#         28
  C:0DFEH         LINE#         29
  C:0E00H         LINE#         31
  C:0E02H         LINE#         32
  -------         ENDPROC       _ONEWIRE_SENDBIT
  -------         PROC          ONEWIRE_RECEIVEBIT
  -------         DO            
  D:0007H         SYMBOL        i
  D:0006H         SYMBOL        Bit
  -------         ENDDO         
  C:0DCDH         LINE#         34
  C:0DCDH         LINE#         38
  C:0DCFH         LINE#         39
  C:0DD1H         LINE#         40
  C:0DD5H         LINE#         41
  C:0DD7H         LINE#         42
  C:0DDBH         LINE#         43
  C:0DE0H         LINE#         44
  C:0DE4H         LINE#         46
  C:0DE6H         LINE#         48
  C:0DE8H         LINE#         49
  -------         ENDPROC       ONEWIRE_RECEIVEBIT
  -------         PROC          _ONEWIRE_SENDBYTE
  D:0006H         SYMBOL        Byte
  -------         DO            
BL51 BANKED LINKER/LOCATER V6.22                                                      06/13/2026  22:18:59  PAGE 14


  D:0005H         SYMBOL        i
  -------         ENDDO         
  C:0E1CH         LINE#         52
  C:0E1EH         LINE#         54
  C:0E20H         LINE#         55
  C:0E30H         LINE#         56
  C:0E34H         LINE#         57
  -------         ENDPROC       _ONEWIRE_SENDBYTE
  -------         PROC          ONEWIRE_RECEIVEBYTE
  -------         DO            
  D:0004H         SYMBOL        i
  D:0005H         SYMBOL        Byte
  -------         ENDDO         
  C:0DB0H         LINE#         60
  C:0DB0H         LINE#         62
  C:0DB2H         LINE#         63
  C:0DB3H         LINE#         64
  C:0DB9H         LINE#         65
  C:0DC6H         LINE#         66
  C:0DC6H         LINE#         67
  C:0DCAH         LINE#         69
  C:0DCCH         LINE#         70
  -------         ENDPROC       ONEWIRE_RECEIVEBYTE
  -------         ENDMOD        ONEWIRE

  -------         MODULE        BUZZER
  C:0000H         SYMBOL        _ICE_DUMMY_
  D:00A0H         PUBLIC        P2
  C:0CD1H         PUBLIC        Buzzer_Loop
  B:00A0H.5       PUBLIC        Buzzer
  D:0026H         PUBLIC        BuzzerState
  C:0EFBH         PUBLIC        Buzzer_Stop
  C:0F24H         PUBLIC        Buzzer_Delay500us
  D:0028H         PUBLIC        BuzzerRemain
  D:002AH         PUBLIC        BuzzerActive
  C:0EF1H         PUBLIC        _Buzzer_Start
  C:0EE7H         PUBLIC        Buzzer_Init
  -------         PROC          BUZZER_DELAY500US
  -------         DO            
  D:0007H         SYMBOL        i
  -------         ENDDO         
  C:0F24H         LINE#         17
  C:0F24H         LINE#         20
  C:0F25H         LINE#         21
  C:0F27H         LINE#         22
  C:0F29H         LINE#         23
  -------         ENDPROC       BUZZER_DELAY500US
  -------         PROC          BUZZER_INIT
  C:0EE7H         LINE#         25
  C:0EE7H         LINE#         26
  C:0EE9H         LINE#         27
  C:0EECH         LINE#         28
  C:0EF0H         LINE#         29
  -------         ENDPROC       BUZZER_INIT
  -------         PROC          _BUZZER_START
  D:0006H         SYMBOL        ms
  C:0EF1H         LINE#         31
BL51 BANKED LINKER/LOCATER V6.22                                                      06/13/2026  22:18:59  PAGE 15


  C:0EF1H         LINE#         32
  C:0EF4H         LINE#         33
  C:0EF8H         LINE#         34
  C:0EFAH         LINE#         35
  -------         ENDPROC       _BUZZER_START
  -------         PROC          BUZZER_STOP
  C:0EFBH         LINE#         37
  C:0EFBH         LINE#         38
  C:0EFEH         LINE#         39
  C:0F02H         LINE#         40
  C:0F04H         LINE#         41
  -------         ENDPROC       BUZZER_STOP
  -------         PROC          BUZZER_LOOP
  -------         DO            
  D:0025H         SYMBOL        ms_counter
  -------         ENDDO         
  C:0CD1H         LINE#         43
  C:0CD1H         LINE#         46
  C:0CD5H         LINE#         47
  C:0CD7H         LINE#         48
  C:0CDEH         LINE#         49
  C:0CE1H         LINE#         50
  C:0CE9H         LINE#         51
  C:0CEFH         LINE#         52
  C:0CF1H         LINE#         53
  C:0CF3H         LINE#         54
  C:0CF3H         LINE#         55
  C:0CF3H         LINE#         56
  C:0CF3H         LINE#         57
  -------         ENDPROC       BUZZER_LOOP
  -------         ENDMOD        BUZZER

  -------         MODULE        ?C?FPDIV
  C:0803H         PUBLIC        ?C?FPDIV
  -------         ENDMOD        ?C?FPDIV

  -------         MODULE        ?C?FCAST
  C:08AAH         PUBLIC        ?C?FCASTC
  C:08A5H         PUBLIC        ?C?FCASTI
  C:08A0H         PUBLIC        ?C?FCASTL
  -------         ENDMOD        ?C?FCAST

  -------         MODULE        ?C?CLDOPTR
  C:0928H         PUBLIC        ?C?CLDOPTR
  -------         ENDMOD        ?C?CLDOPTR

  -------         MODULE        ?C?IMUL
  C:0955H         PUBLIC        ?C?IMUL
  -------         ENDMOD        ?C?IMUL

  -------         MODULE        ?C?UIDIV
  C:0967H         PUBLIC        ?C?UIDIV
  -------         ENDMOD        ?C?UIDIV

  -------         MODULE        ?C?LNEG
  C:09BCH         PUBLIC        ?C?LNEG
  -------         ENDMOD        ?C?LNEG
BL51 BANKED LINKER/LOCATER V6.22                                                      06/13/2026  22:18:59  PAGE 16



******************************************************************************
* RESTRICTED VERSION WITH 0800H BYTE CODE SIZE LIMIT; USED: 04D3H BYTE (60%) *
******************************************************************************

Program Size: data=77.0 xdata=0 code=1837
LINK/LOCATE RUN COMPLETE.  0 WARNING(S),  0 ERROR(S)
