C51 COMPILER V9.54   TIMER0                                                                06/11/2026 16:13:28 PAGE 1   


C51 COMPILER V9.54, COMPILATION OF MODULE TIMER0
OBJECT MODULE PLACED IN .\Objects\Timer0.obj
COMPILER INVOKED BY: D:\Keil_v5\C51\BIN\C51.EXE Timer0.c OPTIMIZE(8,SPEED) BROWSE DEBUG OBJECTEXTEND PRINT(.\Listings\Ti
                    -mer0.lst) OBJECT(.\Objects\Timer0.obj)

line level    source

   1          #include <REGX52.H>
   2          
   3          void Timer0Init(void)           //1毫秒@12.000MHz
   4          {
   5   1              TMOD &= 0xF0;           //设置定时器模式
   6   1              TMOD |= 0x01;           //设置定时器模式
   7   1              TL0 = 0x18;             //设置定时初值
   8   1              TH0 = 0xFC;             //设置定时初值
   9   1              
  10   1              TF0 = 0;                //清除TF0标志
  11   1              TR0 = 1;                //定时器0开始计时
  12   1              
  13   1              ET0 = 1;    //注意需要加上通道启动的控制
  14   1          EA = 1;     // ← 加上这行
  15   1      }
  16          
  17          ////unsigned int T0Count;
  18          //void Timer0_Routine() interrupt 1{
  19          //      static unsigned int T0Count;
  20          //      TL0=0x18;
  21          //      TH0=0xFC;
  22          //      T0Count++;
  23          //      if(T0Count>=1000){
  24          //              T0Count=0; // 定时器重置
  25          //      }
  26          
  27          //}


MODULE INFORMATION:   STATIC OVERLAYABLE
   CODE SIZE        =     21    ----
   CONSTANT SIZE    =   ----    ----
   XDATA SIZE       =   ----    ----
   PDATA SIZE       =   ----    ----
   DATA SIZE        =   ----    ----
   IDATA SIZE       =   ----    ----
   BIT SIZE         =   ----    ----
END OF MODULE INFORMATION.


C51 COMPILATION COMPLETE.  0 WARNING(S),  0 ERROR(S)
