C51 COMPILER V9.54   MAIN                                                                  06/01/2026 21:36:57 PAGE 1   


C51 COMPILER V9.54, COMPILATION OF MODULE MAIN
OBJECT MODULE PLACED IN .\Objects\main.obj
COMPILER INVOKED BY: D:\Keil_v5\C51\BIN\C51.EXE main.c OPTIMIZE(8,SPEED) BROWSE DEBUG OBJECTEXTEND PRINT(.\Listings\main
                    -.lst) OBJECT(.\Objects\main.obj)

line level    source

   1          #include <REGX51.H>
   2          #include <INTRINS.H>
   3          
   4          unsigned char code NixieTable[] = {0x3F,0x06,0x5B,0x4F,0x66,0x6D,0x7D,0x07,0x7F,0x6F};
   5          
   6          unsigned int displayValue = 123;  // 要显示的数字
   7          unsigned char displayBuff[3];      // 显示缓冲区 {百位,十位,个位}
   8          unsigned char scanIndex = 0;       // 当前扫描的位置
   9          
  10          void Nixie(unsigned char Location, unsigned char Number) {
  11   1          if(Number > 9) Number = 0;
  12   1          
  13   1          switch(Location) {
  14   2              case 1: P2_4=1; P2_3=1; P2_2=1; break;
  15   2              case 2: P2_4=1; P2_3=1; P2_2=0; break;
  16   2              case 3: P2_4=1; P2_3=0; P2_2=1; break;
  17   2              case 4: P2_4=1; P2_3=0; P2_2=0; break;
  18   2              case 5: P2_4=0; P2_3=1; P2_2=1; break;
  19   2              case 6: P2_4=0; P2_3=1; P2_2=0; break;
  20   2              case 7: P2_4=0; P2_3=0; P2_2=1; break;
  21   2              case 8: P2_4=0; P2_3=0; P2_2=0; break;
  22   2              default: return;
  23   2          }
  24   1          P0 = NixieTable[Number];
  25   1      }
  26          
  27          // 更新显示缓冲区
  28          void UpdateDisplay(unsigned int num) {
  29   1          if(num > 999) num = 999;
  30   1          displayBuff[0] = num / 100;       // 百位
  31   1          displayBuff[1] = (num % 100) / 10; // 十位
  32   1          displayBuff[2] = num % 10;         // 个位
  33   1      }
  34          
  35          // 定时器0初始化 (每2ms中断一次)
  36          void Timer0_Init() {
  37   1          TMOD &= 0xF0;
  38   1          TMOD |= 0x01;  // 模式1,16位定时器
  39   1          TH0 = 0xF8;    // 2ms @12MHz
  40   1          TL0 = 0x30;
  41   1          EA = 1;        // 开总中断
  42   1          ET0 = 1;       // 开定时器0中断
  43   1          TR0 = 1;       // 启动定时器
  44   1      }
  45          
  46          // 定时器中断服务函数
  47          void Timer0_Isr() interrupt 1 {
  48   1          TH0 = 0xF8;
  49   1          TL0 = 0x30;
  50   1          
  51   1          // 动态扫描：轮流显示百十个位
  52   1          switch(scanIndex) {
  53   2              case 0: Nixie(6, displayBuff[0]); break;  // 百位
  54   2              case 1: Nixie(7, displayBuff[1]); break;  // 十位
C51 COMPILER V9.54   MAIN                                                                  06/01/2026 21:36:57 PAGE 2   

  55   2              case 2: Nixie(8, displayBuff[2]); break;  // 个位
  56   2          }
  57   1          
  58   1          scanIndex++;
  59   1          if(scanIndex >= 3) scanIndex = 0;
  60   1      }
  61          
  62          void Delay(unsigned int xms) {  //@12.000MHz
  63   1          unsigned char i, j;
  64   1          while(xms--){
  65   2                      i = 2;
  66   2                      j = 239;
  67   2                      do{
  68   3                              while(--j);
  69   3                      }while(--i); // --j和j--的区别是
  70   2              }
  71   1      }
  72          
  73          void main() {
  74   1          Timer0_Init();     // 初始化定时器
  75   1          UpdateDisplay(123); // 显示123
  76   1          
  77   1          while(1) {
  78   2              // 主循环可以做其他事情
  79   2              // 显示会自动刷新
  80   2              
  81   2              // 示例：计数器
  82   2              static unsigned int cnt = 0;
  83   2              Delay(500);
  84   2              cnt++;
  85   2              if(cnt > 999) cnt = 0;
  86   2              UpdateDisplay(cnt);
  87   2          }
  88   1      }


MODULE INFORMATION:   STATIC OVERLAYABLE
   CODE SIZE        =    346    ----
   CONSTANT SIZE    =     10    ----
   XDATA SIZE       =   ----    ----
   PDATA SIZE       =   ----    ----
   DATA SIZE        =      8    ----
   IDATA SIZE       =   ----    ----
   BIT SIZE         =   ----    ----
END OF MODULE INFORMATION.


C51 COMPILATION COMPLETE.  0 WARNING(S),  0 ERROR(S)
