BL51 BANKED LINKER/LOCATER V6.22                                                        06/01/2026  21:36:58  PAGE 1


BL51 BANKED LINKER/LOCATER V6.22, INVOKED BY:
D:\KEIL_V5\C51\BIN\BL51.EXE .\Objects\main.obj TO .\Objects\Project PRINT (.\Listings\Project.m51)


MEMORY MODEL: SMALL


INPUT MODULES INCLUDED:
  .\Objects\main.obj (MAIN)
  D:\KEIL_V5\C51\LIB\C51S.LIB (?C_STARTUP)
  D:\KEIL_V5\C51\LIB\C51S.LIB (?C?UIDIV)
  D:\KEIL_V5\C51\LIB\C51S.LIB (?C_INIT)


LINK MAP OF MODULE:  .\Objects\Project (MAIN)


            TYPE    BASE      LENGTH    RELOCATION   SEGMENT NAME
            -----------------------------------------------------

            * * * * * * *   D A T A   M E M O R Y   * * * * * * *
            REG     0000H     0008H     ABSOLUTE     "REG BANK 0"
            DATA    0008H     0008H     UNIT         ?DT?MAIN
            IDATA   0010H     0001H     UNIT         ?STACK

            * * * * * * *   C O D E   M E M O R Y   * * * * * * *
            CODE    0000H     0003H     ABSOLUTE     
                    0003H     0008H                  *** GAP ***
            CODE    000BH     0003H     ABSOLUTE     
                    000EH     07F2H                  *** GAP ***
            CODE    0800H     008CH     UNIT         ?C_C51STARTUP
            CODE    088CH     006BH     UNIT         ?PR?_NIXIE?MAIN
            CODE    08F7H     0055H     UNIT         ?C?LIB_CODE
            CODE    094CH     0051H     UNIT         ?PR?TIMER0_ISR?MAIN
            CODE    099DH     0046H     UNIT         ?PR?_UPDATEDISPLAY?MAIN
            CODE    09E3H     0030H     UNIT         ?PR?MAIN?MAIN
            CODE    0A13H     0015H     UNIT         ?PR?_DELAY?MAIN
            CODE    0A28H     0013H     UNIT         ?PR?TIMER0_INIT?MAIN
            CODE    0A3BH     000CH     UNIT         ?C_INITSEG
            CODE    0A47H     000AH     UNIT         ?CO?MAIN



OVERLAY MAP OF MODULE:   .\Objects\Project (MAIN)


SEGMENT
  +--> CALLED SEGMENT
---------------------
?PR?TIMER0_ISR?MAIN
  +--> ?PR?_NIXIE?MAIN

?PR?_NIXIE?MAIN
  +--> ?CO?MAIN

*** NEW ROOT ***************************************************

?C_C51STARTUP
BL51 BANKED LINKER/LOCATER V6.22                                                      06/01/2026  21:36:58  PAGE 2


  +--> ?PR?MAIN?MAIN
  +--> ?C_INITSEG

?PR?MAIN?MAIN
  +--> ?PR?TIMER0_INIT?MAIN
  +--> ?PR?_UPDATEDISPLAY?MAIN
  +--> ?PR?_DELAY?MAIN



SYMBOL TABLE OF MODULE:  .\Objects\Project (MAIN)

  VALUE           TYPE          NAME
  ----------------------------------

  -------         MODULE        MAIN
  C:0000H         SYMBOL        _ICE_DUMMY_
  C:088CH         PUBLIC        _Nixie
  D:0080H         PUBLIC        P0
  D:000AH         PUBLIC        displayBuff
  B:00A8H.7       PUBLIC        EA
  B:00A0H.2       PUBLIC        P2_2
  B:00A0H.3       PUBLIC        P2_3
  B:00A0H.4       PUBLIC        P2_4
  D:000DH         PUBLIC        scanIndex
  C:09E3H         PUBLIC        main
  C:0A28H         PUBLIC        Timer0_Init
  D:0089H         PUBLIC        TMOD
  C:099DH         PUBLIC        _UpdateDisplay
  C:094CH         PUBLIC        Timer0_Isr
  B:00A8H.1       PUBLIC        ET0
  D:008CH         PUBLIC        TH0
  D:008AH         PUBLIC        TL0
  B:0088H.4       PUBLIC        TR0
  C:0A47H         PUBLIC        NixieTable
  C:0A13H         PUBLIC        _Delay
  D:000EH         PUBLIC        displayValue
  -------         PROC          _NIXIE
  D:0007H         SYMBOL        Location
  D:0005H         SYMBOL        Number
  C:088CH         LINE#         10
  C:088CH         LINE#         11
  C:0894H         LINE#         13
  C:08C1H         LINE#         14
  C:08C5H         LINE#         15
  C:08C9H         LINE#         16
  C:08CDH         LINE#         17
  C:08D1H         LINE#         18
  C:08D9H         LINE#         19
  C:08E1H         LINE#         20
  C:08E9H         LINE#         21
  C:08EFH         LINE#         22
  C:08EFH         LINE#         23
  C:08EFH         LINE#         24
  C:08F6H         LINE#         25
  -------         ENDPROC       _NIXIE
  -------         PROC          _UPDATEDISPLAY
BL51 BANKED LINKER/LOCATER V6.22                                                      06/01/2026  21:36:58  PAGE 3


  D:0002H         SYMBOL        num
  C:099DH         LINE#         28
  C:09A1H         LINE#         29
  C:09AEH         LINE#         30
  C:09BBH         LINE#         31
  C:09D5H         LINE#         32
  C:09E2H         LINE#         33
  -------         ENDPROC       _UPDATEDISPLAY
  -------         PROC          TIMER0_INIT
  C:0A28H         LINE#         36
  C:0A28H         LINE#         37
  C:0A2BH         LINE#         38
  C:0A2EH         LINE#         39
  C:0A31H         LINE#         40
  C:0A34H         LINE#         41
  C:0A36H         LINE#         42
  C:0A38H         LINE#         43
  C:0A3AH         LINE#         44
  -------         ENDPROC       TIMER0_INIT
  -------         PROC          TIMER0_ISR
  C:094CH         LINE#         47
  C:095DH         LINE#         48
  C:0960H         LINE#         49
  C:0963H         LINE#         52
  C:096FH         LINE#         53
  C:0975H         LINE#         54
  C:097BH         LINE#         55
  C:0982H         LINE#         56
  C:0982H         LINE#         58
  C:0984H         LINE#         59
  C:098EH         LINE#         60
  -------         ENDPROC       TIMER0_ISR
  -------         PROC          _DELAY
  D:0006H         SYMBOL        xms
  -------         DO            
  D:0005H         SYMBOL        i
  D:0004H         SYMBOL        j
  -------         ENDDO         
  C:0A13H         LINE#         62
  C:0A13H         LINE#         64
  C:0A1DH         LINE#         65
  C:0A1FH         LINE#         66
  C:0A21H         LINE#         67
  C:0A21H         LINE#         68
  C:0A23H         LINE#         69
  C:0A25H         LINE#         70
  C:0A27H         LINE#         71
  -------         ENDPROC       _DELAY
  -------         PROC          MAIN
  -------         DO            
  D:0008H         SYMBOL        cnt
  -------         ENDDO         
  C:09E3H         LINE#         73
  C:09E3H         LINE#         74
  C:09E6H         LINE#         75
  C:09EDH         LINE#         77
  C:09EDH         LINE#         83
BL51 BANKED LINKER/LOCATER V6.22                                                      06/01/2026  21:36:58  PAGE 4


  C:09F4H         LINE#         84
  C:09FCH         LINE#         85
  C:0A0AH         LINE#         86
  C:0A11H         LINE#         87
  -------         ENDPROC       MAIN
  -------         ENDMOD        MAIN

  -------         MODULE        ?C?UIDIV
  C:08F7H         PUBLIC        ?C?UIDIV
  -------         ENDMOD        ?C?UIDIV

******************************************************************************
* RESTRICTED VERSION WITH 0800H BYTE CODE SIZE LIMIT; USED: 0172H BYTE (18%) *
******************************************************************************

Program Size: data=17.0 xdata=0 code=599
LINK/LOCATE RUN COMPLETE.  0 WARNING(S),  0 ERROR(S)
