C51 COMPILER V9.54   BUZZER                                                                06/07/2026 17:33:23 PAGE 1   


C51 COMPILER V9.54, COMPILATION OF MODULE BUZZER
OBJECT MODULE PLACED IN .\Objects\Buzzer.obj
COMPILER INVOKED BY: D:\Keil_v5\C51\BIN\C51.EXE Buzzer.c OPTIMIZE(8,SPEED) BROWSE DEBUG OBJECTEXTEND PRINT(.\Listings\Bu
                    -zzer.lst) OBJECT(.\Objects\Buzzer.obj)

line level    source

   1          #include <REGX52.H>
   2          #include "Delay.h"
   3          #include "INTRINS.H"
   4          
   5          //定义蜂鸣器端口
   6          sbit Buzzer=P2^5;
   7          
   8          /**
   9            * @brief 蜂鸣器私有延时函数，延时500us
  10            * @param 无
  11            * @retval 无
  12            */
  13          void Buzzer_Delay500us(){
  14   1              unsigned char i;
  15   1      
  16   1              _nop_();
  17   1              i = 247;
  18   1              while (--i);
  19   1      }
  20          
  21          /**
  22            * @brief  蜂鸣器发声
  23            * @param ms 发声时间
  24            * @retval 无返回值
  25            */
  26          void Buzzer_Time(unsigned int ms){
  27   1              unsigned char i;
  28   1              //因为改成毫秒了，延时要×2
  29   1              for(i=0;i<ms*2;i++){
  30   2                      Buzzer=~Buzzer;
  31   2                      Buzzer_Delay500us();
  32   2              }
  33   1      }


MODULE INFORMATION:   STATIC OVERLAYABLE
   CODE SIZE        =     35    ----
   CONSTANT SIZE    =   ----    ----
   XDATA SIZE       =   ----    ----
   PDATA SIZE       =   ----    ----
   DATA SIZE        =   ----    ----
   IDATA SIZE       =   ----    ----
   BIT SIZE         =   ----    ----
END OF MODULE INFORMATION.


C51 COMPILATION COMPLETE.  0 WARNING(S),  0 ERROR(S)
