C51 COMPILER V9.54   MAIN                                                                  06/07/2026 19:15:37 PAGE 1   


C51 COMPILER V9.54, COMPILATION OF MODULE MAIN
OBJECT MODULE PLACED IN .\Objects\main.obj
COMPILER INVOKED BY: D:\Keil_v5\C51\BIN\C51.EXE main.c OPTIMIZE(8,SPEED) BROWSE DEBUG OBJECTEXTEND PRINT(.\Listings\main
                    -.lst) OBJECT(.\Objects\main.obj)

line level    source

   1          #include <REGX52.H>
   2          #include "Delay.h"
   3          #include "Nixie.h"
   4          #include "Timer0.h"
   5          
   6          sbit Buzzer=P2^5;
   7          
   8          unsigned char CountDown=60;
   9          unsigned char DisplayBuff[8]={0,0,0,0,0,0,0,0};
  10          unsigned char DisplayIndex=0;
  11          unsigned char i,j,Speed=1000;
  12          unsigned char MSCounter=60;
  13          unsigned char BuzzerCount=0;
  14          unsigned char Count=1000;
  15          
  16          // 微秒级延时（12MHz晶振，约延时 us 微秒）
  17          void Delay_us(unsigned int us) {
  18   1          while(us--) {
  19   2              // 空循环约 1μs（12MHz）
  20   2              unsigned char i = 1;
  21   2              while(i--);
  22   2          }
  23   1      }
  24          
  25          void main(){
  26   1              Timer0Init();
  27   1              while(1){
  28   2                      
  29   2              }
  30   1      }
  31          
  32          void Timer0_Routine() interrupt 1 {
  33   1              //这里注意要用unsigned int 范围 0~65535
  34   1              //char 最大只能到 127
  35   1              static unsigned int SecondCounter=0;
  36   1              static unsigned int BeepFreq = 0;        // 蜂鸣器翻转计数器
  37   1              
  38   1          TL0 = 0x18;  // 重装初值（12MHz晶振定时1ms）
  39   1          TH0 = 0xFC;
  40   1              
  41   1              //数码管扫描（每1ms刷新一位）
  42   1              Nixie(DisplayIndex + 1, DisplayBuff[DisplayIndex]);
  43   1              DisplayIndex++;
  44   1              if(DisplayIndex >= 8) {            // 8位扫描完
  45   2              DisplayIndex = 0;              // 回到第0位
  46   2          }
  47   1              
  48   1              
  49   1              //当走完到%60
  50   1              if(CountDown%BuzzerCount==6){
  51   2                      SecondCounter=500;
  52   2              }
  53   1              //当走完到%30
  54   1              if(CountDown%BuzzerCount==3){
C51 COMPILER V9.54   MAIN                                                                  06/07/2026 19:15:37 PAGE 2   

  55   2                      SecondCounter=250;
  56   2              }
  57   1              //当走完到%20
  58   1              if(CountDown%BuzzerCount==2){
  59   2                      SecondCounter=100;
  60   2              }
  61   1              //当走完到%10
  62   1              if(CountDown%BuzzerCount==1){
  63   2                      SecondCounter=10;
  64   2              }
  65   1              
  66   1              //倒计时（每秒减1）
  67   1              /*不用Delay实现，通过无延迟快速更新整个显像管*/
  68   1              SecondCounter++; //每1ms加一次
  69   1              
  70   1              if(SecondCounter>=1000){                        //每1ms加1
  71   2                      SecondCounter = 0;              // 清零，重新计数
  72   2      
  73   2                      if(CountDown>0){
  74   3                              CountDown--;
  75   3                              
  76   3                              DisplayBuff[4]=CountDown/10;
  77   3                              DisplayBuff[5]=CountDown%10;
  78   3                      }
  79   2                      
  80   2      //              if(MSCounter>0){
  81   2      //                      MSCounter--;
  82   2      //                      DisplayBuff[6]=MsCounter/100;
  83   2      //                      DisplayBuff[7]=(MsCounter%100)/10;
  84   2      //              }
  85   2      
  86   2                      for(i = 0; i < 160; i++) {
  87   3                              Buzzer = !Buzzer;
  88   3                              Delay_us(5);
  89   3                      }
  90   2                      Buzzer = 1; 
  91   2                      BuzzerCount++;
  92   2              }
  93   1      }
*** WARNING C280 IN LINE 36 OF main.c: 'BeepFreq': unreferenced local variable


MODULE INFORMATION:   STATIC OVERLAYABLE
   CODE SIZE        =    234    ----
   CONSTANT SIZE    =   ----    ----
   XDATA SIZE       =   ----    ----
   PDATA SIZE       =   ----    ----
   DATA SIZE        =     20       1
   IDATA SIZE       =   ----    ----
   BIT SIZE         =   ----    ----
END OF MODULE INFORMATION.


C51 COMPILATION COMPLETE.  1 WARNING(S),  0 ERROR(S)
