C51 COMPILER V9.54   MAIN                                                                  06/07/2026 13:13:00 PAGE 1   


C51 COMPILER V9.54, COMPILATION OF MODULE MAIN
OBJECT MODULE PLACED IN .\Objects\main.obj
COMPILER INVOKED BY: D:\Keil_v5\C51\BIN\C51.EXE main.c OPTIMIZE(8,SPEED) BROWSE DEBUG OBJECTEXTEND PRINT(.\Listings\main
                    -.lst) OBJECT(.\Objects\main.obj)

line level    source

   1          #include <REGX52.H>
   2          #include "Delay.h"
   3          #include "Key.h"
   4          #include "Nixie.h"
   5          #include "Timer0.h"
   6          #include "Buzzer.h"
   7          
   8          sbit Buzzer=P2^5;
   9          
  10          // 演奏速度定义
  11          #define SPEED           125
  12          
  13          unsigned int FreqTable[]={
  14                  63628,63731,63835,63928,64021,
  15                  64103,64185,64260,64331,64400,
  16                  64463,64524,64580,64633,64684,
  17                  64732,64777,64820,64860,64898,
  18                  64934,64968,65000,65030,65058,
  19                  65085,65110,65134,65157,65178,
  20                  65198,65217,65235,65252,65268,
  21                  65283,
  22          };
  23          
  24          // 乐谱：{音调索引, 时值} 交替存储
  25          unsigned char Music[] = {
  26              12,4,
  27              12,4,
  28              19,4,
  29              19,4,
  30                  0,4,
  31              21,4,
  32              21,4,
  33              19,8,
  34              17,4,
  35              17,4,
  36                  0,4,
  37              16,4,
  38              16,4,
  39              14,4,
  40              14,4,
  41              12,8,
  42                  
  43                  0XFF
  44          };
  45          
  46          
  47          unsigned char FreqSelect,MusicSelect;
  48          
  49          void main(){
  50   1              Timer0Init(); //忘了初始化了
  51   1          while(1)
  52   1              {
  53   2                      //如果不是终止，才执行
  54   2                      if(Music[MusicSelect]!=0xFF){
C51 COMPILER V9.54   MAIN                                                                  06/07/2026 13:13:00 PAGE 2   

  55   3                              
  56   3                              FreqSelect=Music[MusicSelect];
  57   3                              MusicSelect++;
  58   3              //              FreqSelect++;
  59   3                              
  60   3                              //根据音符，将4定义为500毫秒
  61   3                              Delay(SPEED*Music[MusicSelect]); //每隔500毫秒切换
  62   3                              
  63   3                              //注意要在结束后再++
  64   3                              MusicSelect++;
  65   3                              
  66   3                              
  67   3                              // 因为音和音没有间隔，因此停顿5毫秒
  68   3                              TR0 = 0;
  69   3                              Delay(5);
  70   3                              TR0 = 1;
  71   3                              
  72   3                              // 循环播放
  73   3      //                      if(MusicSelect >= sizeof(Music)) {
  74   3      //                              MusicSelect = 0;
  75   3      //                      }
  76   3                      }else{
  77   3                              TR0=0;
  78   3                              while(1);
  79   3                      }
  80   2          }
  81   1      }
  82          
  83          //一毫秒计时一次，因此产生了500毫秒hz的频率
  84          void Timer0_Routine() interrupt 1
  85          {
  86   1              //通过更改TL0 TH0初值，即可调整不同的蜂鸣器频率
  87   1              //通过赫兹的转位成十进制即可发出不同的音
  88   1              
  89   1              //因为TL0 TH0组合成了一个16位的
  90   1              //因此需要拆开分别赋值
  91   1              
  92   1              // 休止符定义，如果没有值就无定义
  93   1              if(FreqTable[FreqSelect]){
  94   2                      TL0=FreqTable[FreqSelect]%256;  //设置定时初值
  95   2                      
  96   2                      //1111 1100,十进制374
  97   2                      TH0=FreqTable[FreqSelect]/256;  //设置定时初值
  98   2                      
  99   2                      Buzzer=!Buzzer; //每次溢出产生中断，重置
 100   2              }
 101   1      }
 102          
 103          
 104          
 105          
 106          //#include <REGX52.H>
 107          //#include "Delay.h"
 108          //#include "Timer0.h"
 109          
 110          //sbit Buzzer = P2^5;
 111          
 112          //// 频率表
 113          //unsigned int code FreqTable[] = {
 114          //    63628, 63731, 63835, 63928, 64021,
 115          //    64103, 64185, 64260, 64331, 64400,
 116          //    64463, 64524, 64580, 64633, 64684,
C51 COMPILER V9.54   MAIN                                                                  06/07/2026 13:13:00 PAGE 3   

 117          //    64732, 64777, 64820, 64860, 64898,
 118          //    64934, 64968, 65000, 65030, 65058,
 119          //    65085, 65110, 65134, 65157, 65178,
 120          //    65198, 65217, 65235, 65252, 65268,
 121          //    65283
 122          //};
 123          
 124          //// 乐谱（《小星星》片段）
 125          //unsigned char code Music[] = {
 126          //    12, 4,   // 1
 127          //    12, 4,   // 1
 128          //    19, 4,   // 5
 129          //    19, 4,   // 5
 130          //    21, 4,   // 6
 131          //    21, 4,   // 6
 132          //    19, 8,   // 5---
 133          //    17, 4,   // 4
 134          //    17, 4,   // 4
 135          //    16, 4,   // 3
 136          //    16, 4,   // 3
 137          //    14, 4,   // 2
 138          //    14, 4,   // 2
 139          //    12, 8    // 1---
 140          //};
 141          
 142          //unsigned char FreqSelect, MusicSelect;
 143          
 144          //void main() {
 145          //    Timer0Init();
 146          //    
 147          //    while(1) {
 148          //        // 播放一个音符
 149          //        FreqSelect = Music[MusicSelect++];
 150          //        TR0 = 1;  // 开启定时器，开始发声
 151          //        Delay(125 * Music[MusicSelect++]);  // 延时音符时值
 152          //        TR0 = 0;  // 关闭定时器，停止发声
 153          //        
 154          //        // 音符间停顿
 155          //        Delay(5);
 156          //        
 157          //        // 循环播放
 158          //        if(MusicSelect >= sizeof(Music)) {
 159          //            MusicSelect = 0;
 160          //        }
 161          //    }
 162          //}
 163          
 164          //void Timer0_Routine() interrupt 1 {
 165          //    TL0 = FreqTable[FreqSelect] % 256;
 166          //    TH0 = FreqTable[FreqSelect] / 256;
 167          //    Buzzer = !Buzzer;
 168          //}


MODULE INFORMATION:   STATIC OVERLAYABLE
   CODE SIZE        =    104    ----
   CONSTANT SIZE    =   ----    ----
   XDATA SIZE       =   ----    ----
   PDATA SIZE       =   ----    ----
   DATA SIZE        =    107    ----
   IDATA SIZE       =   ----    ----
   BIT SIZE         =   ----    ----
C51 COMPILER V9.54   MAIN                                                                  06/07/2026 13:13:00 PAGE 4   

END OF MODULE INFORMATION.


C51 COMPILATION COMPLETE.  0 WARNING(S),  0 ERROR(S)
