C51 COMPILER V9.54   MAIN                                                                  06/12/2026 15:55:01 PAGE 1   


C51 COMPILER V9.54, COMPILATION OF MODULE MAIN
OBJECT MODULE PLACED IN .\Objects\main.obj
COMPILER INVOKED BY: D:\Keil_v5\C51\BIN\C51.EXE main.c OPTIMIZE(8,SPEED) BROWSE DEBUG OBJECTEXTEND PRINT(.\Listings\main
                    -.lst) OBJECT(.\Objects\main.obj)

line level    source

   1          #include <REGX52.H>
   2          #include "LCD1602.h"
   3          #include "DS18820.h"
   4          #include "Delay.h"
   5          
   6          unsigned char Ack;
   7          float Temp;
   8          int intPart;
   9          unsigned long fracPart;
  10          
  11          void main(){
  12   1              LCD_Init();
  13   1              LCD_ShowString(1,1,"Temperature:");
  14   1              
  15   1      //      LCD_ShowNum(2,1,Ack,3);
  16   1              
  17   1              while(1){
  18   2                      // 1.启动温度转换器
  19   2                      DS18B20_ConvertT();
  20   2                      
  21   2                      // 2.等待转换完成（重要！）
  22   2                      Delay(750);
  23   2                      
  24   2                      // 3.读取温度
  25   2                      Temp=DS18B20_ReadT();
  26   2                      
  27   2                      // 4.显示正负号
  28   2                      if(Temp<0){
  29   3                              LCD_ShowChar(2,1,'-');
  30   3                              Temp=-Temp;
  31   3                      }
  32   2                      else{
  33   3                              LCD_ShowChar(2,1,'+');
  34   3                      }
  35   2                      
  36   2                      // 5.分离整数和小数部分
  37   2                      intPart=(int)Temp;
  38   2                      fracPart = (unsigned long)((Temp-intPart)*10000);
  39   2                      
  40   2                      // 6.显示整数部分
  41   2                      LCD_ShowNum(2,2,intPart,3);
  42   2                      
  43   2                      
  44   2                      LCD_ShowChar(2,5,'.');
  45   2                      
  46   2                      // 8.显示小数部分
  47   2                      LCD_ShowNum(2,6,fracPart,4);
  48   2                      
  49   2                      Delay(1000);
  50   2              }
  51   1      }
  52          
  53          

C51 COMPILER V9.54   MAIN                                                                  06/12/2026 15:55:01 PAGE 2   


MODULE INFORMATION:   STATIC OVERLAYABLE
   CODE SIZE        =    205    ----
   CONSTANT SIZE    =     13    ----
   XDATA SIZE       =   ----    ----
   PDATA SIZE       =   ----    ----
   DATA SIZE        =     11    ----
   IDATA SIZE       =   ----    ----
   BIT SIZE         =   ----    ----
END OF MODULE INFORMATION.


C51 COMPILATION COMPLETE.  0 WARNING(S),  0 ERROR(S)
