C51 COMPILER V9.54   ONEWIRE                                                               06/11/2026 22:17:44 PAGE 1   


C51 COMPILER V9.54, COMPILATION OF MODULE ONEWIRE
OBJECT MODULE PLACED IN .\Objects\OneWire.obj
COMPILER INVOKED BY: D:\Keil_v5\C51\BIN\C51.EXE OneWire.c OPTIMIZE(8,SPEED) BROWSE DEBUG OBJECTEXTEND PRINT(.\Listings\O
                    -neWire.lst) OBJECT(.\Objects\OneWire.obj)

line level    source

   1          #include <REGX52.H>
   2          
   3          sbit OneWire_DQ=P3^7;
   4          
   5          unsigned char AckBit;
   6          unsigned char i, j;
   7          
   8          unsigned char OneWire_Init(void){
   9   1              /*
  10   1              根据数据手册示意，先拉高电平，再拉低
  11   1              */
  12   1              OneWire_DQ=1;
  13   1              OneWire_DQ=0;
  14   1              i = 247;while(--i);  // Delay 500us
  15   1              OneWire_DQ=1;
  16   1              i = 32;while(--i);  // Delay 70us
  17   1              AckBit=OneWire_DQ;
  18   1              i = 247;while(--i);  // Delay 500us
  19   1              return AckBit;
  20   1      }
  21          
  22          void OneWire_SendBit(unsigned char Bit){
  23   1              OneWire_DQ=0;
  24   1              i = 4;while(--i);       // Delay 10us
  25   1              OneWire_DQ=Bit;
  26   1              i = 24;while(--i);          //Delay 50us
  27   1              OneWire_DQ=1;
  28   1      }
  29          
  30          unsigned char OneWire_ReceiveBit(void){
  31   1              unsigned char i;
  32   1              unsigned char Bit;
  33   1              
  34   1              OneWire_DQ=0;                   
  35   1              i = 2;while(--i);               //Delay 5us
  36   1              OneWire_DQ=1;                   
  37   1              i = 2;while(--i);               //Delay 5us
  38   1              Bit=OneWire_DQ;
  39   1              i = 24;while(--i);          //Delay 50us
  40   1              return Bit;
  41   1      }
  42          
  43          //发送字节
  44          void OneWire_SendByte(unsigned char Byte){
  45   1              unsigned char i;
  46   1              for(i=0;i<8;i++){
  47   2                      OneWire_SendBit(Byte&(0x01<<i));
  48   2              }       
  49   1      }
  50          
  51          //接受字节
  52          unsigned char OneWire_ReceiveByte(void){
  53   1              unsigned char i;
  54   1              unsigned char Byte=0;
C51 COMPILER V9.54   ONEWIRE                                                               06/11/2026 22:17:44 PAGE 2   

  55   1              for(i=0;i<8;i++){
  56   2                      if(OneWire_ReceiveBit()){
  57   3                              Byte|=(0x01<<i);
  58   3                      }
  59   2              }
  60   1              
  61   1              return Byte;
  62   1      }


MODULE INFORMATION:   STATIC OVERLAYABLE
   CODE SIZE        =    133    ----
   CONSTANT SIZE    =   ----    ----
   XDATA SIZE       =   ----    ----
   PDATA SIZE       =   ----    ----
   DATA SIZE        =      3    ----
   IDATA SIZE       =   ----    ----
   BIT SIZE         =   ----    ----
END OF MODULE INFORMATION.


C51 COMPILATION COMPLETE.  0 WARNING(S),  0 ERROR(S)
