BL51 BANKED LINKER/LOCATER V6.22                                                        06/12/2026  15:59:56  PAGE 1


BL51 BANKED LINKER/LOCATER V6.22, INVOKED BY:
D:\KEIL_V5\C51\BIN\BL51.EXE .\Objects\main.obj, .\Objects\Delay.obj, .\Objects\Key.obj, .\Objects\LCD1602.obj, .\Objects
>> \I2C.obj, .\Objects\AT24C02.obj, .\Objects\Timer0.obj, .\Objects\Nixie.obj, .\Objects\DS18820.obj, .\Objects\OneWire.
>> obj TO .\Objects\Project PRINT (.\Listings\Project.m51) DISABLEWARNING (16)


MEMORY MODEL: SMALL WITH FLOATING POINT ARITHMETIC


INPUT MODULES INCLUDED:
  .\Objects\main.obj (MAIN)
  .\Objects\Delay.obj (DELAY)
  .\Objects\Key.obj (KEY)
  .\Objects\LCD1602.obj (LCD1602)
  .\Objects\I2C.obj (I2C)
  .\Objects\AT24C02.obj (AT24C02)
  .\Objects\Timer0.obj (TIMER0)
  .\Objects\Nixie.obj (NIXIE)
  .\Objects\DS18820.obj (DS18820)
  .\Objects\OneWire.obj (ONEWIRE)
  D:\KEIL_V5\C51\LIB\C51FPS.LIB (?C?FPADD)
  D:\KEIL_V5\C51\LIB\C51FPS.LIB (?C?FPMUL)
  D:\KEIL_V5\C51\LIB\C51FPS.LIB (?C?FPDIV)
  D:\KEIL_V5\C51\LIB\C51FPS.LIB (?C?FPCMP)
  D:\KEIL_V5\C51\LIB\C51FPS.LIB (?C?FPNEG)
  D:\KEIL_V5\C51\LIB\C51FPS.LIB (?C?FCAST)
  D:\KEIL_V5\C51\LIB\C51FPS.LIB (?C?CASTF)
  D:\KEIL_V5\C51\LIB\C51FPS.LIB (?C?FPGETOPN)
  D:\KEIL_V5\C51\LIB\C51S.LIB (?C_STARTUP)
  D:\KEIL_V5\C51\LIB\C51S.LIB (?C?CLDOPTR)
  D:\KEIL_V5\C51\LIB\C51S.LIB (?C?IMUL)
  D:\KEIL_V5\C51\LIB\C51S.LIB (?C?UIDIV)
  D:\KEIL_V5\C51\LIB\C51S.LIB (?C?LNEG)
  D:\KEIL_V5\C51\LIB\C51S.LIB (?C_INIT)


LINK MAP OF MODULE:  .\Objects\Project (MAIN)


            TYPE    BASE      LENGTH    RELOCATION   SEGMENT NAME
            -----------------------------------------------------

            * * * * * * *   D A T A   M E M O R Y   * * * * * * *
            REG     0000H     0008H     ABSOLUTE     "REG BANK 0"
            DATA    0008H     0016H     UNIT         ?DT?NIXIE
            DATA    001EH     000BH     UNIT         ?DT?MAIN
            DATA    0029H     000BH     UNIT         _DATA_GROUP_
            DATA    0034H     0007H     UNIT         ?DT?_LCD_SHOWSIGNEDNUM?LCD1602
            DATA    003BH     0005H     UNIT         ?DT?_LCD_SHOWHEXNUM?LCD1602
            DATA    0040H     0003H     UNIT         ?DT?KEY
            DATA    0043H     0003H     UNIT         ?DT?ONEWIRE
            DATA    0046H     0002H     UNIT         ?DT?_AT24C02_WRITEBYTE?AT24C02
            DATA    0048H     0002H     UNIT         ?DT?_AT24C02_READBYTE?AT24C02
            IDATA   004AH     0001H     UNIT         ?STACK

            * * * * * * *   C O D E   M E M O R Y   * * * * * * *
            CODE    0000H     0003H     ABSOLUTE     
                    0003H     07FDH                  *** GAP ***
BL51 BANKED LINKER/LOCATER V6.22                                                      06/12/2026  15:59:56  PAGE 2


            CODE    0800H     0489H     UNIT         ?C?LIB_CODE
            CODE    0C89H     00CDH     UNIT         ?PR?MAIN?MAIN
            CODE    0D56H     008CH     UNIT         ?C_C51STARTUP
            CODE    0DE2H     0063H     UNIT         ?PR?_NIXIE?NIXIE
            CODE    0E45H     004CH     UNIT         ?PR?DS18B20_READT?DS18820
            CODE    0E91H     003BH     UNIT         ?PR?KEY_LOOP?KEY
            CODE    0ECCH     003AH     UNIT         ?PR?_LCD_SHOWSIGNEDNUM?LCD1602
            CODE    0F06H     0039H     UNIT         ?PR?_LCD_SHOWHEXNUM?LCD1602
            CODE    0F3FH     0038H     UNIT         ?PR?_LCD_SHOWBINNUM?LCD1602
            CODE    0F77H     0033H     UNIT         ?PR?_LCD_POW?LCD1602
            CODE    0FAAH     0032H     UNIT         ?PR?KEY_GETSTATE?KEY
            CODE    0FDCH     0030H     UNIT         ?PR?_AT24C02_READBYTE?AT24C02
            CODE    100CH     002BH     UNIT         ?PR?_I2C_SENDBYTE?I2C
            CODE    1037H     0023H     UNIT         ?PR?_LCD_SHOWSTRING?LCD1602
            CODE    105AH     0022H     UNIT         ?PR?_AT24C02_WRITEBYTE?AT24C02
            CODE    107CH     0021H     UNIT         ?PR?ONEWIRE_INIT?ONEWIRE
            CODE    109DH     001EH     UNIT         ?PR?_LCD_WRITEDATA?LCD1602
            CODE    10BBH     001DH     UNIT         ?PR?_LCD_SHOWNUM?LCD1602
            CODE    10D8H     001DH     UNIT         ?PR?ONEWIRE_RECEIVEBYTE?ONEWIRE
            CODE    10F5H     0019H     UNIT         ?PR?NIXIE_LOOP?NIXIE
            CODE    110EH     0019H     UNIT         ?PR?_ONEWIRE_SENDBYTE?ONEWIRE
            CODE    1127H     0018H     UNIT         ?PR?I2C_RECEIVEBYTE?I2C
            CODE    113FH     0018H     UNIT         ?PR?ONEWIRE_RECEIVEBIT?ONEWIRE
            CODE    1157H     0016H     UNIT         ?PR?_LCD_SETCURSOR?LCD1602
            CODE    116DH     0016H     UNIT         ?PR?_ONEWIRE_SENDBIT?ONEWIRE
            CODE    1183H     0015H     UNIT         ?PR?_DELAY?DELAY
            CODE    1198H     0015H     UNIT         ?PR?TIMER0INIT?TIMER0
            CODE    11ADH     0014H     UNIT         ?PR?LCD_INIT?LCD1602
            CODE    11C1H     000FH     UNIT         ?PR?LCD_DELAY?LCD1602
            CODE    11D0H     000FH     UNIT         ?C_INITSEG
            CODE    11DFH     000DH     UNIT         ?CO?MAIN
            CODE    11ECH     000DH     UNIT         ?PR?DS18B20_CONVERTT?DS18820
            CODE    11F9H     000CH     UNIT         ?PR?I2C_RECEIVEACK?I2C
            CODE    1205H     000AH     UNIT         ?PR?_LCD_WRITECOMMAND?LCD1602
            CODE    120FH     000AH     UNIT         ?PR?_LCD_SHOWCHAR?LCD1602
            CODE    1219H     000AH     UNIT         ?PR?_I2C_SENDACK?I2C
            CODE    1223H     0009H     UNIT         ?PR?I2C_START?I2C
            CODE    122CH     0009H     UNIT         ?PR?_NIXIE_SCAN?NIXIE
            CODE    1235H     0007H     UNIT         ?PR?I2C_STOP?I2C
            CODE    123CH     0006H     UNIT         ?PR?KEY?KEY



OVERLAY MAP OF MODULE:   .\Objects\Project (MAIN)


SEGMENT                                   DATA_GROUP 
  +--> CALLED SEGMENT                   START    LENGTH
-------------------------------------------------------
?C_C51STARTUP                           -----    -----
  +--> ?PR?MAIN?MAIN
  +--> ?C_INITSEG

?PR?MAIN?MAIN                           -----    -----
  +--> ?PR?LCD_INIT?LCD1602
  +--> ?CO?MAIN
  +--> ?PR?_LCD_SHOWSTRING?LCD1602
BL51 BANKED LINKER/LOCATER V6.22                                                      06/12/2026  15:59:56  PAGE 3


  +--> ?PR?DS18B20_CONVERTT?DS18820
  +--> ?PR?_DELAY?DELAY
  +--> ?PR?DS18B20_READT?DS18820
  +--> ?PR?_LCD_SHOWCHAR?LCD1602
  +--> ?PR?_LCD_SHOWNUM?LCD1602

?PR?LCD_INIT?LCD1602                    -----    -----
  +--> ?PR?_LCD_WRITECOMMAND?LCD1602

?PR?_LCD_WRITECOMMAND?LCD1602           -----    -----
  +--> ?PR?LCD_DELAY?LCD1602

?PR?_LCD_SHOWSTRING?LCD1602             0029H    0003H
  +--> ?PR?_LCD_SETCURSOR?LCD1602
  +--> ?PR?_LCD_WRITEDATA?LCD1602

?PR?_LCD_SETCURSOR?LCD1602              -----    -----
  +--> ?PR?_LCD_WRITECOMMAND?LCD1602

?PR?_LCD_WRITEDATA?LCD1602              -----    -----
  +--> ?PR?LCD_DELAY?LCD1602

?PR?DS18B20_CONVERTT?DS18820            -----    -----
  +--> ?PR?ONEWIRE_INIT?ONEWIRE
  +--> ?PR?_ONEWIRE_SENDBYTE?ONEWIRE

?PR?_ONEWIRE_SENDBYTE?ONEWIRE           -----    -----
  +--> ?PR?_ONEWIRE_SENDBIT?ONEWIRE

?PR?DS18B20_READT?DS18820               0029H    0002H
  +--> ?PR?ONEWIRE_INIT?ONEWIRE
  +--> ?PR?_ONEWIRE_SENDBYTE?ONEWIRE
  +--> ?PR?ONEWIRE_RECEIVEBYTE?ONEWIRE
  +--> ?PR?_LCD_SHOWBINNUM?LCD1602

?PR?ONEWIRE_RECEIVEBYTE?ONEWIRE         -----    -----
  +--> ?PR?ONEWIRE_RECEIVEBIT?ONEWIRE

?PR?_LCD_SHOWBINNUM?LCD1602             002BH    0005H
  +--> ?PR?_LCD_SETCURSOR?LCD1602
  +--> ?PR?_LCD_POW?LCD1602
  +--> ?PR?_LCD_WRITEDATA?LCD1602

?PR?_LCD_POW?LCD1602                    0030H    0004H

?PR?_LCD_SHOWCHAR?LCD1602               -----    -----
  +--> ?PR?_LCD_SETCURSOR?LCD1602
  +--> ?PR?_LCD_WRITEDATA?LCD1602

?PR?_LCD_SHOWNUM?LCD1602                0029H    0005H
  +--> ?PR?_LCD_SETCURSOR?LCD1602
  +--> ?PR?_LCD_POW?LCD1602
  +--> ?PR?_LCD_WRITEDATA?LCD1602



SYMBOL TABLE OF MODULE:  .\Objects\Project (MAIN)
BL51 BANKED LINKER/LOCATER V6.22                                                      06/12/2026  15:59:56  PAGE 4



  VALUE           TYPE          NAME
  ----------------------------------

  -------         MODULE        MAIN
  C:0000H         SYMBOL        _ICE_DUMMY_
  D:001EH         PUBLIC        Ack
  D:001FH         PUBLIC        Temp
  C:0C89H         PUBLIC        main
  D:0023H         PUBLIC        fracPart
  D:0027H         PUBLIC        intPart
  -------         PROC          MAIN
  C:0C89H         LINE#         11
  C:0C89H         LINE#         12
  C:0C8CH         LINE#         13
  C:0C99H         LINE#         17
  C:0C99H         LINE#         19
  C:0C9CH         LINE#         22
  C:0CA3H         LINE#         25
  C:0CAEH         LINE#         28
  C:0CC0H         LINE#         29
  C:0CC9H         LINE#         30
  C:0CDCH         LINE#         31
  C:0CDEH         LINE#         32
  C:0CDEH         LINE#         33
  C:0CE7H         LINE#         34
  C:0CE7H         LINE#         37
  C:0CF6H         LINE#         38
  C:0D27H         LINE#         41
  C:0D35H         LINE#         44
  C:0D3EH         LINE#         47
  C:0D4CH         LINE#         49
  C:0D53H         LINE#         50
  -------         ENDPROC       MAIN
  -------         ENDMOD        MAIN

  -------         MODULE        DELAY
  C:0000H         SYMBOL        _ICE_DUMMY_
  C:1183H         PUBLIC        _Delay
  -------         PROC          _DELAY
  D:0006H         SYMBOL        xms
  -------         DO            
  D:0005H         SYMBOL        i
  D:0004H         SYMBOL        j
  -------         ENDDO         
  C:1183H         LINE#         4
  C:1183H         LINE#         6
  C:118DH         LINE#         7
  C:118FH         LINE#         8
  C:1191H         LINE#         9
  C:1191H         LINE#         10
  C:1193H         LINE#         11
  C:1195H         LINE#         12
  C:1197H         LINE#         13
  -------         ENDPROC       _DELAY
  -------         ENDMOD        DELAY

BL51 BANKED LINKER/LOCATER V6.22                                                      06/12/2026  15:59:56  PAGE 5


  -------         MODULE        KEY
  C:0000H         SYMBOL        _ICE_DUMMY_
  D:0042H         PUBLIC        Key_Key_Number
  B:00B0H.0       PUBLIC        P3_0
  B:00B0H.1       PUBLIC        P3_1
  B:00B0H.2       PUBLIC        P3_2
  B:00B0H.3       PUBLIC        P3_3
  C:0E91H         PUBLIC        Key_Loop
  C:123CH         PUBLIC        Key
  C:0FAAH         PUBLIC        Key_GetState
  -------         PROC          KEY
  -------         DO            
  D:0007H         SYMBOL        temp
  -------         ENDDO         
  C:123CH         LINE#         7
  C:123CH         LINE#         8
  C:123EH         LINE#         9
  C:1241H         LINE#         10
  C:1241H         LINE#         11
  -------         ENDPROC       KEY
  -------         PROC          KEY_GETSTATE
  -------         DO            
  D:0007H         SYMBOL        KeyNumber
  -------         ENDDO         
  C:0FAAH         LINE#         32
  C:0FAAH         LINE#         33
  C:0FAAH         LINE#         34
  C:0FACH         LINE#         36
  C:0FB7H         LINE#         37
  C:0FC3H         LINE#         38
  C:0FCFH         LINE#         39
  C:0FDBH         LINE#         41
  C:0FDBH         LINE#         42
  -------         ENDPROC       KEY_GETSTATE
  -------         PROC          KEY_LOOP
  -------         DO            
  D:0040H         SYMBOL        NowState
  D:0041H         SYMBOL        LastState
  -------         ENDDO         
  C:0E91H         LINE#         69
  C:0E91H         LINE#         71
  C:0E94H         LINE#         72
  C:0E99H         LINE#         80
  C:0EA2H         LINE#         81
  C:0EA5H         LINE#         82
  C:0EA5H         LINE#         83
  C:0EAEH         LINE#         84
  C:0EB1H         LINE#         85
  C:0EB1H         LINE#         86
  C:0EBAH         LINE#         87
  C:0EBDH         LINE#         88
  C:0EBDH         LINE#         89
  C:0EC6H         LINE#         90
  C:0EC9H         LINE#         91
  C:0EC9H         LINE#         93
  C:0ECBH         LINE#         94
  -------         ENDPROC       KEY_LOOP
BL51 BANKED LINKER/LOCATER V6.22                                                      06/12/2026  15:59:56  PAGE 6


  -------         ENDMOD        KEY

  -------         MODULE        LCD1602
  C:0000H         SYMBOL        _ICE_DUMMY_
  D:0080H         PUBLIC        P0
  D:00A0H         PUBLIC        P2
  C:1205H         PUBLIC        _LCD_WriteCommand
  C:10BBH         PUBLIC        _LCD_ShowNum
  C:0F3FH         PUBLIC        _LCD_ShowBinNum
  C:11C7H         PUBLIC        LCD_Delay
  C:0F06H         PUBLIC        _LCD_ShowHexNum
  C:10B1H         PUBLIC        _LCD_WriteData
  B:00A0H.7       PUBLIC        LCD_EN
  C:11ADH         PUBLIC        LCD_Init
  C:1037H         PUBLIC        _LCD_ShowString
  C:120FH         PUBLIC        _LCD_ShowChar
  B:00A0H.6       PUBLIC        LCD_RS
  B:00A0H.5       PUBLIC        LCD_RW
  C:1157H         PUBLIC        _LCD_SetCursor
  C:0ECCH         PUBLIC        _LCD_ShowSignedNum
  C:0F83H         PUBLIC        _LCD_Pow
  -------         PROC          L?0048
  -------         ENDPROC       L?0048
  -------         PROC          LCD_DELAY
  -------         DO            
  D:0007H         SYMBOL        i
  D:0006H         SYMBOL        j
  -------         ENDDO         
  C:11C7H         LINE#         15
  C:11C7H         LINE#         16
  C:11C7H         LINE#         19
  C:11C9H         LINE#         20
  C:11CBH         LINE#         22
  C:11CBH         LINE#         23
  C:11CDH         LINE#         24
  C:11CFH         LINE#         25
  -------         ENDPROC       LCD_DELAY
  -------         PROC          _LCD_WRITECOMMAND
  D:0007H         SYMBOL        Command
  C:1205H         LINE#         32
  C:1205H         LINE#         33
  C:1205H         LINE#         34
  C:1207H         LINE#         35
  C:1207H         LINE#         36
  C:1207H         LINE#         37
  C:1207H         LINE#         38
  C:120AH         LINE#         39
  C:120CH         LINE#         40
  -------         ENDPROC       _LCD_WRITECOMMAND
  -------         PROC          L?0047
  -------         ENDPROC       L?0047
  -------         PROC          _LCD_WRITEDATA
  D:0007H         SYMBOL        Data
  C:10B1H         LINE#         48
  C:10B1H         LINE#         49
  C:10B1H         LINE#         50
  C:10B3H         LINE#         51
BL51 BANKED LINKER/LOCATER V6.22                                                      06/12/2026  15:59:56  PAGE 7


  C:10B3H         LINE#         52
  C:10B3H         LINE#         53
  C:10B3H         LINE#         54
  C:10B6H         LINE#         55
  C:10B8H         LINE#         56
  -------         ENDPROC       _LCD_WRITEDATA
  -------         PROC          _LCD_SETCURSOR
  D:0006H         SYMBOL        Line
  D:0005H         SYMBOL        Column
  C:1157H         LINE#         65
  C:1159H         LINE#         66
  C:1159H         LINE#         67
  C:115CH         LINE#         68
  C:115CH         LINE#         69
  C:115EH         LINE#         70
  C:1160H         LINE#         71
  C:1163H         LINE#         72
  C:1163H         LINE#         73
  C:116CH         LINE#         74
  C:116CH         LINE#         75
  -------         ENDPROC       _LCD_SETCURSOR
  -------         PROC          LCD_INIT
  C:11ADH         LINE#         82
  C:11ADH         LINE#         83
  C:11ADH         LINE#         84
  C:11B2H         LINE#         85
  C:11B7H         LINE#         86
  C:11BCH         LINE#         87
  -------         ENDPROC       LCD_INIT
  -------         PROC          _LCD_SHOWCHAR
  D:0006H         SYMBOL        Line
  D:0005H         SYMBOL        Column
  D:0004H         SYMBOL        Char
  C:120FH         LINE#         97
  C:1211H         LINE#         98
  C:1211H         LINE#         99
  C:1214H         LINE#         100
  -------         ENDPROC       _LCD_SHOWCHAR
  -------         PROC          _LCD_SHOWSTRING
  D:0007H         SYMBOL        Line
  D:0005H         SYMBOL        Column
  D:0029H         SYMBOL        String
  -------         DO            
  D:0005H         SYMBOL        i
  -------         ENDDO         
  C:1037H         LINE#         110
  C:103DH         LINE#         111
  C:103DH         LINE#         113
  C:1040H         LINE#         114
  C:1053H         LINE#         115
  C:1053H         LINE#         116
  C:1056H         LINE#         117
  C:1059H         LINE#         118
  -------         ENDPROC       _LCD_SHOWSTRING
  C:0F79H         SYMBOL        L?0046
  -------         PROC          L?0045
  -------         ENDPROC       L?0045
BL51 BANKED LINKER/LOCATER V6.22                                                      06/12/2026  15:59:56  PAGE 8


  C:0F79H         SYMBOL        L?0046
  -------         PROC          _LCD_POW
  D:0030H         SYMBOL        X
  D:0032H         SYMBOL        Y
  -------         DO            
  D:0003H         SYMBOL        i
  D:0006H         SYMBOL        Result
  -------         ENDDO         
  C:0F83H         LINE#         123
  C:0F8BH         LINE#         124
  C:0F8BH         LINE#         126
  C:0F8FH         LINE#         127
  C:0F9FH         LINE#         128
  C:0F9FH         LINE#         129
  C:0FA6H         LINE#         130
  C:0FA9H         LINE#         131
  C:0FA9H         LINE#         132
  -------         ENDPROC       _LCD_POW
  -------         PROC          _LCD_SHOWNUM
  D:0007H         SYMBOL        Line
  D:0005H         SYMBOL        Column
  D:002BH         SYMBOL        Number
  D:002DH         SYMBOL        Length
  -------         DO            
  D:0002H         SYMBOL        i
  -------         ENDDO         
  C:10BBH         LINE#         142
  C:10BFH         LINE#         143
  C:10BFH         LINE#         145
  C:10C2H         LINE#         146
  C:10CAH         LINE#         147
  C:10CAH         LINE#         148
  C:10D4H         LINE#         149
  C:10D7H         LINE#         150
  -------         ENDPROC       _LCD_SHOWNUM
  -------         PROC          _LCD_SHOWSIGNEDNUM
  D:0007H         SYMBOL        Line
  D:0005H         SYMBOL        Column
  D:0002H         SYMBOL        Number
  D:0038H         SYMBOL        Length
  -------         DO            
  D:0002H         SYMBOL        i
  D:0039H         SYMBOL        Number1
  -------         ENDDO         
  C:0ECCH         LINE#         160
  C:0ECCH         LINE#         161
  C:0ECCH         LINE#         164
  C:0ECFH         LINE#         165
  C:0ED7H         LINE#         166
  C:0ED7H         LINE#         167
  C:0EDCH         LINE#         168
  C:0EE0H         LINE#         169
  C:0EE2H         LINE#         171
  C:0EE2H         LINE#         172
  C:0EE7H         LINE#         173
  C:0EF0H         LINE#         174
  C:0EF0H         LINE#         175
BL51 BANKED LINKER/LOCATER V6.22                                                      06/12/2026  15:59:56  PAGE 9


  C:0EF8H         LINE#         176
  C:0EF8H         LINE#         177
  C:0F02H         LINE#         178
  C:0F05H         LINE#         179
  -------         ENDPROC       _LCD_SHOWSIGNEDNUM
  -------         PROC          _LCD_SHOWHEXNUM
  D:0007H         SYMBOL        Line
  D:0005H         SYMBOL        Column
  D:003DH         SYMBOL        Number
  D:003FH         SYMBOL        Length
  -------         DO            
  D:0002H         SYMBOL        i
  D:0006H         SYMBOL        SingleNumber
  -------         ENDDO         
  C:0F06H         LINE#         189
  C:0F0AH         LINE#         190
  C:0F0AH         LINE#         192
  C:0F0DH         LINE#         193
  C:0F15H         LINE#         194
  C:0F15H         LINE#         195
  C:0F2BH         LINE#         196
  C:0F31H         LINE#         197
  C:0F31H         LINE#         198
  C:0F33H         LINE#         199
  C:0F35H         LINE#         201
  C:0F35H         LINE#         202
  C:0F3BH         LINE#         203
  C:0F3BH         LINE#         204
  C:0F3EH         LINE#         205
  -------         ENDPROC       _LCD_SHOWHEXNUM
  -------         PROC          _LCD_SHOWBINNUM
  D:0007H         SYMBOL        Line
  D:0005H         SYMBOL        Column
  D:002DH         SYMBOL        Number
  D:002FH         SYMBOL        Length
  -------         DO            
  D:0002H         SYMBOL        i
  -------         ENDDO         
  C:0F3FH         LINE#         215
  C:0F43H         LINE#         216
  C:0F43H         LINE#         218
  C:0F46H         LINE#         219
  C:0F4EH         LINE#         220
  C:0F4EH         LINE#         221
  C:0F73H         LINE#         222
  C:0F76H         LINE#         223
  -------         ENDPROC       _LCD_SHOWBINNUM
  -------         ENDMOD        LCD1602

  -------         MODULE        I2C
  C:0000H         SYMBOL        _ICE_DUMMY_
  B:00A0H.1       PUBLIC        I2C_SCL
  D:00A0H         PUBLIC        P2
  C:1223H         PUBLIC        I2C_Start
  C:1219H         PUBLIC        _I2C_SendAck
  C:100CH         PUBLIC        _I2C_SendByte
  C:1235H         PUBLIC        I2C_Stop
BL51 BANKED LINKER/LOCATER V6.22                                                      06/12/2026  15:59:56  PAGE 10


  C:11F9H         PUBLIC        I2C_ReceiveAck
  B:00A0H.0       PUBLIC        I2C_SDA
  C:1127H         PUBLIC        I2C_ReceiveByte
  -------         PROC          I2C_START
  C:1223H         LINE#         12
  C:1223H         LINE#         14
  C:1225H         LINE#         15
  C:1227H         LINE#         17
  C:1229H         LINE#         18
  C:122BH         LINE#         20
  -------         ENDPROC       I2C_START
  -------         PROC          I2C_STOP
  C:1235H         LINE#         27
  C:1235H         LINE#         29
  C:1237H         LINE#         32
  C:1239H         LINE#         33
  C:123BH         LINE#         35
  -------         ENDPROC       I2C_STOP
  -------         PROC          _I2C_SENDBYTE
  D:0005H         SYMBOL        Byte
  -------         DO            
  D:0004H         SYMBOL        i
  -------         ENDDO         
  C:100CH         LINE#         43
  C:100EH         LINE#         46
  C:1010H         LINE#         47
  C:102EH         LINE#         50
  C:1030H         LINE#         51
  C:1032H         LINE#         52
  C:1036H         LINE#         53
  -------         ENDPROC       _I2C_SENDBYTE
  -------         PROC          I2C_RECEIVEBYTE
  -------         DO            
  D:0006H         SYMBOL        i
  D:0007H         SYMBOL        Byte
  -------         ENDDO         
  C:1127H         LINE#         61
  C:1127H         LINE#         62
  C:1127H         LINE#         64
  C:1129H         LINE#         67
  C:112BH         LINE#         69
  C:112CH         LINE#         70
  C:1130H         LINE#         72
  C:1132H         LINE#         74
  C:1138H         LINE#         75
  C:113AH         LINE#         76
  C:113EH         LINE#         79
  C:113EH         LINE#         80
  -------         ENDPROC       I2C_RECEIVEBYTE
  -------         PROC          _I2C_SENDACK
  D:0007H         SYMBOL        AckBit
  C:1219H         LINE#         89
  C:1219H         LINE#         90
  C:121EH         LINE#         91
  C:1220H         LINE#         92
  C:1222H         LINE#         93
  -------         ENDPROC       _I2C_SENDACK
BL51 BANKED LINKER/LOCATER V6.22                                                      06/12/2026  15:59:56  PAGE 11


  -------         PROC          I2C_RECEIVEACK
  -------         DO            
  D:0007H         SYMBOL        AckBit
  -------         ENDDO         
  C:11F9H         LINE#         110
  C:11F9H         LINE#         112
  C:11FBH         LINE#         113
  C:11FDH         LINE#         114
  C:1202H         LINE#         115
  C:1204H         LINE#         116
  C:1204H         LINE#         117
  -------         ENDPROC       I2C_RECEIVEACK
  -------         ENDMOD        I2C

  -------         MODULE        AT24C02
  C:0000H         SYMBOL        _ICE_DUMMY_
  C:0FDCH         PUBLIC        _AT24C02_ReadByte
  C:105AH         PUBLIC        _AT24C02_WriteByte
  -------         PROC          _AT24C02_WRITEBYTE
  D:0046H         SYMBOL        WordAddress
  D:0047H         SYMBOL        Data
  C:105AH         LINE#         16
  C:105EH         LINE#         17
  C:1061H         LINE#         18
  C:1066H         LINE#         19
  C:1069H         LINE#         20
  C:106EH         LINE#         22
  C:1071H         LINE#         23
  C:1076H         LINE#         25
  C:1079H         LINE#         26
  -------         ENDPROC       _AT24C02_WRITEBYTE
  -------         PROC          _AT24C02_READBYTE
  D:0048H         SYMBOL        WordAddress
  -------         DO            
  D:0049H         SYMBOL        Data
  -------         ENDDO         
  C:0FDCH         LINE#         36
  C:0FDEH         LINE#         38
  C:0FE1H         LINE#         39
  C:0FE6H         LINE#         40
  C:0FE9H         LINE#         41
  C:0FEEH         LINE#         42
  C:0FF1H         LINE#         44
  C:0FF4H         LINE#         46
  C:0FF9H         LINE#         47
  C:0FFCH         LINE#         49
  C:1001H         LINE#         50
  C:1006H         LINE#         51
  C:1009H         LINE#         53
  C:100BH         LINE#         54
  -------         ENDPROC       _AT24C02_READBYTE
  -------         ENDMOD        AT24C02

  -------         MODULE        TIMER0
  C:0000H         SYMBOL        _ICE_DUMMY_
  B:00A8H.7       PUBLIC        EA
  D:0089H         PUBLIC        TMOD
BL51 BANKED LINKER/LOCATER V6.22                                                      06/12/2026  15:59:56  PAGE 12


  B:00A8H.1       PUBLIC        ET0
  B:0088H.5       PUBLIC        TF0
  C:1198H         PUBLIC        Timer0Init
  D:008CH         PUBLIC        TH0
  D:008AH         PUBLIC        TL0
  B:0088H.4       PUBLIC        TR0
  -------         PROC          TIMER0INIT
  C:1198H         LINE#         3
  C:1198H         LINE#         4
  C:1198H         LINE#         5
  C:119BH         LINE#         6
  C:119EH         LINE#         7
  C:11A1H         LINE#         8
  C:11A4H         LINE#         10
  C:11A6H         LINE#         11
  C:11A8H         LINE#         13
  C:11AAH         LINE#         14
  C:11ACH         LINE#         15
  -------         ENDPROC       TIMER0INIT
  -------         ENDMOD        TIMER0

  -------         MODULE        NIXIE
  C:0000H         SYMBOL        _ICE_DUMMY_
  D:0009H         PUBLIC        Nixie_Buf
  C:0DE2H         PUBLIC        _Nixie
  D:0080H         PUBLIC        P0
  B:00A0H.2       PUBLIC        P2_2
  B:00A0H.3       PUBLIC        P2_3
  B:00A0H.4       PUBLIC        P2_4
  C:122CH         PUBLIC        _Nixie_Scan
  D:0012H         PUBLIC        NixieTable
  C:10F5H         PUBLIC        Nixie_Loop
  -------         PROC          _NIXIE_SCAN
  D:0007H         SYMBOL        Location
  D:0004H         SYMBOL        Number
  C:122CH         LINE#         14
  C:122CH         LINE#         15
  C:122CH         LINE#         16
  C:1234H         LINE#         17
  -------         ENDPROC       _NIXIE_SCAN
  -------         PROC          _NIXIE
  D:0007H         SYMBOL        Location
  D:0005H         SYMBOL        Number
  C:0DE2H         LINE#         19
  C:0DE2H         LINE#         20
  C:0E0FH         LINE#         22
  C:0E13H         LINE#         23
  C:0E17H         LINE#         24
  C:0E1BH         LINE#         25
  C:0E1FH         LINE#         26
  C:0E27H         LINE#         27
  C:0E2FH         LINE#         28
  C:0E37H         LINE#         29
  C:0E3DH         LINE#         30
  C:0E3DH         LINE#         31
  C:0E44H         LINE#         35
  -------         ENDPROC       _NIXIE
BL51 BANKED LINKER/LOCATER V6.22                                                      06/12/2026  15:59:56  PAGE 13


  -------         PROC          NIXIE_LOOP
  -------         DO            
  D:0008H         SYMBOL        i
  -------         ENDDO         
  C:10F5H         LINE#         41
  C:10F5H         LINE#         45
  C:1101H         LINE#         46
  C:1103H         LINE#         47
  C:110DH         LINE#         49
  -------         ENDPROC       NIXIE_LOOP
  -------         ENDMOD        NIXIE

  -------         MODULE        DS18820
  C:0000H         SYMBOL        _ICE_DUMMY_
  C:11ECH         PUBLIC        DS18B20_ConvertT
  C:0E45H         PUBLIC        DS18B20_ReadT
  -------         PROC          DS18B20_CONVERTT
  C:11ECH         LINE#         14
  C:11ECH         LINE#         15
  C:11EFH         LINE#         16
  C:11F4H         LINE#         17
  -------         ENDPROC       DS18B20_CONVERTT
  -------         PROC          DS18B20_READT
  -------         DO            
  D:0029H         SYMBOL        TLSB
  D:002AH         SYMBOL        TMSB
  D:0006H         SYMBOL        Temp
  D:0004H         SYMBOL        T
  -------         ENDDO         
  C:0E45H         LINE#         25
  C:0E45H         LINE#         29
  C:0E48H         LINE#         30
  C:0E4DH         LINE#         31
  C:0E52H         LINE#         33
  C:0E57H         LINE#         34
  C:0E5CH         LINE#         36
  C:0E6AH         LINE#         37
  C:0E79H         LINE#         39
  C:0E7FH         LINE#         40
  C:0E90H         LINE#         42
  C:0E90H         LINE#         43
  -------         ENDPROC       DS18B20_READT
  -------         ENDMOD        DS18820

  -------         MODULE        ONEWIRE
  C:0000H         SYMBOL        _ICE_DUMMY_
  D:00B0H         PUBLIC        P3
  C:113FH         PUBLIC        OneWire_ReceiveBit
  D:0043H         PUBLIC        AckBit
  B:00B0H.7       PUBLIC        OneWire_DQ
  C:107CH         PUBLIC        OneWire_Init
  C:110EH         PUBLIC        _OneWire_SendByte
  C:116DH         PUBLIC        _OneWire_SendBit
  D:0044H         PUBLIC        i
  D:0045H         PUBLIC        j
  C:10D8H         PUBLIC        OneWire_ReceiveByte
  -------         PROC          ONEWIRE_INIT
BL51 BANKED LINKER/LOCATER V6.22                                                      06/12/2026  15:59:56  PAGE 14


  C:107CH         LINE#         8
  C:107CH         LINE#         12
  C:107EH         LINE#         13
  C:1080H         LINE#         14
  C:1086H         LINE#         15
  C:1088H         LINE#         16
  C:108EH         LINE#         17
  C:1094H         LINE#         18
  C:109AH         LINE#         19
  C:109CH         LINE#         20
  -------         ENDPROC       ONEWIRE_INIT
  -------         PROC          _ONEWIRE_SENDBIT
  D:0007H         SYMBOL        Bit
  C:116DH         LINE#         22
  C:116DH         LINE#         23
  C:116FH         LINE#         24
  C:1175H         LINE#         25
  C:117AH         LINE#         26
  C:1180H         LINE#         27
  C:1182H         LINE#         28
  -------         ENDPROC       _ONEWIRE_SENDBIT
  -------         PROC          ONEWIRE_RECEIVEBIT
  -------         DO            
  D:0007H         SYMBOL        i
  D:0006H         SYMBOL        Bit
  -------         ENDDO         
  C:113FH         LINE#         30
  C:113FH         LINE#         34
  C:1141H         LINE#         35
  C:1145H         LINE#         36
  C:1147H         LINE#         37
  C:114BH         LINE#         38
  C:1150H         LINE#         39
  C:1154H         LINE#         40
  C:1156H         LINE#         41
  -------         ENDPROC       ONEWIRE_RECEIVEBIT
  -------         PROC          _ONEWIRE_SENDBYTE
  D:0006H         SYMBOL        Byte
  -------         DO            
  D:0005H         SYMBOL        i
  -------         ENDDO         
  C:110EH         LINE#         44
  C:1110H         LINE#         46
  C:1112H         LINE#         47
  C:1122H         LINE#         48
  C:1126H         LINE#         49
  -------         ENDPROC       _ONEWIRE_SENDBYTE
  -------         PROC          ONEWIRE_RECEIVEBYTE
  -------         DO            
  D:0004H         SYMBOL        i
  D:0005H         SYMBOL        Byte
  -------         ENDDO         
  C:10D8H         LINE#         52
  C:10D8H         LINE#         54
  C:10DAH         LINE#         55
  C:10DBH         LINE#         56
  C:10E1H         LINE#         57
BL51 BANKED LINKER/LOCATER V6.22                                                      06/12/2026  15:59:56  PAGE 15


  C:10EEH         LINE#         58
  C:10EEH         LINE#         59
  C:10F2H         LINE#         61
  C:10F4H         LINE#         62
  -------         ENDPROC       ONEWIRE_RECEIVEBYTE
  -------         ENDMOD        ONEWIRE

  -------         MODULE        ?C?FPADD
  C:0807H         PUBLIC        ?C?FPADD
  C:0803H         PUBLIC        ?C?FPSUB
  -------         ENDMOD        ?C?FPADD

  -------         MODULE        ?C?FPMUL
  C:08F8H         PUBLIC        ?C?FPMUL
  -------         ENDMOD        ?C?FPMUL

  -------         MODULE        ?C?FPDIV
  C:0A01H         PUBLIC        ?C?FPDIV
  -------         ENDMOD        ?C?FPDIV

  -------         MODULE        ?C?FPCMP
  C:0AA0H         PUBLIC        ?C?FPCMP
  C:0A9EH         PUBLIC        ?C?FPCMP3
  -------         ENDMOD        ?C?FPCMP

  -------         MODULE        ?C?FPNEG
  C:0B17H         PUBLIC        ?C?FPNEG
  -------         ENDMOD        ?C?FPNEG

  -------         MODULE        ?C?FCAST
  C:0B32H         PUBLIC        ?C?FCASTC
  C:0B2DH         PUBLIC        ?C?FCASTI
  C:0B28H         PUBLIC        ?C?FCASTL
  -------         ENDMOD        ?C?FCAST

  -------         MODULE        ?C?CASTF
  C:0B66H         PUBLIC        ?C?CASTF
  -------         ENDMOD        ?C?CASTF

  -------         MODULE        ?C?CLDOPTR
  C:0BE7H         PUBLIC        ?C?CLDOPTR
  -------         ENDMOD        ?C?CLDOPTR

  -------         MODULE        ?C?IMUL
  C:0C14H         PUBLIC        ?C?IMUL
  -------         ENDMOD        ?C?IMUL

  -------         MODULE        ?C?UIDIV
  C:0C26H         PUBLIC        ?C?UIDIV
  -------         ENDMOD        ?C?UIDIV

  -------         MODULE        ?C?LNEG
  C:0C7BH         PUBLIC        ?C?LNEG
  -------         ENDMOD        ?C?LNEG

******************************************************************************
* RESTRICTED VERSION WITH 0800H BYTE CODE SIZE LIMIT; USED: 052CH BYTE (64%) *
BL51 BANKED LINKER/LOCATER V6.22                                                      06/12/2026  15:59:56  PAGE 16


******************************************************************************

Program Size: data=75.0 xdata=0 code=2629
LINK/LOCATE RUN COMPLETE.  0 WARNING(S),  0 ERROR(S)
