BL51 BANKED LINKER/LOCATER V6.22                                                        05/29/2026  23:53:44  PAGE 1


BL51 BANKED LINKER/LOCATER V6.22, INVOKED BY:
D:\KEIL_V5\C51\BIN\BL51.EXE .\Objects\main.obj TO .\Objects\Project PRINT (.\Listings\Project.m51)


MEMORY MODEL: SMALL


INPUT MODULES INCLUDED:
  .\Objects\main.obj (MAIN)
  D:\KEIL_V5\C51\LIB\C51S.LIB (?C_STARTUP)


LINK MAP OF MODULE:  .\Objects\Project (MAIN)


            TYPE    BASE      LENGTH    RELOCATION   SEGMENT NAME
            -----------------------------------------------------

            * * * * * * *   D A T A   M E M O R Y   * * * * * * *
            REG     0000H     0008H     ABSOLUTE     "REG BANK 0"
            IDATA   0008H     0001H     UNIT         ?STACK

            * * * * * * *   C O D E   M E M O R Y   * * * * * * *
            CODE    0000H     0003H     ABSOLUTE     
                    0003H     07FDH                  *** GAP ***
            CODE    0800H     000CH     UNIT         ?C_C51STARTUP
            CODE    080CH     000BH     UNIT         ?PR?_DELAY?MAIN
            CODE    0817H     0005H     UNIT         ?PR?MAIN?MAIN



OVERLAY MAP OF MODULE:   .\Objects\Project (MAIN)


SEGMENT
  +--> CALLED SEGMENT
---------------------
?C_C51STARTUP
  +--> ?PR?MAIN?MAIN



SYMBOL TABLE OF MODULE:  .\Objects\Project (MAIN)

  VALUE           TYPE          NAME
  ----------------------------------

  -------         MODULE        MAIN
  C:0000H         SYMBOL        _ICE_DUMMY_
  D:00A0H         PUBLIC        P2
  C:0817H         PUBLIC        main
  C:080CH         PUBLIC        _Delay
  -------         PROC          _DELAY
  D:0006H         SYMBOL        time
  C:080CH         LINE#         3
  C:080CH         LINE#         4
  C:0816H         LINE#         6
  -------         ENDPROC       _DELAY
BL51 BANKED LINKER/LOCATER V6.22                                                      05/29/2026  23:53:44  PAGE 2


  -------         PROC          MAIN
  C:0817H         LINE#         8
  C:0817H         LINE#         12
  C:081AH         LINE#         14
  C:081AH         LINE#         15
  -------         ENDPROC       MAIN
  -------         ENDMOD        MAIN

*** WARNING L16: UNCALLED SEGMENT, IGNORED FOR OVERLAY PROCESS
    SEGMENT: ?PR?_DELAY?MAIN

******************************************************************************
* RESTRICTED VERSION WITH 0800H BYTE CODE SIZE LIMIT; USED: 0010H BYTE ( 0%) *
******************************************************************************

Program Size: data=9.0 xdata=0 code=31
LINK/LOCATE RUN COMPLETE.  1 WARNING(S),  0 ERROR(S)
